Component: ARM Compiler 5.06 update 6 (build 750) Tool: armlink [4d35ed]

==============================================================================

Section Cross References

    startup_stm32f103xe.o(RESET) refers to startup_stm32f103xe.o(STACK) for __initial_sp
    startup_stm32f103xe.o(RESET) refers to startup_stm32f103xe.o(.text) for Reset_Handler
    startup_stm32f103xe.o(RESET) refers to stm32f1xx_it.o(i.NMI_Handler) for NMI_Handler
    startup_stm32f103xe.o(RESET) refers to stm32f1xx_it.o(i.HardFault_Handler) for HardFault_Handler
    startup_stm32f103xe.o(RESET) refers to stm32f1xx_it.o(i.MemManage_Handler) for MemManage_Handler
    startup_stm32f103xe.o(RESET) refers to stm32f1xx_it.o(i.BusFault_Handler) for BusFault_Handler
    startup_stm32f103xe.o(RESET) refers to stm32f1xx_it.o(i.UsageFault_Handler) for UsageFault_Handler
    startup_stm32f103xe.o(RESET) refers to port.o(.emb_text) for SVC_Handler
    startup_stm32f103xe.o(RESET) refers to stm32f1xx_it.o(i.DebugMon_Handler) for DebugMon_Handler
    startup_stm32f103xe.o(RESET) refers to port.o(i.SysTick_Handler) for SysTick_Handler
    startup_stm32f103xe.o(RESET) refers to stm32f1xx_it.o(i.DMA1_Channel2_IRQHandler) for DMA1_Channel2_IRQHandler
    startup_stm32f103xe.o(RESET) refers to stm32f1xx_it.o(i.DMA1_Channel3_IRQHandler) for DMA1_Channel3_IRQHandler
    startup_stm32f103xe.o(RESET) refers to stm32f1xx_it.o(i.DMA1_Channel4_IRQHandler) for DMA1_Channel4_IRQHandler
    startup_stm32f103xe.o(RESET) refers to stm32f1xx_it.o(i.DMA1_Channel5_IRQHandler) for DMA1_Channel5_IRQHandler
    startup_stm32f103xe.o(RESET) refers to stm32f1xx_it.o(i.DMA1_Channel6_IRQHandler) for DMA1_Channel6_IRQHandler
    startup_stm32f103xe.o(RESET) refers to stm32f1xx_it.o(i.DMA1_Channel7_IRQHandler) for DMA1_Channel7_IRQHandler
    startup_stm32f103xe.o(RESET) refers to stm32f1xx_it.o(i.TIM1_CC_IRQHandler) for TIM1_CC_IRQHandler
    startup_stm32f103xe.o(RESET) refers to stm32f1xx_it.o(i.TIM3_IRQHandler) for TIM3_IRQHandler
    startup_stm32f103xe.o(RESET) refers to stm32f1xx_it.o(i.TIM4_IRQHandler) for TIM4_IRQHandler
    startup_stm32f103xe.o(RESET) refers to stm32f1xx_it.o(i.USART1_IRQHandler) for USART1_IRQHandler
    startup_stm32f103xe.o(RESET) refers to stm32f1xx_it.o(i.USART2_IRQHandler) for USART2_IRQHandler
    startup_stm32f103xe.o(RESET) refers to stm32f1xx_it.o(i.USART3_IRQHandler) for USART3_IRQHandler
    startup_stm32f103xe.o(RESET) refers to stm32f1xx_it.o(i.TIM8_CC_IRQHandler) for TIM8_CC_IRQHandler
    startup_stm32f103xe.o(RESET) refers to stm32f1xx_it.o(i.TIM6_IRQHandler) for TIM6_IRQHandler
    startup_stm32f103xe.o(.text) refers to system_stm32f1xx.o(i.SystemInit) for SystemInit
    startup_stm32f103xe.o(.text) refers to entry.o(.ARM.Collect$$$$00000000) for __main
    drive_task.o(i.Drive_Task) refers to cmsis_os.o(i.osDelay) for osDelay
    drive_task.o(i.Drive_Task) refers to remote_receive_task.o(i.GetRemoteCmd) for GetRemoteCmd
    drive_task.o(i.Drive_Task) refers to fflti.o(.text) for __aeabi_i2f
    drive_task.o(i.Drive_Task) refers to fmul.o(.text) for __aeabi_fmul
    drive_task.o(i.Drive_Task) refers to ffixi.o(.text) for __aeabi_f2iz
    drive_task.o(i.Drive_Task) refers to motor_con.o(i.MotorSetOut) for MotorSetOut
    drive_task.o(i.Drive_Task) refers to drive_task.o(.data) for .data
    drive_task.o(i.Drive_Task) refers to motor_con.o(.bss) for motorCon
    encoder_task.o(i.Encoder_Task) refers to motor_con.o(i.EncoderDateCalc) for EncoderDateCalc
    encoder_task.o(i.Encoder_Task) refers to cmsis_os.o(i.osDelay) for osDelay
    remote_receive_task.o(i.GetRemoteCmd) refers to remote_receive_task.o(.data) for .data
    remote_receive_task.o(i.Remote_Receive_Task) refers to cmsis_os.o(i.osDelay) for osDelay
    remote_receive_task.o(i.Remote_Receive_Task) refers to stm32f1xx_hal_gpio.o(i.HAL_GPIO_ReadPin) for HAL_GPIO_ReadPin
    remote_receive_task.o(i.Remote_Receive_Task) refers to remote_receive_task.o(.bss) for .bss
    remote_receive_task.o(i.Remote_Receive_Task) refers to remote_receive_task.o(.data) for .data
    bsp_uart.o(i.Get_Yaw_Angle) refers to bsp_uart.o(.bss) for .bss
    bsp_uart.o(i.JY61_Set_Yaw_Zero) refers to stm32f1xx_hal_uart.o(i.HAL_UART_Transmit_DMA) for HAL_UART_Transmit_DMA
    bsp_uart.o(i.JY61_Set_Yaw_Zero) refers to bsp_uart.o(.data) for .data
    bsp_uart.o(i.JY61_Set_Yaw_Zero) refers to usart.o(.bss) for huart2
    bsp_uart.o(i.JY61_Uart_Callback_Handle) refers to dflti.o(.text) for __aeabi_i2d
    bsp_uart.o(i.JY61_Uart_Callback_Handle) refers to dscalb.o(.text) for __ARM_scalbn
    bsp_uart.o(i.JY61_Uart_Callback_Handle) refers to dmul.o(.text) for __aeabi_dmul
    bsp_uart.o(i.JY61_Uart_Callback_Handle) refers to bsp_uart.o(.bss) for .bss
    bsp_uart.o(i.Sys_Uart_Init) refers to stm32f1xx_hal_uart.o(i.HAL_UART_Receive_DMA) for HAL_UART_Receive_DMA
    bsp_uart.o(i.Sys_Uart_Init) refers to bsp_uart.o(i.JY61_Set_Yaw_Zero) for JY61_Set_Yaw_Zero
[...]
    i.TIM_TI2_ConfigInputStage               0x08003e94   Section        0  stm32f1xx_hal_tim.o(i.TIM_TI2_ConfigInputStage)
    TIM_TI2_ConfigInputStage                 0x08003e95   Thumb Code    36  stm32f1xx_hal_tim.o(i.TIM_TI2_ConfigInputStage)
    i.TIM_TI2_SetConfig                      0x08003eb8   Section        0  stm32f1xx_hal_tim.o(i.TIM_TI2_SetConfig)
    TIM_TI2_SetConfig                        0x08003eb9   Thumb Code    54  stm32f1xx_hal_tim.o(i.TIM_TI2_SetConfig)
    i.TIM_TI3_SetConfig                      0x08003eee   Section        0  stm32f1xx_hal_tim.o(i.TIM_TI3_SetConfig)
    TIM_TI3_SetConfig                        0x08003eef   Thumb Code    50  stm32f1xx_hal_tim.o(i.TIM_TI3_SetConfig)
    i.TIM_TI4_SetConfig                      0x08003f20   Section        0  stm32f1xx_hal_tim.o(i.TIM_TI4_SetConfig)
    TIM_TI4_SetConfig                        0x08003f21   Thumb Code    56  stm32f1xx_hal_tim.o(i.TIM_TI4_SetConfig)
    i.Transmit_Chassis_Msg                   0x08003f58   Section        0  bsp_uart.o(i.Transmit_Chassis_Msg)
    i.Transmit_Gps_Msg                       0x08003fb0   Section        0  bsp_uart.o(i.Transmit_Gps_Msg)
    i.UART_DMAAbortOnError                   0x0800402c   Section        0  stm32f1xx_hal_uart.o(i.UART_DMAAbortOnError)
    UART_DMAAbortOnError                     0x0800402d   Thumb Code    16  stm32f1xx_hal_uart.o(i.UART_DMAAbortOnError)
    i.UART_DMAError                          0x0800403c   Section        0  stm32f1xx_hal_uart.o(i.UART_DMAError)
    UART_DMAError                            0x0800403d   Thumb Code    74  stm32f1xx_hal_uart.o(i.UART_DMAError)
    i.UART_DMAReceiveCplt                    0x08004086   Section        0  stm32f1xx_hal_uart.o(i.UART_DMAReceiveCplt)
    UART_DMAReceiveCplt                      0x08004087   Thumb Code    60  stm32f1xx_hal_uart.o(i.UART_DMAReceiveCplt)
    i.UART_DMARxHalfCplt                     0x080040c2   Section        0  stm32f1xx_hal_uart.o(i.UART_DMARxHalfCplt)
    UART_DMARxHalfCplt                       0x080040c3   Thumb Code    10  stm32f1xx_hal_uart.o(i.UART_DMARxHalfCplt)
    i.UART_DMATransmitCplt                   0x080040cc   Section        0  stm32f1xx_hal_uart.o(i.UART_DMATransmitCplt)
    UART_DMATransmitCplt                     0x080040cd   Thumb Code    46  stm32f1xx_hal_uart.o(i.UART_DMATransmitCplt)
    i.UART_DMATxHalfCplt                     0x080040fa   Section        0  stm32f1xx_hal_uart.o(i.UART_DMATxHalfCplt)
    UART_DMATxHalfCplt                       0x080040fb   Thumb Code    10  stm32f1xx_hal_uart.o(i.UART_DMATxHalfCplt)
    i.UART_EndRxTransfer                     0x08004104   Section        0  stm32f1xx_hal_uart.o(i.UART_EndRxTransfer)
    UART_EndRxTransfer                       0x08004105   Thumb Code    28  stm32f1xx_hal_uart.o(i.UART_EndRxTransfer)
    i.UART_EndTransmit_IT                    0x08004120   Section        0  stm32f1xx_hal_uart.o(i.UART_EndTransmit_IT)
    UART_EndTransmit_IT                      0x08004121   Thumb Code    26  stm32f1xx_hal_uart.o(i.UART_EndTransmit_IT)
    i.UART_EndTxTransfer                     0x0800413a   Section        0  stm32f1xx_hal_uart.o(i.UART_EndTxTransfer)
    UART_EndTxTransfer                       0x0800413b   Thumb Code    18  stm32f1xx_hal_uart.o(i.UART_EndTxTransfer)
    i.UART_Receive_IT                        0x0800414c   Section        0  stm32f1xx_hal_uart.o(i.UART_Receive_IT)
    UART_Receive_IT                          0x0800414d   Thumb Code   156  stm32f1xx_hal_uart.o(i.UART_Receive_IT)
    i.UART_SetConfig                         0x080041e8   Section        0  stm32f1xx_hal_uart.o(i.UART_SetConfig)
    UART_SetConfig                           0x080041e9   Thumb Code   272  stm32f1xx_hal_uart.o(i.UART_SetConfig)
    i.UART_Transmit_IT                       0x080042fc   Section        0  stm32f1xx_hal_uart.o(i.UART_Transmit_IT)
    UART_Transmit_IT                         0x080042fd   Thumb Code   102  stm32f1xx_hal_uart.o(i.UART_Transmit_IT)
    i.USART1_IRQHandler                      0x08004364   Section        0  stm32f1xx_it.o(i.USART1_IRQHandler)
    i.USART2_IRQHandler                      0x0800437c   Section        0  stm32f1xx_it.o(i.USART2_IRQHandler)
    i.USART3_IRQHandler                      0x08004394   Section        0  stm32f1xx_it.o(i.USART3_IRQHandler)
    i.Uart_Rx_Idle_Callback                  0x080043ac   Section        0  bsp_uart.o(i.Uart_Rx_Idle_Callback)
    i.Upper_Sys_Uart_Callback_Handle         0x0800446c   Section        0  bsp_uart.o(i.Upper_Sys_Uart_Callback_Handle)
    i.UsageFault_Handler                     0x08004472   Section        0  stm32f1xx_it.o(i.UsageFault_Handler)
    i.__ARM_fpclassify                       0x08004474   Section        0  fpclassify.o(i.__ARM_fpclassify)
    i.__NVIC_SetPriority                     0x0800449c   Section        0  stm32f1xx_hal_cortex.o(i.__NVIC_SetPriority)
    __NVIC_SetPriority                       0x0800449d   Thumb Code    32  stm32f1xx_hal_cortex.o(i.__NVIC_SetPriority)
    i.__ieee754_rem_pio2                     0x080044bc   Section        0  rred.o(i.__ieee754_rem_pio2)
    i.__kernel_cos                           0x08004844   Section        0  cos_i.o(i.__kernel_cos)
    i.__kernel_poly                          0x08004940   Section        0  poly.o(i.__kernel_poly)
    i.__kernel_sin                           0x080049ec   Section        0  sin_i.o(i.__kernel_sin)
    i.__mathlib_dbl_infnan                   0x08004ad8   Section        0  dunder.o(i.__mathlib_dbl_infnan)
    i.__mathlib_dbl_invalid                  0x08004ade   Section        0  dunder.o(i.__mathlib_dbl_invalid)
    i.__mathlib_dbl_underflow                0x08004aec   Section        0  dunder.o(i.__mathlib_dbl_underflow)
    i.__scatterload_copy                     0x08004afc   Section       14  handlers.o(i.__scatterload_copy)
    i.__scatterload_null                     0x08004b0a   Section        2  handlers.o(i.__scatterload_null)
    i.__scatterload_zeroinit                 0x08004b0c   Section       14  handlers.o(i.__scatterload_zeroinit)
    i.__set_errno                            0x08004b1c   Section        0  errno.o(i.__set_errno)
    i.cos                                    0x08004b28   Section        0  cos.o(i.cos)
    i.main                                   0x08004bc4   Section        0  main.o(i.main)
    i.makeFreeRtosPriority                   0x08004c74   Section        0  cmsis_os.o(i.makeFreeRtosPriority)
    makeFreeRtosPriority                     0x08004c75   Thumb Code    12  cmsis_os.o(i.makeFreeRtosPriority)
    i.osDelay                                0x08004c80   Section        0  cmsis_os.o(i.osDelay)
    i.osKernelStart                          0x08004c90   Section        0  cmsis_os.o(i.osKernelStart)
    i.osThreadCreate                         0x08004c9a   Section        0  cmsis_os.o(i.osThreadCreate)
    i.prvAddCurrentTaskToDelayedList         0x08004cc8   Section        0  tasks.o(i.prvAddCurrentTaskToDelayedList)
    prvAddCurrentTaskToDelayedList           0x08004cc9   Thumb Code   104  tasks.o(i.prvAddCurrentTaskToDelayedList)
    i.prvAddNewTaskToReadyList               0x08004d38   Section        0  tasks.o(i.prvAddNewTaskToReadyList)
    prvAddNewTaskToReadyList                 0x08004d39   Thumb Code   124  tasks.o(i.prvAddNewTaskToReadyList)
    i.prvCheckTasksWaitingTermination        0x08004dc0   Section        0  tasks.o(i.prvCheckTasksWaitingTermination)
    prvCheckTasksWaitingTermination          0x08004dc1   Thumb Code    52  tasks.o(i.prvCheckTasksWaitingTermination)
    i.prvDeleteTCB                           0x08004dfc   Section        0  tasks.o(i.prvDeleteTCB)
    prvDeleteTCB                             0x08004dfd   Thumb Code    20  tasks.o(i.prvDeleteTCB)
    i.prvHeapInit                            0x08004e10   Section        0  heap_4.o(i.prvHeapInit)
    prvHeapInit                              0x08004e11   Thumb Code    68  heap_4.o(i.prvHeapInit)
    i.prvIdleTask                            0x08004e5c   Section        0  tasks.o(i.prvIdleTask)
    prvIdleTask                              0x08004e5d   Thumb Code    30  tasks.o(i.prvIdleTask)
    i.prvInitialiseNewTask                   0x08004e84   Section        0  tasks.o(i.prvInitialiseNewTask)
    prvInitialiseNewTask                     0x08004e85   Thumb Code   142  tasks.o(i.prvInitialiseNewTask)
    i.prvInitialiseTaskLists                 0x08004f14   Section        0  tasks.o(i.prvInitialiseTaskLists)
    prvInitialiseTaskLists                   0x08004f15   Thumb Code    78  tasks.o(i.prvInitialiseTaskLists)
    i.prvInsertBlockIntoFreeList             0x08004f6c   Section        0  heap_4.o(i.prvInsertBlockIntoFreeList)
    prvInsertBlockIntoFreeList               0x08004f6d   Thumb Code    78  heap_4.o(i.prvInsertBlockIntoFreeList)
    i.prvResetNextTaskUnblockTime            0x08004fc0   Section        0  tasks.o(i.prvResetNextTaskUnblockTime)
    prvResetNextTaskUnblockTime              0x08004fc1   Thumb Code    30  tasks.o(i.prvResetNextTaskUnblockTime)
    i.prvTaskExitError                       0x08004fe4   Section        0  port.o(i.prvTaskExitError)
    prvTaskExitError                         0x08004fe5   Thumb Code    40  port.o(i.prvTaskExitError)
    i.pvPortMalloc                           0x08005010   Section        0  heap_4.o(i.pvPortMalloc)
    i.pxPortInitialiseStack                  0x080050e4   Section        0  port.o(i.pxPortInitialiseStack)
    i.sin                                    0x08005100   Section        0  sin.o(i.sin)
    i.uxListRemove                           0x080051a0   Section        0  list.o(i.uxListRemove)
    i.vListInitialise                        0x080051c6   Section        0  list.o(i.vListInitialise)
    i.vListInitialiseItem                    0x080051dc   Section        0  list.o(i.vListInitialiseItem)
    i.vListInsert                            0x080051e2   Section        0  list.o(i.vListInsert)
    i.vListInsertEnd                         0x08005212   Section        0  list.o(i.vListInsertEnd)
    i.vPortEnterCritical                     0x0800522c   Section        0  port.o(i.vPortEnterCritical)
    i.vPortExitCritical                      0x0800526c   Section        0  port.o(i.vPortExitCritical)
    i.vPortFree                              0x08005298   Section        0  heap_4.o(i.vPortFree)
    i.vPortSetupTimerInterrupt               0x080052f4   Section        0  port.o(i.vPortSetupTimerInterrupt)
    i.vTaskDelay                             0x08005318   Section        0  tasks.o(i.vTaskDelay)
    i.vTaskStartScheduler                    0x08005368   Section        0  tasks.o(i.vTaskStartScheduler)
    i.vTaskSuspendAll                        0x080053d0   Section        0  tasks.o(i.vTaskSuspendAll)
    i.vTaskSwitchContext                     0x080053e0   Section        0  tasks.o(i.vTaskSwitchContext)
    i.xPortStartScheduler                    0x08005440   Section        0  port.o(i.xPortStartScheduler)
    i.xTaskCreate                            0x080054e8   Section        0  tasks.o(i.xTaskCreate)
    i.xTaskIncrementTick                     0x08005548   Section        0  tasks.o(i.xTaskIncrementTick)
    i.xTaskResumeAll                         0x08005614   Section        0  tasks.o(i.xTaskResumeAll)
    .constdata                               0x080056e0   Section     1536  crc_transmit.o(.constdata)
    .constdata                               0x08005ce0   Section       36  gps.o(.constdata)
    .constdata                               0x08005d04   Section       80  freertos.o(.constdata)
    .constdata                               0x08005d54   Section       16  system_stm32f1xx.o(.constdata)
    .constdata                               0x08005d64   Section        8  system_stm32f1xx.o(.constdata)
    .constdata                               0x08005d70   Section       48  cos_i.o(.constdata)
    C                                        0x08005d70   Data          48  cos_i.o(.constdata)
    .constdata                               0x08005da0   Section      200  rred.o(.constdata)
    pio2s                                    0x08005da0   Data          48  rred.o(.constdata)
    twooverpi                                0x08005dd0   Data         152  rred.o(.constdata)
    .constdata                               0x08005e68   Section       40  sin_i.o(.constdata)
    S                                        0x08005e68   Data          40  sin_i.o(.constdata)
    .conststring                             0x08005e90   Section       56  freertos.o(.conststring)
    .data                                    0x20000000   Section       20  drive_task.o(.data)
    .data                                    0x20000014   Section        1  remote_receive_task.o(.data)
    .data                                    0x20000015   Section        1  orchard_rover_sys.o(.data)
    .data                                    0x20000016   Section        3  bsp_uart.o(.data)
    .data                                    0x2000001a   Section        4  gps.o(.data)
    .data                                    0x2000001e   Section        4  main.o(.data)
    .data                                    0x20000024   Section       16  freertos.o(.data)
    .data                                    0x20000034   Section       12  stm32f1xx_hal.o(.data)
    .data                                    0x20000040   Section        4  system_stm32f1xx.o(.data)
    .data                                    0x20000044   Section       60  tasks.o(.data)
    pxDelayedTaskList                        0x20000048   Data           4  tasks.o(.data)
    pxOverflowDelayedTaskList                0x2000004c   Data           4  tasks.o(.data)
    uxDeletedTasksWaitingCleanUp             0x20000050   Data           4  tasks.o(.data)
    uxCurrentNumberOfTasks                   0x20000054   Data           4  tasks.o(.data)
    xTickCount                               0x20000058   Data           4  tasks.o(.data)
    uxTopReadyPriority                       0x2000005c   Data           4  tasks.o(.data)
    xSchedulerRunning                        0x20000060   Data           4  tasks.o(.data)
    uxPendedTicks                            0x20000064   Data           4  tasks.o(.data)
    xYieldPending                            0x20000068   Data           4  tasks.o(.data)
    xNumOfOverflows                          0x2000006c   Data           4  tasks.o(.data)
    uxTaskNumber                             0x20000070   Data           4  tasks.o(.data)
    xNextTaskUnblockTime                     0x20000074   Data           4  tasks.o(.data)
    xIdleTaskHandle                          0x20000078   Data           4  tasks.o(.data)
    uxSchedulerSuspended                     0x2000007c   Data           4  tasks.o(.data)
    .data                                    0x20000080   Section       24  heap_4.o(.data)
    pxEnd                                    0x20000080   Data           4  heap_4.o(.data)
    xFreeBytesRemaining                      0x20000084   Data           4  heap_4.o(.data)
    xMinimumEverFreeBytesRemaining           0x20000088   Data           4  heap_4.o(.data)
    xBlockAllocatedBit                       0x2000008c   Data           4  heap_4.o(.data)
    xStart                                   0x20000090   Data           8  heap_4.o(.data)
    .data                                    0x20000098   Section       12  port.o(.data)
    ucMaxSysCallPriority                     0x20000098   Data           1  port.o(.data)
    uxCriticalNesting                        0x2000009c   Data           4  port.o(.data)
    ulMaxPRIGROUPValue                       0x200000a0   Data           4  port.o(.data)
    .data                                    0x200000a4   Section        4  errno.o(.data)
    _errno                                   0x200000a4   Data           4  errno.o(.data)
    .bss                                     0x200000a8   Section       16  remote_receive_task.o(.bss)
    .bss                                     0x200000b8   Section      224  bsp_uart.o(.bss)
    .bss                                     0x20000198   Section      136  motor_con.o(.bss)
    .bss                                     0x20000220   Section       60  protocol.o(.bss)
    .bss                                     0x2000025c   Section      966  gps.o(.bss)
    .bss                                     0x20000624   Section       20  dac.o(.bss)
    .bss                                     0x20000638   Section      256  tim.o(.bss)
    .bss                                     0x20000738   Section      600  usart.o(.bss)
    .bss                                     0x20000990   Section       64  stm32f1xx_hal_timebase_tim.o(.bss)
    .bss                                     0x200009d0   Section      240  tasks.o(.bss)
    pxReadyTasksLists                        0x200009d0   Data         140  tasks.o(.bss)
    xDelayedTaskList1                        0x20000a5c   Data          20  tasks.o(.bss)
    xDelayedTaskList2                        0x20000a70   Data          20  tasks.o(.bss)
    xPendingReadyList                        0x20000a84   Data          20  tasks.o(.bss)
    xTasksWaitingTermination                 0x20000a98   Data          20  tasks.o(.bss)
    xSuspendedTaskList                       0x20000aac   Data          20  tasks.o(.bss)
    .bss                                     0x20000ac0   Section     3072  heap_4.o(.bss)
    ucHeap                                   0x20000ac0   Data        3072  heap_4.o(.bss)
    STACK                                    0x200016c0   Section     1024  startup_stm32f103xe.o(STACK)

    Global Symbols

    Symbol Name                              Value     Ov Type        Size  Object(Section)

    BuildAttributes$$THM_ISAv4$P$D$K$B$S$PE$A:L22UL41UL21$X:L11$S22US41US21$IEEE1$IW$USESV6$~STKCKD$USESV7$~SHL$OTIME$ROPI$IEEEX$EBA8$MICROLIB$REQ8$PRES8$EABIv2 0x00000000   Number         0  anon$$obj.o ABSOLUTE
    __ARM_use_no_argv                        0x00000000   Number         0  main.o ABSOLUTE
    __cpp_initialize__aeabi_                  - Undefined Weak Reference
    __cxa_finalize                            - Undefined Weak Reference
    __decompress                              - Undefined Weak Reference
    _clock_init                               - Undefined Weak Reference
    _microlib_exit                            - Undefined Weak Reference
    __Vectors_Size                           0x00000130   Number         0  startup_stm32f103xe.o ABSOLUTE
    __Vectors                                0x08000000   Data           4  startup_stm32f103xe.o(RESET)
    __Vectors_End                            0x08000130   Data           0  startup_stm32f103xe.o(RESET)
    __main                                   0x08000131   Thumb Code     0  entry.o(.ARM.Collect$$$$00000000)
    _main_stk                                0x08000131   Thumb Code     0  entry2.o(.ARM.Collect$$$$00000001)
    _main_scatterload                        0x08000135   Thumb Code     0  entry5.o(.ARM.Collect$$$$00000004)
    __main_after_scatterload                 0x08000139   Thumb Code     0  entry5.o(.ARM.Collect$$$$00000004)
    _main_clock                              0x08000139   Thumb Code     0  entry7b.o(.ARM.Collect$$$$00000008)
    _main_cpp_init                           0x08000139   Thumb Code     0  entry8b.o(.ARM.Collect$$$$0000000A)
    _main_init                               0x08000139   Thumb Code     0  entry9a.o(.ARM.Collect$$$$0000000B)
    __rt_final_cpp                           0x08000141   Thumb Code     0  entry10a.o(.ARM.Collect$$$$0000000D)
    __rt_final_exit                          0x08000141   Thumb Code     0  entry11a.o(.ARM.Collect$$$$0000000F)
    SVC_Handler                              0x08000145   Thumb Code    32  port.o(.emb_text)
    __asm___6_port_c_39a90d8d__prvStartFirstTask 0x08000169   Thumb Code    28  port.o(.emb_text)
    PendSV_Handler                           0x08000189   Thumb Code    72  port.o(.emb_text)
    vPortGetIPSR                             0x080001d5   Thumb Code     6  port.o(.emb_text)
    Reset_Handler                            0x080001dd   Thumb Code     8  startup_stm32f103xe.o(.text)
    ADC1_2_IRQHandler                        0x080001f7   Thumb Code     0  startup_stm32f103xe.o(.text)
    ADC3_IRQHandler                          0x080001f7   Thumb Code     0  startup_stm32f103xe.o(.text)
    CAN1_RX1_IRQHandler                      0x080001f7   Thumb Code     0  startup_stm32f103xe.o(.text)
    CAN1_SCE_IRQHandler                      0x080001f7   Thumb Code     0  startup_stm32f103xe.o(.text)
    DMA1_Channel1_IRQHandler                 0x080001f7   Thumb Code     0  startup_stm32f103xe.o(.text)
    DMA2_Channel1_IRQHandler                 0x080001f7   Thumb Code     0  startup_stm32f103xe.o(.text)
    DMA2_Channel2_IRQHandler                 0x080001f7   Thumb Code     0  startup_stm32f103xe.o(.text)
    DMA2_Channel3_IRQHandler                 0x080001f7   Thumb Code     0  startup_stm32f103xe.o(.text)
    DMA2_Channel4_5_IRQHandler               0x080001f7   Thumb Code     0  startup_stm32f103xe.o(.text)
    EXTI0_IRQHandler                         0x080001f7   Thumb Code     0  startup_stm32f103xe.o(.text)
    EXTI15_10_IRQHandler                     0x080001f7   Thumb Code     0  startup_stm32f103xe.o(.text)
    EXTI1_IRQHandler                         0x080001f7   Thumb Code     0  startup_stm32f103xe.o(.text)
    EXTI2_IRQHandler                         0x080001f7   Thumb Code     0  startup_stm32f103xe.o(.text)
    EXTI3_IRQHandler                         0x080001f7   Thumb Code     0  startup_stm32f103xe.o(.text)
    EXTI4_IRQHandler                         0x080001f7   Thumb Code     0  startup_stm32f103xe.o(.text)
    EXTI9_5_IRQHandler                       0x080001f7   Thumb Code     0  startup_stm32f103xe.o(.text)
    FLASH_IRQHandler                         0x080001f7   Thumb Code     0  startup_stm32f103xe.o(.text)
    FSMC_IRQHandler                          0x080001f7   Thumb Code     0  startup_stm32f103xe.o(.text)
    I2C1_ER_IRQHandler                       0x080001f7   Thumb Code     0  startup_stm32f103xe.o(.text)
    I2C1_EV_IRQHandler                       0x080001f7   Thumb Code     0  startup_stm32f103xe.o(.text)
    I2C2_ER_IRQHandler                       0x080001f7   Thumb Code     0  startup_stm32f103xe.o(.text)
    I2C2_EV_IRQHandler                       0x080001f7   Thumb Code     0  startup_stm32f103xe.o(.text)
    PVD_IRQHandler                           0x080001f7   Thumb Code     0  startup_stm32f103xe.o(.text)
    RCC_IRQHandler                           0x080001f7   Thumb Code     0  startup_stm32f103xe.o(.text)
    RTC_Alarm_IRQHandler                     0x080001f7   Thumb Code     0  startup_stm32f103xe.o(.text)
    RTC_IRQHandler                           0x080001f7   Thumb Code     0  startup_stm32f103xe.o(.text)
    SDIO_IRQHandler                          0x080001f7   Thumb Code     0  startup_stm32f103xe.o(.text)
    SPI1_IRQHandler                          0x080001f7   Thumb Code     0  startup_stm32f103xe.o(.text)
    SPI2_IRQHandler                          0x080001f7   Thumb Code     0  startup_stm32f103xe.o(.text)
    SPI3_IRQHandler                          0x080001f7   Thumb Code     0  startup_stm32f103xe.o(.text)
    TAMPER_IRQHandler                        0x080001f7   Thumb Code     0  startup_stm32f103xe.o(.text)
    TIM1_BRK_IRQHandler                      0x080001f7   Thumb Code     0  startup_stm32f103xe.o(.text)
    TIM1_TRG_COM_IRQHandler                  0x080001f7   Thumb Code     0  startup_stm32f103xe.o(.text)
    TIM1_UP_IRQHandler                       0x080001f7   Thumb Code     0  startup_stm32f103xe.o(.text)
    TIM2_IRQHandler                          0x080001f7   Thumb Code     0  startup_stm32f103xe.o(.text)
    TIM5_IRQHandler                          0x080001f7   Thumb Code     0  startup_stm32f103xe.o(.text)
    TIM7_IRQHandler                          0x080001f7   Thumb Code     0  startup_stm32f103xe.o(.text)
    TIM8_BRK_IRQHandler                      0x080001f7   Thumb Code     0  startup_stm32f103xe.o(.text)
    TIM8_TRG_COM_IRQHandler                  0x080001f7   Thumb Code     0  startup_stm32f103xe.o(.text)
    TIM8_UP_IRQHandler                       0x080001f7   Thumb Code     0  startup_stm32f103xe.o(.text)
    UART4_IRQHandler                         0x080001f7   Thumb Code     0  startup_stm32f103xe.o(.text)
    UART5_IRQHandler                         0x080001f7   Thumb Code     0  startup_stm32f103xe.o(.text)
    USBWakeUp_IRQHandler                     0x080001f7   Thumb Code     0  startup_stm32f103xe.o(.text)
    USB_HP_CAN1_TX_IRQHandler                0x080001f7   Thumb Code     0  startup_stm32f103xe.o(.text)
    USB_LP_CAN1_RX0_IRQHandler               0x080001f7   Thumb Code     0  startup_stm32f103xe.o(.text)
    WWDG_IRQHandler                          0x080001f7   Thumb Code     0  startup_stm32f103xe.o(.text)
    __aeabi_llsr                             0x08000201   Thumb Code    32  llushr.o(.text)
    _ll_ushift_r                             0x08000201   Thumb Code     0  llushr.o(.text)
    __aeabi_memcpy                           0x08000221   Thumb Code    36  memcpya.o(.text)
    __aeabi_memcpy4                          0x08000221   Thumb Code     0  memcpya.o(.text)
    __aeabi_memcpy8                          0x08000221   Thumb Code     0  memcpya.o(.text)
    __aeabi_memset                           0x08000245   Thumb Code    14  memseta.o(.text)
    __aeabi_memset4                          0x08000245   Thumb Code     0  memseta.o(.text)
    __aeabi_memset8                          0x08000245   Thumb Code     0  memseta.o(.text)
    __aeabi_memclr                           0x08000253   Thumb Code     4  memseta.o(.text)
    __aeabi_memclr4                          0x08000253   Thumb Code     0  memseta.o(.text)
    __aeabi_memclr8                          0x08000253   Thumb Code     0  memseta.o(.text)
    memset                                   0x08000257   Thumb Code    18  memseta.o(.text)
    strstr                                   0x08000269   Thumb Code    36  strstr.o(.text)
    __aeabi_fadd                             0x0800028d   Thumb Code   164  fadd.o(.text)
    __aeabi_fsub                             0x08000331   Thumb Code     6  fadd.o(.text)
    __aeabi_frsub                            0x08000337   Thumb Code     6  fadd.o(.text)
    __aeabi_fmul                             0x0800033d   Thumb Code   100  fmul.o(.text)
    __aeabi_fdiv                             0x080003a1   Thumb Code   124  fdiv.o(.text)
    __aeabi_dadd                             0x0800041d   Thumb Code   322  dadd.o(.text)
    __aeabi_dsub                             0x0800055f   Thumb Code     6  dadd.o(.text)
    __aeabi_drsub                            0x08000565   Thumb Code     6  dadd.o(.text)
    __aeabi_dmul                             0x0800056b   Thumb Code   228  dmul.o(.text)
    __aeabi_ddiv                             0x0800064f   Thumb Code   222  ddiv.o(.text)
    __ARM_scalbn                             0x0800072d   Thumb Code    46  dscalb.o(.text)
    scalbn                                   0x0800072d   Thumb Code     0  dscalb.o(.text)
    __aeabi_i2f                              0x0800075b   Thumb Code    18  fflti.o(.text)
    __aeabi_ui2f                             0x0800076d   Thumb Code    10  ffltui.o(.text)
    __aeabi_i2d                              0x08000777   Thumb Code    34  dflti.o(.text)
    __aeabi_f2iz                             0x08000799   Thumb Code    50  ffixi.o(.text)
    __aeabi_f2uiz                            0x080007cb   Thumb Code    40  ffixui.o(.text)
    __aeabi_d2iz                             0x080007f3   Thumb Code    62  dfixi.o(.text)
    __aeabi_llsl                             0x08000831   Thumb Code    30  llshl.o(.text)
    _ll_shift_l                              0x08000831   Thumb Code     0  llshl.o(.text)
    __aeabi_lasr                             0x0800084f   Thumb Code    36  llsshr.o(.text)
    _ll_sshift_r                             0x0800084f   Thumb Code     0  llsshr.o(.text)
    __I$use$fp                               0x08000873   Thumb Code     0  iusefp.o(.text)
    _float_round                             0x08000873   Thumb Code    18  fepilogue.o(.text)
    _float_epilogue                          0x08000885   Thumb Code    92  fepilogue.o(.text)
    _double_round                            0x080008e1   Thumb Code    30  depilogue.o(.text)
    _double_epilogue                         0x080008ff   Thumb Code   156  depilogue.o(.text)
    __scatterload                            0x0800099d   Thumb Code    28  init.o(.text)
    __scatterload_rt2                        0x0800099d   Thumb Code     0  init.o(.text)
    __aeabi_ui2d                             0x080009c1   Thumb Code    26  dfltui.o(.text)
    BusFault_Handler                         0x080009db   Thumb Code     2  stm32f1xx_it.o(i.BusFault_Handler)
    CRC32Calc                                0x080009dd   Thumb Code    28  crc_transmit.o(i.CRC32Calc)
    CRC32Update                              0x080009f9   Thumb Code    18  crc_transmit.o(i.CRC32Update)
    CRCTailCheck                             0x08000a11   Thumb Code    16  crc_transmit.o(i.CRCTailCheck)
    DMA1_Channel2_IRQHandler                 0x08000a21   Thumb Code     6  stm32f1xx_it.o(i.DMA1_Channel2_IRQHandler)
    DMA1_Channel3_IRQHandler                 0x08000a2d   Thumb Code     6  stm32f1xx_it.o(i.DMA1_Channel3_IRQHandler)
    DMA1_Channel4_IRQHandler                 0x08000a39   Thumb Code     6  stm32f1xx_it.o(i.DMA1_Channel4_IRQHandler)
    DMA1_Channel5_IRQHandler                 0x08000a45   Thumb Code     6  stm32f1xx_it.o(i.DMA1_Channel5_IRQHandler)
    DMA1_Channel6_IRQHandler                 0x08000a51   Thumb Code     6  stm32f1xx_it.o(i.DMA1_Channel6_IRQHandler)
    DMA1_Channel7_IRQHandler                 0x08000a5d   Thumb Code     6  stm32f1xx_it.o(i.DMA1_Channel7_IRQHandler)
    DataHandle                               0x08000a95   Thumb Code    32  protocol.o(i.DataHandle)
    DebugMon_Handler                         0x08000ab9   Thumb Code     2  stm32f1xx_it.o(i.DebugMon_Handler)
    Drive_Task                               0x08000abd   Thumb Code   202  drive_task.o(i.Drive_Task)
    EncoderDateCalc                          0x08000b91   Thumb Code   180  motor_con.o(i.EncoderDateCalc)
    Encoder_Task                             0x08000c55   Thumb Code    12  encoder_task.o(i.Encoder_Task)
    Error_Handler                            0x08000c61   Thumb Code     2  main.o(i.Error_Handler)
    GPS_Analysis                             0x08000c63   Thumb Code    38  gps.o(i.GPS_Analysis)
    GPS_INIT                                 0x08000c89   Thumb Code    82  gps.o(i.GPS_INIT)
    GPS_Uart_Callback_Handle                 0x08000ce5   Thumb Code    48  gps.o(i.GPS_Uart_Callback_Handle)
    GetRemoteCmd                             0x08000d21   Thumb Code    10  remote_receive_task.o(i.GetRemoteCmd)
    Get_Yaw_Angle                            0x08000d31   Thumb Code     8  bsp_uart.o(i.Get_Yaw_Angle)
    HAL_DAC_ConfigChannel                    0x08000d3d   Thumb Code    78  stm32f1xx_hal_dac.o(i.HAL_DAC_ConfigChannel)
    HAL_DAC_Init                             0x08000d8b   Thumb Code    42  stm32f1xx_hal_dac.o(i.HAL_DAC_Init)
    HAL_DAC_MspInit                          0x08000db5   Thumb Code    76  dac.o(i.HAL_DAC_MspInit)
    HAL_DAC_SetValue                         0x08000e0d   Thumb Code    32  stm32f1xx_hal_dac.o(i.HAL_DAC_SetValue)
    HAL_DAC_Start                            0x08000e2d   Thumb Code    94  stm32f1xx_hal_dac.o(i.HAL_DAC_Start)
    HAL_DMA_Abort                            0x08000e8b   Thumb Code    70  stm32f1xx_hal_dma.o(i.HAL_DMA_Abort)
    HAL_DMA_Abort_IT                         0x08000ed1   Thumb Code   328  stm32f1xx_hal_dma.o(i.HAL_DMA_Abort_IT)
    HAL_DMA_IRQHandler                       0x08001021   Thumb Code   640  stm32f1xx_hal_dma.o(i.HAL_DMA_IRQHandler)
    HAL_DMA_Init                             0x080012c1   Thumb Code   116  stm32f1xx_hal_dma.o(i.HAL_DMA_Init)
    HAL_DMA_Start_IT                         0x08001341   Thumb Code   116  stm32f1xx_hal_dma.o(i.HAL_DMA_Start_IT)
    HAL_Delay                                0x080013b5   Thumb Code    32  stm32f1xx_hal.o(i.HAL_Delay)
    HAL_GPIO_Init                            0x080013d9   Thumb Code   492  stm32f1xx_hal_gpio.o(i.HAL_GPIO_Init)
    HAL_GPIO_ReadPin                         0x080015ed   Thumb Code    14  stm32f1xx_hal_gpio.o(i.HAL_GPIO_ReadPin)
    HAL_GPIO_WritePin                        0x080015fb   Thumb Code    14  stm32f1xx_hal_gpio.o(i.HAL_GPIO_WritePin)
    HAL_GetTick                              0x08001609   Thumb Code     6  stm32f1xx_hal.o(i.HAL_GetTick)
    HAL_IncTick                              0x08001615   Thumb Code    12  stm32f1xx_hal.o(i.HAL_IncTick)
    HAL_Init                                 0x08001625   Thumb Code    32  stm32f1xx_hal.o(i.HAL_Init)
    HAL_InitTick                             0x08001649   Thumb Code   100  stm32f1xx_hal_timebase_tim.o(i.HAL_InitTick)
    HAL_MspInit                              0x080016bd   Thumb Code    62  stm32f1xx_hal_msp.o(i.HAL_MspInit)
    HAL_NVIC_EnableIRQ                       0x08001705   Thumb Code    26  stm32f1xx_hal_cortex.o(i.HAL_NVIC_EnableIRQ)
    HAL_NVIC_SetPriority                     0x08001721   Thumb Code    60  stm32f1xx_hal_cortex.o(i.HAL_NVIC_SetPriority)
    HAL_NVIC_SetPriorityGrouping             0x08001761   Thumb Code    26  stm32f1xx_hal_cortex.o(i.HAL_NVIC_SetPriorityGrouping)
    HAL_RCC_ClockConfig                      0x08001785   Thumb Code   318  stm32f1xx_hal_rcc.o(i.HAL_RCC_ClockConfig)
    HAL_RCC_GetClockConfig                   0x080018d9   Thumb Code    52  stm32f1xx_hal_rcc.o(i.HAL_RCC_GetClockConfig)
    HAL_RCC_GetHCLKFreq                      0x08001915   Thumb Code     6  stm32f1xx_hal_rcc.o(i.HAL_RCC_GetHCLKFreq)
    HAL_RCC_GetPCLK1Freq                     0x08001921   Thumb Code    22  stm32f1xx_hal_rcc.o(i.HAL_RCC_GetPCLK1Freq)
    HAL_RCC_GetPCLK2Freq                     0x08001941   Thumb Code    22  stm32f1xx_hal_rcc.o(i.HAL_RCC_GetPCLK2Freq)
    HAL_RCC_GetSysClockFreq                  0x08001961   Thumb Code    82  stm32f1xx_hal_rcc.o(i.HAL_RCC_GetSysClockFreq)
    HAL_RCC_OscConfig                        0x080019d5   Thumb Code   882  stm32f1xx_hal_rcc.o(i.HAL_RCC_OscConfig)
    HAL_TIMEx_BreakCallback                  0x08001d59   Thumb Code     2  stm32f1xx_hal_tim_ex.o(i.HAL_TIMEx_BreakCallback)
    HAL_TIMEx_CommutCallback                 0x08001d5b   Thumb Code     2  stm32f1xx_hal_tim_ex.o(i.HAL_TIMEx_CommutCallback)
    HAL_TIMEx_MasterConfigSynchronization    0x08001d5d   Thumb Code    66  stm32f1xx_hal_tim_ex.o(i.HAL_TIMEx_MasterConfigSynchronization)
    HAL_TIM_Base_Init                        0x08001d9f   Thumb Code    56  stm32f1xx_hal_tim.o(i.HAL_TIM_Base_Init)
    HAL_TIM_Base_MspInit                     0x08001dd9   Thumb Code   236  tim.o(i.HAL_TIM_Base_MspInit)
    HAL_TIM_Base_Start_IT                    0x08001ee1   Thumb Code    34  stm32f1xx_hal_tim.o(i.HAL_TIM_Base_Start_IT)
    HAL_TIM_ConfigClockSource                0x08001f03   Thumb Code   226  stm32f1xx_hal_tim.o(i.HAL_TIM_ConfigClockSource)
    HAL_TIM_IC_CaptureCallback               0x08001fe5   Thumb Code     4  main.o(i.HAL_TIM_IC_CaptureCallback)
    HAL_TIM_IC_ConfigChannel                 0x08001fe9   Thumb Code   188  stm32f1xx_hal_tim.o(i.HAL_TIM_IC_ConfigChannel)
    HAL_TIM_IC_Init                          0x080020a5   Thumb Code    56  stm32f1xx_hal_tim.o(i.HAL_TIM_IC_Init)
    HAL_TIM_IC_MspInit                       0x080020dd   Thumb Code     2  stm32f1xx_hal_tim.o(i.HAL_TIM_IC_MspInit)
    HAL_TIM_IC_Start_IT                      0x080020df   Thumb Code    94  stm32f1xx_hal_tim.o(i.HAL_TIM_IC_Start_IT)
    HAL_TIM_IRQHandler                       0x0800213d   Thumb Code   366  stm32f1xx_hal_tim.o(i.HAL_TIM_IRQHandler)
    HAL_TIM_MspPostInit                      0x080022ad   Thumb Code    80  tim.o(i.HAL_TIM_MspPostInit)
    HAL_TIM_OC_DelayElapsedCallback          0x0800230d   Thumb Code     2  stm32f1xx_hal_tim.o(i.HAL_TIM_OC_DelayElapsedCallback)
    HAL_TIM_PWM_ConfigChannel                0x0800230f   Thumb Code   218  stm32f1xx_hal_tim.o(i.HAL_TIM_PWM_ConfigChannel)
    HAL_TIM_PWM_Init                         0x080023e9   Thumb Code    56  stm32f1xx_hal_tim.o(i.HAL_TIM_PWM_Init)
    HAL_TIM_PWM_MspInit                      0x08002421   Thumb Code     2  stm32f1xx_hal_tim.o(i.HAL_TIM_PWM_MspInit)
    HAL_TIM_PWM_PulseFinishedCallback        0x08002423   Thumb Code     2  stm32f1xx_hal_tim.o(i.HAL_TIM_PWM_PulseFinishedCallback)
    HAL_TIM_PeriodElapsedCallback            0x08002425   Thumb Code    58  main.o(i.HAL_TIM_PeriodElapsedCallback)
    HAL_TIM_TriggerCallback                  0x08002471   Thumb Code     2  stm32f1xx_hal_tim.o(i.HAL_TIM_TriggerCallback)
    HAL_UART_DMAStop                         0x08002473   Thumb Code    88  stm32f1xx_hal_uart.o(i.HAL_UART_DMAStop)
    HAL_UART_ErrorCallback                   0x080024cb   Thumb Code     2  stm32f1xx_hal_uart.o(i.HAL_UART_ErrorCallback)
    HAL_UART_IRQHandler                      0x080024cd   Thumb Code   268  stm32f1xx_hal_uart.o(i.HAL_UART_IRQHandler)
    HAL_UART_Init                            0x080025dd   Thumb Code   100  stm32f1xx_hal_uart.o(i.HAL_UART_Init)
    HAL_UART_MspInit                         0x08002641   Thumb Code   552  usart.o(i.HAL_UART_MspInit)
    HAL_UART_Receive_DMA                     0x0800288d   Thumb Code   142  stm32f1xx_hal_uart.o(i.HAL_UART_Receive_DMA)
    HAL_UART_RxCpltCallback                  0x08002929   Thumb Code     2  stm32f1xx_hal_uart.o(i.HAL_UART_RxCpltCallback)
    HAL_UART_RxHalfCpltCallback              0x0800292b   Thumb Code     2  stm32f1xx_hal_uart.o(i.HAL_UART_RxHalfCpltCallback)
    HAL_UART_Transmit_DMA                    0x0800292d   Thumb Code   126  stm32f1xx_hal_uart.o(i.HAL_UART_Transmit_DMA)
    HAL_UART_TxCpltCallback                  0x080029b9   Thumb Code     2  stm32f1xx_hal_uart.o(i.HAL_UART_TxCpltCallback)
    HAL_UART_TxHalfCpltCallback              0x080029bb   Thumb Code     2  stm32f1xx_hal_uart.o(i.HAL_UART_TxHalfCpltCallback)
    HardFault_Handler                        0x080029bd   Thumb Code     2  stm32f1xx_it.o(i.HardFault_Handler)
    JY61_Set_Yaw_Zero                        0x080029c1   Thumb Code    10  bsp_uart.o(i.JY61_Set_Yaw_Zero)
    JY61_Uart_Callback_Handle                0x080029d5   Thumb Code   450  bsp_uart.o(i.JY61_Uart_Callback_Handle)
    LEONARD_USART3_UART_Init                 0x08002bad   Thumb Code    46  usart.o(i.LEONARD_USART3_UART_Init)
    MX_DAC_Init                              0x08002be5   Thumb Code    68  dac.o(i.MX_DAC_Init)
    MX_DMA_Init                              0x08002c31   Thumb Code   120  dma.o(i.MX_DMA_Init)
    MX_FREERTOS_Init                         0x08002cad   Thumb Code    96  freertos.o(i.MX_FREERTOS_Init)
    MX_GPIO_Init                             0x08002d15   Thumb Code   250  gpio.o(i.MX_GPIO_Init)
    MX_TIM1_Init                             0x08002e25   Thumb Code   144  tim.o(i.MX_TIM1_Init)
    MX_TIM3_Init                             0x08002ebd   Thumb Code   144  tim.o(i.MX_TIM3_Init)
    MX_TIM6_Init                             0x08002f55   Thumb Code    62  tim.o(i.MX_TIM6_Init)
    MX_TIM8_Init                             0x08002f9d   Thumb Code   144  tim.o(i.MX_TIM8_Init)
    MX_USART1_UART_Init                      0x08003035   Thumb Code    48  usart.o(i.MX_USART1_UART_Init)
    MX_USART2_UART_Init                      0x0800306d   Thumb Code    48  usart.o(i.MX_USART2_UART_Init)
    MX_USART3_UART_Init                      0x080030a5   Thumb Code    46  usart.o(i.MX_USART3_UART_Init)
    MemManage_Handler                        0x080030e1   Thumb Code     2  stm32f1xx_it.o(i.MemManage_Handler)
    MotorGoAhead                             0x080030e3   Thumb Code    14  motor_con.o(i.MotorGoAhead)
    MotorGoBack                              0x080030f1   Thumb Code    14  motor_con.o(i.MotorGoBack)
    MotorInit                                0x08003101   Thumb Code   132  motor_con.o(i.MotorInit)
    MotorSetOut                              0x08003199   Thumb Code   106  motor_con.o(i.MotorSetOut)
    MotorStart                               0x0800320d   Thumb Code    10  motor_con.o(i.MotorStart)
    MotorStop                                0x08003217   Thumb Code    10  motor_con.o(i.MotorStop)
    MotorTIMHandler                          0x08003221   Thumb Code    84  motor_con.o(i.MotorTIMHandler)
    NMEA_Comma_Pos                           0x08003281   Thumb Code    42  gps.o(i.NMEA_Comma_Pos)
    NMEA_GNGGA_Analysis                      0x080032ad   Thumb Code    88  gps.o(i.NMEA_GNGGA_Analysis)
    NMEA_GNGSA_Analysis                      0x0800330d   Thumb Code   150  gps.o(i.NMEA_GNGSA_Analysis)
    NMEA_GNRMC_Analysis                      0x080033ad   Thumb Code   476  gps.o(i.NMEA_GNRMC_Analysis)
    NMEA_Pow                                 0x08003595   Thumb Code    16  gps.o(i.NMEA_Pow)
    NMEA_Str2num                             0x080035a5   Thumb Code   192  gps.o(i.NMEA_Str2num)
    NMI_Handler                              0x08003665   Thumb Code     2  stm32f1xx_it.o(i.NMI_Handler)
    ProtocolFillPack                         0x08003667   Thumb Code    52  protocol.o(i.ProtocolFillPack)
    ProtocolPack                             0x0800369b   Thumb Code    54  protocol.o(i.ProtocolPack)
    ReceiveHandle                            0x080036f5   Thumb Code   202  protocol.o(i.ReceiveHandle)
    Remote_Receive_Task                      0x080037c5   Thumb Code   200  remote_receive_task.o(i.Remote_Receive_Task)
    SkyTra_Cfg_Ack_Check                     0x08003899   Thumb Code    80  gps.o(i.SkyTra_Cfg_Ack_Check)
    SkyTra_Cfg_Prt                           0x080038f1   Thumb Code    76  gps.o(i.SkyTra_Cfg_Prt)
    SkyTra_Cfg_Rate                          0x08003945   Thumb Code    56  gps.o(i.SkyTra_Cfg_Rate)
    SkyTra_Cfg_Tp                            0x08003981   Thumb Code   104  gps.o(i.SkyTra_Cfg_Tp)
    SkyTra_Send_Date                         0x080039ed   Thumb Code    10  gps.o(i.SkyTra_Send_Date)
    StartDefaultTask                         0x08003a01   Thumb Code    12  freertos.o(i.StartDefaultTask)
    SysTick_Handler                          0x08003a0d   Thumb Code    38  port.o(i.SysTick_Handler)
    Sys_Uart_Init                            0x08003a39   Thumb Code    94  bsp_uart.o(i.Sys_Uart_Init)
    SystemClock_Config                       0x08003ab1   Thumb Code    94  main.o(i.SystemClock_Config)
    SystemInit                               0x08003b11   Thumb Code    56  system_stm32f1xx.o(i.SystemInit)
    TIM1_CC_IRQHandler                       0x08003b59   Thumb Code     6  stm32f1xx_it.o(i.TIM1_CC_IRQHandler)
    TIM3_IRQHandler                          0x08003b65   Thumb Code     6  stm32f1xx_it.o(i.TIM3_IRQHandler)
    TIM4_IRQHandler                          0x08003b71   Thumb Code     6  stm32f1xx_it.o(i.TIM4_IRQHandler)
    TIM6_IRQHandler                          0x08003b7d   Thumb Code     6  stm32f1xx_it.o(i.TIM6_IRQHandler)
    TIM8_CC_IRQHandler                       0x08003b89   Thumb Code     6  stm32f1xx_it.o(i.TIM8_CC_IRQHandler)
    TIM_Base_SetConfig                       0x08003b95   Thumb Code   124  stm32f1xx_hal_tim.o(i.TIM_Base_SetConfig)
    TIM_CCxChannelCmd                        0x08003c25   Thumb Code    26  stm32f1xx_hal_tim.o(i.TIM_CCxChannelCmd)
    TIM_ETR_SetConfig                        0x08003c3f   Thumb Code    20  stm32f1xx_hal_tim.o(i.TIM_ETR_SetConfig)
    TIM_OC2_SetConfig                        0x08003ccd   Thumb Code   106  stm32f1xx_hal_tim.o(i.TIM_OC2_SetConfig)
    TIM_TI1_SetConfig                        0x08003e29   Thumb Code    88  stm32f1xx_hal_tim.o(i.TIM_TI1_SetConfig)
    Transmit_Chassis_Msg                     0x08003f59   Thumb Code    76  bsp_uart.o(i.Transmit_Chassis_Msg)
    Transmit_Gps_Msg                         0x08003fb1   Thumb Code   112  bsp_uart.o(i.Transmit_Gps_Msg)
    USART1_IRQHandler                        0x08004365   Thumb Code    18  stm32f1xx_it.o(i.USART1_IRQHandler)
    USART2_IRQHandler                        0x0800437d   Thumb Code    18  stm32f1xx_it.o(i.USART2_IRQHandler)
    USART3_IRQHandler                        0x08004395   Thumb Code    18  stm32f1xx_it.o(i.USART3_IRQHandler)
    Uart_Rx_Idle_Callback                    0x080043ad   Thumb Code   168  bsp_uart.o(i.Uart_Rx_Idle_Callback)
    Upper_Sys_Uart_Callback_Handle           0x0800446d   Thumb Code     6  bsp_uart.o(i.Upper_Sys_Uart_Callback_Handle)
    UsageFault_Handler                       0x08004473   Thumb Code     2  stm32f1xx_it.o(i.UsageFault_Handler)
    __ARM_fpclassify                         0x08004475   Thumb Code    40  fpclassify.o(i.__ARM_fpclassify)
    __ieee754_rem_pio2                       0x080044bd   Thumb Code   828  rred.o(i.__ieee754_rem_pio2)
    __kernel_cos                             0x08004845   Thumb Code   230  cos_i.o(i.__kernel_cos)
    __kernel_poly                            0x08004941   Thumb Code   170  poly.o(i.__kernel_poly)
    __kernel_sin                             0x080049ed   Thumb Code   224  sin_i.o(i.__kernel_sin)
    __mathlib_dbl_infnan                     0x08004ad9   Thumb Code     6  dunder.o(i.__mathlib_dbl_infnan)
    __mathlib_dbl_invalid                    0x08004adf   Thumb Code    12  dunder.o(i.__mathlib_dbl_invalid)
    __mathlib_dbl_underflow                  0x08004aed   Thumb Code    10  dunder.o(i.__mathlib_dbl_underflow)
    __scatterload_copy                       0x08004afd   Thumb Code    14  handlers.o(i.__scatterload_copy)
    __scatterload_null                       0x08004b0b   Thumb Code     2  handlers.o(i.__scatterload_null)
    __scatterload_zeroinit                   0x08004b0d   Thumb Code    14  handlers.o(i.__scatterload_zeroinit)
    __set_errno                              0x08004b1d   Thumb Code     6  errno.o(i.__set_errno)
    cos                                      0x08004b29   Thumb Code   148  cos.o(i.cos)
    main                                     0x08004bc5   Thumb Code   156  main.o(i.main)
    osDelay                                  0x08004c81   Thumb Code    16  cmsis_os.o(i.osDelay)
    osKernelStart                            0x08004c91   Thumb Code    10  cmsis_os.o(i.osKernelStart)
    osThreadCreate                           0x08004c9b   Thumb Code    46  cmsis_os.o(i.osThreadCreate)
    pvPortMalloc                             0x08005011   Thumb Code   208  heap_4.o(i.pvPortMalloc)
    pxPortInitialiseStack                    0x080050e5   Thumb Code    24  port.o(i.pxPortInitialiseStack)
    sin                                      0x08005101   Thumb Code   150  sin.o(i.sin)
    uxListRemove                             0x080051a1   Thumb Code    38  list.o(i.uxListRemove)
    vListInitialise                          0x080051c7   Thumb Code    22  list.o(i.vListInitialise)
    vListInitialiseItem                      0x080051dd   Thumb Code     6  list.o(i.vListInitialiseItem)
    vListInsert                              0x080051e3   Thumb Code    48  list.o(i.vListInsert)
    vListInsertEnd                           0x08005213   Thumb Code    24  list.o(i.vListInsertEnd)
    vPortEnterCritical                       0x0800522d   Thumb Code    54  port.o(i.vPortEnterCritical)
    vPortExitCritical                        0x0800526d   Thumb Code    38  port.o(i.vPortExitCritical)
    vPortFree                                0x08005299   Thumb Code    88  heap_4.o(i.vPortFree)
    vPortSetupTimerInterrupt                 0x080052f5   Thumb Code    32  port.o(i.vPortSetupTimerInterrupt)
    vTaskDelay                               0x08005319   Thumb Code    70  tasks.o(i.vTaskDelay)
    vTaskStartScheduler                      0x08005369   Thumb Code    86  tasks.o(i.vTaskStartScheduler)
    vTaskSuspendAll                          0x080053d1   Thumb Code    10  tasks.o(i.vTaskSuspendAll)
    vTaskSwitchContext                       0x080053e1   Thumb Code    86  tasks.o(i.vTaskSwitchContext)
    xPortStartScheduler                      0x08005441   Thumb Code   154  port.o(i.xPortStartScheduler)
    xTaskCreate                              0x080054e9   Thumb Code    96  tasks.o(i.xTaskCreate)
    xTaskIncrementTick                       0x08005549   Thumb Code   196  tasks.o(i.xTaskIncrementTick)
    xTaskResumeAll                           0x08005615   Thumb Code   192  tasks.o(i.xTaskResumeAll)
    crc_tab16                                0x080056e0   Data         512  crc_transmit.o(.constdata)
    crc_tab32                                0x080058e0   Data        1024  crc_transmit.o(.constdata)
    BAUD_id                                  0x08005ce0   Data          36  gps.o(.constdata)
    AHBPrescTable                            0x08005d54   Data          16  system_stm32f1xx.o(.constdata)
    APBPrescTable                            0x08005d64   Data           8  system_stm32f1xx.o(.constdata)
    Region$$Table$$Base                      0x08005ec8   Number         0  anon$$obj.o(Region$$Table)
    Region$$Table$$Limit                     0x08005ee8   Number         0  anon$$obj.o(Region$$Table)
    scale_factor                             0x20000000   Data           4  drive_task.o(.data)
    max_velocity                             0x20000004   Data           4  drive_task.o(.data)
    velocity                                 0x20000008   Data           4  drive_task.o(.data)
    dir                                      0x2000000c   Data           8  drive_task.o(.data)
    remote_cmd                               0x20000014   Data           1  remote_receive_task.o(.data)
    gps_used                                 0x20000015   Data           1  orchard_rover_sys.o(.data)
    set_yaw_zero_cmd                         0x20000016   Data           3  bsp_uart.o(.data)
    gps_init                                 0x2000001a   Data           1  gps.o(.data)
    ack_flag                                 0x2000001b   Data           1  gps.o(.data)
    ack_len                                  0x2000001c   Data           2  gps.o(.data)
    tempStr                                  0x2000001e   Data           4  main.o(.data)
    DriveTaskHandle                          0x20000024   Data           4  freertos.o(.data)
    EncoderTaskHandle                        0x20000028   Data           4  freertos.o(.data)
    RemoteReceiveTaskHandle                  0x2000002c   Data           4  freertos.o(.data)
    defaultTaskHandle                        0x20000030   Data           4  freertos.o(.data)
    uwTickFreq                               0x20000034   Data           1  stm32f1xx_hal.o(.data)
    uwTickPrio                               0x20000038   Data           4  stm32f1xx_hal.o(.data)
    uwTick                                   0x2000003c   Data           4  stm32f1xx_hal.o(.data)
    SystemCoreClock                          0x20000040   Data           4  system_stm32f1xx.o(.data)
    pxCurrentTCB                             0x20000044   Data           4  tasks.o(.data)
    last_p                                   0x200000a8   Data          16  remote_receive_task.o(.bss)
    upper_sys_uart_rx_buff                   0x200000b8   Data          50  bsp_uart.o(.bss)
    upper_sys_uart_tx_buff                   0x200000ea   Data          50  bsp_uart.o(.bss)
    JY61_uart_buff                           0x2000011c   Data          50  bsp_uart.o(.bss)
    JY61_data                                0x20000150   Data          72  bsp_uart.o(.bss)
    pose                                     0x20000198   Data          24  motor_con.o(.bss)
    motorCon                                 0x200001b0   Data         112  motor_con.o(.bss)
    test_info                                0x20000220   Data          10  protocol.o(.bss)
    protocol_packet                          0x2000022a   Data          50  protocol.o(.bss)
    gps_uart_tx_buff                         0x2000025c   Data         400  gps.o(.bss)
    gps_uart_rx_buff                         0x200003ec   Data         400  gps.o(.bss)
    gpsx                                     0x2000057c   Data         166  gps.o(.bss)
    hdac                                     0x20000624   Data          20  dac.o(.bss)
    htim1                                    0x20000638   Data          64  tim.o(.bss)
    htim3                                    0x20000678   Data          64  tim.o(.bss)
    htim6                                    0x200006b8   Data          64  tim.o(.bss)
    htim8                                    0x200006f8   Data          64  tim.o(.bss)
    huart1                                   0x20000738   Data          64  usart.o(.bss)
    huart2                                   0x20000778   Data          64  usart.o(.bss)
    huart3                                   0x200007b8   Data          64  usart.o(.bss)
    hdma_usart1_rx                           0x200007f8   Data          68  usart.o(.bss)
    hdma_usart1_tx                           0x2000083c   Data          68  usart.o(.bss)
    hdma_usart2_rx                           0x20000880   Data          68  usart.o(.bss)
    hdma_usart2_tx                           0x200008c4   Data          68  usart.o(.bss)
    hdma_usart3_rx                           0x20000908   Data          68  usart.o(.bss)
    hdma_usart3_tx                           0x2000094c   Data          68  usart.o(.bss)
    htim4                                    0x20000990   Data          64  stm32f1xx_hal_timebase_tim.o(.bss)
    __initial_sp                             0x20001ac0   Data           0  startup_stm32f103xe.o(STACK)



==============================================================================

Memory Map of the image

  Image Entry point : 0x08000131

  Load Region LR_IROM1 (Base: 0x08000000, Size: 0x00005f90, Max: 0x00080000, ABSOLUTE)

    Execution Region ER_IROM1 (Exec base: 0x08000000, Load base: 0x08000000, Size: 0x00005ee8, Max: 0x00080000, ABSOLUTE)

    Exec Addr    Load Addr    Size         Type   Attr      Idx    E Section Name        Object

    0x08000000   0x08000000   0x00000130   Data   RO            3    RESET               startup_stm32f103xe.o
    0x08000130   0x08000130   0x00000000   Code   RO         5163  * .ARM.Collect$$$$00000000  mc_w.l(entry.o)
    0x08000130   0x08000130   0x00000004   Code   RO         5238    .ARM.Collect$$$$00000001  mc_w.l(entry2.o)
    0x08000134   0x08000134   0x00000004   Code   RO         5241    .ARM.Collect$$$$00000004  mc_w.l(entry5.o)
    0x08000138   0x08000138   0x00000000   Code   RO         5243    .ARM.Collect$$$$00000008  mc_w.l(entry7b.o)
    0x08000138   0x08000138   0x00000000   Code   RO         5245    .ARM.Collect$$$$0000000A  mc_w.l(entry8b.o)
    0x08000138   0x08000138   0x00000008   Code   RO         5246    .ARM.Collect$$$$0000000B  mc_w.l(entry9a.o)
    0x08000140   0x08000140   0x00000000   Code   RO         5248    .ARM.Collect$$$$0000000D  mc_w.l(entry10a.o)
    0x08000140   0x08000140   0x00000000   Code   RO         5250    .ARM.Collect$$$$0000000F  mc_w.l(entry11a.o)
    0x08000140   0x08000140   0x00000004   Code   RO         5239    .ARM.Collect$$$$00002712  mc_w.l(entry2.o)
    0x08000144   0x08000144   0x00000096   Code   RO         5062    .emb_text           port.o
    0x080001da   0x080001da   0x00000002   PAD
    0x080001dc   0x080001dc   0x00000024   Code   RO            4    .text               startup_stm32f103xe.o
    0x08000200   0x08000200   0x00000020   Code   RO         5166    .text               mc_w.l(llushr.o)
    0x08000220   0x08000220   0x00000024   Code   RO         5168    .text               mc_w.l(memcpya.o)
    0x08000244   0x08000244   0x00000024   Code   RO         5172    .text               mc_w.l(memseta.o)
    0x08000268   0x08000268   0x00000024   Code   RO         5174    .text               mc_w.l(strstr.o)
    0x0800028c   0x0800028c   0x000000b0   Code   RO         5178    .text               mf_w.l(fadd.o)
    0x0800033c   0x0800033c   0x00000064   Code   RO         5180    .text               mf_w.l(fmul.o)
    0x080003a0   0x080003a0   0x0000007c   Code   RO         5182    .text               mf_w.l(fdiv.o)
    0x0800041c   0x0800041c   0x0000014e   Code   RO         5186    .text               mf_w.l(dadd.o)
    0x0800056a   0x0800056a   0x000000e4   Code   RO         5188    .text               mf_w.l(dmul.o)
    0x0800064e   0x0800064e   0x000000de   Code   RO         5190    .text               mf_w.l(ddiv.o)
    0x0800072c   0x0800072c   0x0000002e   Code   RO         5192    .text               mf_w.l(dscalb.o)
    0x0800075a   0x0800075a   0x00000012   Code   RO         5194    .text               mf_w.l(fflti.o)
    0x0800076c   0x0800076c   0x0000000a   Code   RO         5196    .text               mf_w.l(ffltui.o)
    0x08000776   0x08000776   0x00000022   Code   RO         5198    .text               mf_w.l(dflti.o)
    0x08000798   0x08000798   0x00000032   Code   RO         5200    .text               mf_w.l(ffixi.o)
    0x080007ca   0x080007ca   0x00000028   Code   RO         5202    .text               mf_w.l(ffixui.o)
    0x080007f2   0x080007f2   0x0000003e   Code   RO         5204    .text               mf_w.l(dfixi.o)
    0x08000830   0x08000830   0x0000001e   Code   RO         5252    .text               mc_w.l(llshl.o)
    0x0800084e   0x0800084e   0x00000024   Code   RO         5254    .text               mc_w.l(llsshr.o)
    0x08000872   0x08000872   0x00000000   Code   RO         5263    .text               mc_w.l(iusefp.o)
    0x08000872   0x08000872   0x0000006e   Code   RO         5264    .text               mf_w.l(fepilogue.o)
    0x080008e0   0x080008e0   0x000000ba   Code   RO         5266    .text               mf_w.l(depilogue.o)
    0x0800099a   0x0800099a   0x00000002   PAD
    0x0800099c   0x0800099c   0x00000024   Code   RO         5274    .text               mc_w.l(init.o)
    0x080009c0   0x080009c0   0x0000001a   Code   RO         5276    .text               mf_w.l(dfltui.o)
    0x080009da   0x080009da   0x00000002   Code   RO         1112    i.BusFault_Handler  stm32f1xx_it.o
    0x080009dc   0x080009dc   0x0000001c   Code   RO          386    i.CRC32Calc         crc_transmit.o
    0x080009f8   0x080009f8   0x00000018   Code   RO          387    i.CRC32Update       crc_transmit.o
    0x08000a10   0x08000a10   0x00000010   Code   RO          389    i.CRCTailCheck      crc_transmit.o
    0x08000a20   0x08000a20   0x0000000c   Code   RO         1113    i.DMA1_Channel2_IRQHandler  stm32f1xx_it.o
    0x08000a2c   0x08000a2c   0x0000000c   Code   RO         1114    i.DMA1_Channel3_IRQHandler  stm32f1xx_it.o
    0x08000a38   0x08000a38   0x0000000c   Code   RO         1115    i.DMA1_Channel4_IRQHandler  stm32f1xx_it.o
    0x08000a44   0x08000a44   0x0000000c   Code   RO         1116    i.DMA1_Channel5_IRQHandler  stm32f1xx_it.o
    0x08000a50   0x08000a50   0x0000000c   Code   RO         1117    i.DMA1_Channel6_IRQHandler  stm32f1xx_it.o
    0x08000a5c   0x08000a5c   0x0000000c   Code   RO         1118    i.DMA1_Channel7_IRQHandler  stm32f1xx_it.o
    0x08000a68   0x08000a68   0x0000002c   Code   RO         3234    i.DMA_SetConfig     stm32f1xx_hal_dma.o
    0x08000a94   0x08000a94   0x00000024   Code   RO          621    i.DataHandle        protocol.o
    0x08000ab8   0x08000ab8   0x00000002   Code   RO         1119    i.DebugMon_Handler  stm32f1xx_it.o
    0x08000aba   0x08000aba   0x00000002   PAD
    0x08000abc   0x08000abc   0x000000d4   Code   RO           13    i.Drive_Task        drive_task.o
    0x08000b90   0x08000b90   0x000000c4   Code   RO          439    i.EncoderDateCalc   motor_con.o
    0x08000c54   0x08000c54   0x0000000c   Code   RO          221    i.Encoder_Task      encoder_task.o
    0x08000c60   0x08000c60   0x00000002   Code   RO          794    i.Error_Handler     main.o
    0x08000c62   0x08000c62   0x00000026   Code   RO          669    i.GPS_Analysis      gps.o
    0x08000c88   0x08000c88   0x0000005c   Code   RO          670    i.GPS_INIT          gps.o
    0x08000ce4   0x08000ce4   0x0000003c   Code   RO          671    i.GPS_Uart_Callback_Handle  gps.o
    0x08000d20   0x08000d20   0x00000010   Code   RO          251    i.GetRemoteCmd      remote_receive_task.o
    0x08000d30   0x08000d30   0x0000000c   Code   RO          316    i.Get_Yaw_Angle     bsp_uart.o
    0x08000d3c   0x08000d3c   0x0000004e   Code   RO         1356    i.HAL_DAC_ConfigChannel  stm32f1xx_hal_dac.o
    0x08000d8a   0x08000d8a   0x0000002a   Code   RO         1366    i.HAL_DAC_Init      stm32f1xx_hal_dac.o
    0x08000db4   0x08000db4   0x00000058   Code   RO          883    i.HAL_DAC_MspInit   dac.o
    0x08000e0c   0x08000e0c   0x00000020   Code   RO         1369    i.HAL_DAC_SetValue  stm32f1xx_hal_dac.o
    0x08000e2c   0x08000e2c   0x0000005e   Code   RO         1370    i.HAL_DAC_Start     stm32f1xx_hal_dac.o
    0x08000e8a   0x08000e8a   0x00000046   Code   RO         3235    i.HAL_DMA_Abort     stm32f1xx_hal_dma.o
    0x08000ed0   0x08000ed0   0x00000150   Code   RO         3236    i.HAL_DMA_Abort_IT  stm32f1xx_hal_dma.o
    0x08001020   0x08001020   0x000002a0   Code   RO         3240    i.HAL_DMA_IRQHandler  stm32f1xx_hal_dma.o
    0x080012c0   0x080012c0   0x00000080   Code   RO         3241    i.HAL_DMA_Init      stm32f1xx_hal_dma.o
    0x08001340   0x08001340   0x00000074   Code   RO         3245    i.HAL_DMA_Start_IT  stm32f1xx_hal_dma.o
    0x080013b4   0x080013b4   0x00000024   Code   RO         2858    i.HAL_Delay         stm32f1xx_hal.o
    0x080013d8   0x080013d8   0x00000214   Code   RO         3171    i.HAL_GPIO_Init     stm32f1xx_hal_gpio.o
    0x080015ec   0x080015ec   0x0000000e   Code   RO         3173    i.HAL_GPIO_ReadPin  stm32f1xx_hal_gpio.o
    0x080015fa   0x080015fa   0x0000000e   Code   RO         3175    i.HAL_GPIO_WritePin  stm32f1xx_hal_gpio.o
    0x08001608   0x08001608   0x0000000c   Code   RO         2862    i.HAL_GetTick       stm32f1xx_hal.o
    0x08001614   0x08001614   0x00000010   Code   RO         2868    i.HAL_IncTick       stm32f1xx_hal.o
    0x08001624   0x08001624   0x00000024   Code   RO         2869    i.HAL_Init          stm32f1xx_hal.o
    0x08001648   0x08001648   0x00000074   Code   RO         1278    i.HAL_InitTick      stm32f1xx_hal_timebase_tim.o
    0x080016bc   0x080016bc   0x00000048   Code   RO         1254    i.HAL_MspInit       stm32f1xx_hal_msp.o
    0x08001704   0x08001704   0x0000001a   Code   RO         3331    i.HAL_NVIC_EnableIRQ  stm32f1xx_hal_cortex.o
    0x0800171e   0x0800171e   0x00000002   PAD
    0x08001720   0x08001720   0x00000040   Code   RO         3337    i.HAL_NVIC_SetPriority  stm32f1xx_hal_cortex.o
    0x08001760   0x08001760   0x00000024   Code   RO         3338    i.HAL_NVIC_SetPriorityGrouping  stm32f1xx_hal_cortex.o
    0x08001784   0x08001784   0x00000154   Code   RO         3026    i.HAL_RCC_ClockConfig  stm32f1xx_hal_rcc.o
    0x080018d8   0x080018d8   0x0000003c   Code   RO         3030    i.HAL_RCC_GetClockConfig  stm32f1xx_hal_rcc.o
    0x08001914   0x08001914   0x0000000c   Code   RO         3031    i.HAL_RCC_GetHCLKFreq  stm32f1xx_hal_rcc.o
    0x08001920   0x08001920   0x00000020   Code   RO         3033    i.HAL_RCC_GetPCLK1Freq  stm32f1xx_hal_rcc.o
    0x08001940   0x08001940   0x00000020   Code   RO         3034    i.HAL_RCC_GetPCLK2Freq  stm32f1xx_hal_rcc.o
    0x08001960   0x08001960   0x00000074   Code   RO         3035    i.HAL_RCC_GetSysClockFreq  stm32f1xx_hal_rcc.o
    0x080019d4   0x080019d4   0x00000384   Code   RO         3038    i.HAL_RCC_OscConfig  stm32f1xx_hal_rcc.o
    0x08001d58   0x08001d58   0x00000002   Code   RO         2269    i.HAL_TIMEx_BreakCallback  stm32f1xx_hal_tim_ex.o
    0x08001d5a   0x08001d5a   0x00000002   Code   RO         2270    i.HAL_TIMEx_CommutCallback  stm32f1xx_hal_tim_ex.o
    0x08001d5c   0x08001d5c   0x00000042   Code   RO         2287    i.HAL_TIMEx_MasterConfigSynchronization  stm32f1xx_hal_tim_ex.o
    0x08001d9e   0x08001d9e   0x00000038   Code   RO         1583    i.HAL_TIM_Base_Init  stm32f1xx_hal_tim.o
    0x08001dd6   0x08001dd6   0x00000002   PAD
    0x08001dd8   0x08001dd8   0x00000108   Code   RO          987    i.HAL_TIM_Base_MspInit  tim.o
    0x08001ee0   0x08001ee0   0x00000022   Code   RO         1588    i.HAL_TIM_Base_Start_IT  stm32f1xx_hal_tim.o
    0x08001f02   0x08001f02   0x000000e2   Code   RO         1592    i.HAL_TIM_ConfigClockSource  stm32f1xx_hal_tim.o
    0x08001fe4   0x08001fe4   0x00000004   Code   RO          795    i.HAL_TIM_IC_CaptureCallback  main.o
    0x08001fe8   0x08001fe8   0x000000bc   Code   RO         1614    i.HAL_TIM_IC_ConfigChannel  stm32f1xx_hal_tim.o
    0x080020a4   0x080020a4   0x00000038   Code   RO         1617    i.HAL_TIM_IC_Init   stm32f1xx_hal_tim.o
    0x080020dc   0x080020dc   0x00000002   Code   RO         1619    i.HAL_TIM_IC_MspInit  stm32f1xx_hal_tim.o
    0x080020de   0x080020de   0x0000005e   Code   RO         1622    i.HAL_TIM_IC_Start_IT  stm32f1xx_hal_tim.o
    0x0800213c   0x0800213c   0x0000016e   Code   RO         1626    i.HAL_TIM_IRQHandler  stm32f1xx_hal_tim.o
    0x080022aa   0x080022aa   0x00000002   PAD
    0x080022ac   0x080022ac   0x00000060   Code   RO          988    i.HAL_TIM_MspPostInit  tim.o
    0x0800230c   0x0800230c   0x00000002   Code   RO         1629    i.HAL_TIM_OC_DelayElapsedCallback  stm32f1xx_hal_tim.o
    0x0800230e   0x0800230e   0x000000da   Code   RO         1650    i.HAL_TIM_PWM_ConfigChannel  stm32f1xx_hal_tim.o
    0x080023e8   0x080023e8   0x00000038   Code   RO         1653    i.HAL_TIM_PWM_Init  stm32f1xx_hal_tim.o
    0x08002420   0x08002420   0x00000002   Code   RO         1655    i.HAL_TIM_PWM_MspInit  stm32f1xx_hal_tim.o
    0x08002422   0x08002422   0x00000002   Code   RO         1656    i.HAL_TIM_PWM_PulseFinishedCallback  stm32f1xx_hal_tim.o
    0x08002424   0x08002424   0x0000004c   Code   RO          796    i.HAL_TIM_PeriodElapsedCallback  main.o
    0x08002470   0x08002470   0x00000002   Code   RO         1669    i.HAL_TIM_TriggerCallback  stm32f1xx_hal_tim.o
    0x08002472   0x08002472   0x00000058   Code   RO         2539    i.HAL_UART_DMAStop  stm32f1xx_hal_uart.o
    0x080024ca   0x080024ca   0x00000002   Code   RO         2541    i.HAL_UART_ErrorCallback  stm32f1xx_hal_uart.o
    0x080024cc   0x080024cc   0x00000110   Code   RO         2544    i.HAL_UART_IRQHandler  stm32f1xx_hal_uart.o
    0x080025dc   0x080025dc   0x00000064   Code   RO         2545    i.HAL_UART_Init     stm32f1xx_hal_uart.o
    0x08002640   0x08002640   0x0000024c   Code   RO         1053    i.HAL_UART_MspInit  usart.o
    0x0800288c   0x0800288c   0x0000009c   Code   RO         2549    i.HAL_UART_Receive_DMA  stm32f1xx_hal_uart.o
    0x08002928   0x08002928   0x00000002   Code   RO         2551    i.HAL_UART_RxCpltCallback  stm32f1xx_hal_uart.o
    0x0800292a   0x0800292a   0x00000002   Code   RO         2552    i.HAL_UART_RxHalfCpltCallback  stm32f1xx_hal_uart.o
    0x0800292c   0x0800292c   0x0000008c   Code   RO         2554    i.HAL_UART_Transmit_DMA  stm32f1xx_hal_uart.o
    0x080029b8   0x080029b8   0x00000002   Code   RO         2556    i.HAL_UART_TxCpltCallback  stm32f1xx_hal_uart.o
    0x080029ba   0x080029ba   0x00000002   Code   RO         2557    i.HAL_UART_TxHalfCpltCallback  stm32f1xx_hal_uart.o
    0x080029bc   0x080029bc   0x00000002   Code   RO         1120    i.HardFault_Handler  stm32f1xx_it.o
    0x080029be   0x080029be   0x00000002   PAD
    0x080029c0   0x080029c0   0x00000014   Code   RO          317    i.JY61_Set_Yaw_Zero  bsp_uart.o
    0x080029d4   0x080029d4   0x000001d8   Code   RO          318    i.JY61_Uart_Callback_Handle  bsp_uart.o
    0x08002bac   0x08002bac   0x00000038   Code   RO         1054    i.LEONARD_USART3_UART_Init  usart.o
    0x08002be4   0x08002be4   0x0000004c   Code   RO          884    i.MX_DAC_Init       dac.o
    0x08002c30   0x08002c30   0x0000007c   Code   RO          924    i.MX_DMA_Init       dma.o
    0x08002cac   0x08002cac   0x00000068   Code   RO          948    i.MX_FREERTOS_Init  freertos.o
    0x08002d14   0x08002d14   0x00000110   Code   RO          858    i.MX_GPIO_Init      gpio.o
    0x08002e24   0x08002e24   0x00000098   Code   RO          989    i.MX_TIM1_Init      tim.o
    0x08002ebc   0x08002ebc   0x00000098   Code   RO          990    i.MX_TIM3_Init      tim.o
    0x08002f54   0x08002f54   0x00000048   Code   RO          991    i.MX_TIM6_Init      tim.o
    0x08002f9c   0x08002f9c   0x00000098   Code   RO          992    i.MX_TIM8_Init      tim.o
    0x08003034   0x08003034   0x00000038   Code   RO         1055    i.MX_USART1_UART_Init  usart.o
    0x0800306c   0x0800306c   0x00000038   Code   RO         1056    i.MX_USART2_UART_Init  usart.o
    0x080030a4   0x080030a4   0x0000003c   Code   RO         1057    i.MX_USART3_UART_Init  usart.o
    0x080030e0   0x080030e0   0x00000002   Code   RO         1121    i.MemManage_Handler  stm32f1xx_it.o
    0x080030e2   0x080030e2   0x0000000e   Code   RO          440    i.MotorGoAhead      motor_con.o
    0x080030f0   0x080030f0   0x0000000e   Code   RO          441    i.MotorGoBack       motor_con.o
    0x080030fe   0x080030fe   0x00000002   PAD
    0x08003100   0x08003100   0x00000098   Code   RO          442    i.MotorInit         motor_con.o
    0x08003198   0x08003198   0x00000074   Code   RO          443    i.MotorSetOut       motor_con.o
    0x0800320c   0x0800320c   0x0000000a   Code   RO          444    i.MotorStart        motor_con.o
    0x08003216   0x08003216   0x0000000a   Code   RO          445    i.MotorStop         motor_con.o
    0x08003220   0x08003220   0x00000060   Code   RO          446    i.MotorTIMHandler   motor_con.o
    0x08003280   0x08003280   0x0000002a   Code   RO          673    i.NMEA_Comma_Pos    gps.o
    0x080032aa   0x080032aa   0x00000002   PAD
    0x080032ac   0x080032ac   0x00000060   Code   RO          674    i.NMEA_GNGGA_Analysis  gps.o
    0x0800330c   0x0800330c   0x000000a0   Code   RO          675    i.NMEA_GNGSA_Analysis  gps.o
    0x080033ac   0x080033ac   0x000001e8   Code   RO          676    i.NMEA_GNRMC_Analysis  gps.o
    0x08003594   0x08003594   0x00000010   Code   RO          679    i.NMEA_Pow          gps.o
    0x080035a4   0x080035a4   0x000000c0   Code   RO          680    i.NMEA_Str2num      gps.o
    0x08003664   0x08003664   0x00000002   Code   RO         1122    i.NMI_Handler       stm32f1xx_it.o
    0x08003666   0x08003666   0x00000034   Code   RO          622    i.ProtocolFillPack  protocol.o
    0x0800369a   0x0800369a   0x00000036   Code   RO          623    i.ProtocolPack      protocol.o
    0x080036d0   0x080036d0   0x00000024   Code   RO         3039    i.RCC_Delay         stm32f1xx_hal_rcc.o
    0x080036f4   0x080036f4   0x000000d0   Code   RO          624    i.ReceiveHandle     protocol.o
    0x080037c4   0x080037c4   0x000000d4   Code   RO          252    i.Remote_Receive_Task  remote_receive_task.o
    0x08003898   0x08003898   0x00000058   Code   RO          681    i.SkyTra_Cfg_Ack_Check  gps.o
    0x080038f0   0x080038f0   0x00000054   Code   RO          682    i.SkyTra_Cfg_Prt    gps.o
    0x08003944   0x08003944   0x0000003c   Code   RO          683    i.SkyTra_Cfg_Rate   gps.o
    0x08003980   0x08003980   0x0000006c   Code   RO          684    i.SkyTra_Cfg_Tp     gps.o
    0x080039ec   0x080039ec   0x00000014   Code   RO          685    i.SkyTra_Send_Date  gps.o
    0x08003a00   0x08003a00   0x0000000c   Code   RO          949    i.StartDefaultTask  freertos.o
    0x08003a0c   0x08003a0c   0x0000002c   Code   RO         5063    i.SysTick_Handler   port.o
    0x08003a38   0x08003a38   0x00000078   Code   RO          319    i.Sys_Uart_Init     bsp_uart.o
    0x08003ab0   0x08003ab0   0x0000005e   Code   RO          797    i.SystemClock_Config  main.o
    0x08003b0e   0x08003b0e   0x00000002   PAD
    0x08003b10   0x08003b10   0x00000048   Code   RO         3853    i.SystemInit        system_stm32f1xx.o
    0x08003b58   0x08003b58   0x0000000c   Code   RO         1123    i.TIM1_CC_IRQHandler  stm32f1xx_it.o
    0x08003b64   0x08003b64   0x0000000c   Code   RO         1124    i.TIM3_IRQHandler   stm32f1xx_it.o
    0x08003b70   0x08003b70   0x0000000c   Code   RO         1125    i.TIM4_IRQHandler   stm32f1xx_it.o
    0x08003b7c   0x08003b7c   0x0000000c   Code   RO         1126    i.TIM6_IRQHandler   stm32f1xx_it.o
    0x08003b88   0x08003b88   0x0000000c   Code   RO         1127    i.TIM8_CC_IRQHandler  stm32f1xx_it.o
    0x08003b94   0x08003b94   0x00000090   Code   RO         1671    i.TIM_Base_SetConfig  stm32f1xx_hal_tim.o
    0x08003c24   0x08003c24   0x0000001a   Code   RO         1672    i.TIM_CCxChannelCmd  stm32f1xx_hal_tim.o
    0x08003c3e   0x08003c3e   0x00000014   Code   RO         1682    i.TIM_ETR_SetConfig  stm32f1xx_hal_tim.o
    0x08003c52   0x08003c52   0x00000010   Code   RO         1683    i.TIM_ITRx_SetConfig  stm32f1xx_hal_tim.o
    0x08003c62   0x08003c62   0x00000002   PAD
    0x08003c64   0x08003c64   0x00000068   Code   RO         1684    i.TIM_OC1_SetConfig  stm32f1xx_hal_tim.o
    0x08003ccc   0x08003ccc   0x00000074   Code   RO         1685    i.TIM_OC2_SetConfig  stm32f1xx_hal_tim.o
    0x08003d40   0x08003d40   0x00000070   Code   RO         1686    i.TIM_OC3_SetConfig  stm32f1xx_hal_tim.o
    0x08003db0   0x08003db0   0x00000054   Code   RO         1687    i.TIM_OC4_SetConfig  stm32f1xx_hal_tim.o
    0x08003e04   0x08003e04   0x00000022   Code   RO         1689    i.TIM_TI1_ConfigInputStage  stm32f1xx_hal_tim.o
    0x08003e26   0x08003e26   0x00000002   PAD
    0x08003e28   0x08003e28   0x0000006c   Code   RO         1690    i.TIM_TI1_SetConfig  stm32f1xx_hal_tim.o
    0x08003e94   0x08003e94   0x00000024   Code   RO         1691    i.TIM_TI2_ConfigInputStage  stm32f1xx_hal_tim.o
    0x08003eb8   0x08003eb8   0x00000036   Code   RO         1692    i.TIM_TI2_SetConfig  stm32f1xx_hal_tim.o
    0x08003eee   0x08003eee   0x00000032   Code   RO         1693    i.TIM_TI3_SetConfig  stm32f1xx_hal_tim.o
    0x08003f20   0x08003f20   0x00000038   Code   RO         1694    i.TIM_TI4_SetConfig  stm32f1xx_hal_tim.o
    0x08003f58   0x08003f58   0x00000058   Code   RO          320    i.Transmit_Chassis_Msg  bsp_uart.o
    0x08003fb0   0x08003fb0   0x0000007c   Code   RO          321    i.Transmit_Gps_Msg  bsp_uart.o
    0x0800402c   0x0800402c   0x00000010   Code   RO         2558    i.UART_DMAAbortOnError  stm32f1xx_hal_uart.o
    0x0800403c   0x0800403c   0x0000004a   Code   RO         2559    i.UART_DMAError     stm32f1xx_hal_uart.o
    0x08004086   0x08004086   0x0000003c   Code   RO         2560    i.UART_DMAReceiveCplt  stm32f1xx_hal_uart.o
    0x080040c2   0x080040c2   0x0000000a   Code   RO         2562    i.UART_DMARxHalfCplt  stm32f1xx_hal_uart.o
    0x080040cc   0x080040cc   0x0000002e   Code   RO         2564    i.UART_DMATransmitCplt  stm32f1xx_hal_uart.o
    0x080040fa   0x080040fa   0x0000000a   Code   RO         2566    i.UART_DMATxHalfCplt  stm32f1xx_hal_uart.o
    0x08004104   0x08004104   0x0000001c   Code   RO         2568    i.UART_EndRxTransfer  stm32f1xx_hal_uart.o
    0x08004120   0x08004120   0x0000001a   Code   RO         2569    i.UART_EndTransmit_IT  stm32f1xx_hal_uart.o
    0x0800413a   0x0800413a   0x00000012   Code   RO         2570    i.UART_EndTxTransfer  stm32f1xx_hal_uart.o
    0x0800414c   0x0800414c   0x0000009c   Code   RO         2571    i.UART_Receive_IT   stm32f1xx_hal_uart.o
    0x080041e8   0x080041e8   0x00000114   Code   RO         2572    i.UART_SetConfig    stm32f1xx_hal_uart.o
    0x080042fc   0x080042fc   0x00000066   Code   RO         2573    i.UART_Transmit_IT  stm32f1xx_hal_uart.o
    0x08004362   0x08004362   0x00000002   PAD
    0x08004364   0x08004364   0x00000018   Code   RO         1128    i.USART1_IRQHandler  stm32f1xx_it.o
    0x0800437c   0x0800437c   0x00000018   Code   RO         1129    i.USART2_IRQHandler  stm32f1xx_it.o
    0x08004394   0x08004394   0x00000018   Code   RO         1130    i.USART3_IRQHandler  stm32f1xx_it.o
    0x080043ac   0x080043ac   0x000000c0   Code   RO          322    i.Uart_Rx_Idle_Callback  bsp_uart.o
    0x0800446c   0x0800446c   0x00000006   Code   RO          323    i.Upper_Sys_Uart_Callback_Handle  bsp_uart.o
    0x08004472   0x08004472   0x00000002   Code   RO         1131    i.UsageFault_Handler  stm32f1xx_it.o
    0x08004474   0x08004474   0x00000028   Code   RO         5270    i.__ARM_fpclassify  m_ws.l(fpclassify.o)
    0x0800449c   0x0800449c   0x00000020   Code   RO         3344    i.__NVIC_SetPriority  stm32f1xx_hal_cortex.o
    0x080044bc   0x080044bc   0x00000388   Code   RO         5227    i.__ieee754_rem_pio2  m_ws.l(rred.o)
    0x08004844   0x08004844   0x000000fc   Code   RO         5210    i.__kernel_cos      m_ws.l(cos_i.o)
    0x08004940   0x08004940   0x000000aa   Code   RO         5272    i.__kernel_poly     m_ws.l(poly.o)
    0x080049ea   0x080049ea   0x00000002   PAD
    0x080049ec   0x080049ec   0x000000ec   Code   RO         5232    i.__kernel_sin      m_ws.l(sin_i.o)
    0x08004ad8   0x08004ad8   0x00000006   Code   RO         5214    i.__mathlib_dbl_infnan  m_ws.l(dunder.o)
    0x08004ade   0x08004ade   0x0000000c   Code   RO         5216    i.__mathlib_dbl_invalid  m_ws.l(dunder.o)
    0x08004aea   0x08004aea   0x00000002   PAD
    0x08004aec   0x08004aec   0x00000010   Code   RO         5219    i.__mathlib_dbl_underflow  m_ws.l(dunder.o)
    0x08004afc   0x08004afc   0x0000000e   Code   RO         5280    i.__scatterload_copy  mc_w.l(handlers.o)
    0x08004b0a   0x08004b0a   0x00000002   Code   RO         5281    i.__scatterload_null  mc_w.l(handlers.o)
    0x08004b0c   0x08004b0c   0x0000000e   Code   RO         5282    i.__scatterload_zeroinit  mc_w.l(handlers.o)
    0x08004b1a   0x08004b1a   0x00000002   PAD
    0x08004b1c   0x08004b1c   0x0000000c   Code   RO         5258    i.__set_errno       mc_w.l(errno.o)
    0x08004b28   0x08004b28   0x0000009c   Code   RO         5140    i.cos               m_ws.l(cos.o)
    0x08004bc4   0x08004bc4   0x000000b0   Code   RO          798    i.main              main.o
    0x08004c74   0x08004c74   0x0000000c   Code   RO         4634    i.makeFreeRtosPriority  cmsis_os.o
    0x08004c80   0x08004c80   0x00000010   Code   RO         4636    i.osDelay           cmsis_os.o
    0x08004c90   0x08004c90   0x0000000a   Code   RO         4639    i.osKernelStart     cmsis_os.o
    0x08004c9a   0x08004c9a   0x0000002e   Code   RO         4673    i.osThreadCreate    cmsis_os.o
    0x08004cc8   0x08004cc8   0x00000070   Code   RO         4326    i.prvAddCurrentTaskToDelayedList  tasks.o
    0x08004d38   0x08004d38   0x00000088   Code   RO         4327    i.prvAddNewTaskToReadyList  tasks.o
    0x08004dc0   0x08004dc0   0x0000003c   Code   RO         4328    i.prvCheckTasksWaitingTermination  tasks.o
    0x08004dfc   0x08004dfc   0x00000014   Code   RO         4329    i.prvDeleteTCB      tasks.o
    0x08004e10   0x08004e10   0x0000004c   Code   RO         5001    i.prvHeapInit       heap_4.o
    0x08004e5c   0x08004e5c   0x00000028   Code   RO         4330    i.prvIdleTask       tasks.o
    0x08004e84   0x08004e84   0x0000008e   Code   RO         4331    i.prvInitialiseNewTask  tasks.o
    0x08004f12   0x08004f12   0x00000002   PAD
    0x08004f14   0x08004f14   0x00000058   Code   RO         4332    i.prvInitialiseTaskLists  tasks.o
    0x08004f6c   0x08004f6c   0x00000054   Code   RO         5002    i.prvInsertBlockIntoFreeList  heap_4.o
    0x08004fc0   0x08004fc0   0x00000024   Code   RO         4333    i.prvResetNextTaskUnblockTime  tasks.o
    0x08004fe4   0x08004fe4   0x0000002c   Code   RO         5064    i.prvTaskExitError  port.o
    0x08005010   0x08005010   0x000000d4   Code   RO         5003    i.pvPortMalloc      heap_4.o
    0x080050e4   0x080050e4   0x0000001c   Code   RO         5065    i.pxPortInitialiseStack  port.o
    0x08005100   0x08005100   0x000000a0   Code   RO         5156    i.sin               m_ws.l(sin.o)
    0x080051a0   0x080051a0   0x00000026   Code   RO         3985    i.uxListRemove      list.o
    0x080051c6   0x080051c6   0x00000016   Code   RO         3986    i.vListInitialise   list.o
    0x080051dc   0x080051dc   0x00000006   Code   RO         3987    i.vListInitialiseItem  list.o
    0x080051e2   0x080051e2   0x00000030   Code   RO         3988    i.vListInsert       list.o
    0x08005212   0x08005212   0x00000018   Code   RO         3989    i.vListInsertEnd    list.o
    0x0800522a   0x0800522a   0x00000002   PAD
    0x0800522c   0x0800522c   0x00000040   Code   RO         5067    i.vPortEnterCritical  port.o
    0x0800526c   0x0800526c   0x0000002c   Code   RO         5068    i.vPortExitCritical  port.o
    0x08005298   0x08005298   0x0000005c   Code   RO         5004    i.vPortFree         heap_4.o
    0x080052f4   0x080052f4   0x00000024   Code   RO         5069    i.vPortSetupTimerInterrupt  port.o
    0x08005318   0x08005318   0x00000050   Code   RO         4341    i.vTaskDelay        tasks.o
    0x08005368   0x08005368   0x00000068   Code   RO         4354    i.vTaskStartScheduler  tasks.o
    0x080053d0   0x080053d0   0x00000010   Code   RO         4356    i.vTaskSuspendAll   tasks.o
    0x080053e0   0x080053e0   0x00000060   Code   RO         4357    i.vTaskSwitchContext  tasks.o
    0x08005440   0x08005440   0x000000a8   Code   RO         5071    i.xPortStartScheduler  port.o
    0x080054e8   0x080054e8   0x00000060   Code   RO         4359    i.xTaskCreate       tasks.o
    0x08005548   0x08005548   0x000000cc   Code   RO         4366    i.xTaskIncrementTick  tasks.o
    0x08005614   0x08005614   0x000000cc   Code   RO         4372    i.xTaskResumeAll    tasks.o
    0x080056e0   0x080056e0   0x00000600   Data   RO          390    .constdata          crc_transmit.o
    0x08005ce0   0x08005ce0   0x00000024   Data   RO          687    .constdata          gps.o
    0x08005d04   0x08005d04   0x00000050   Data   RO          950    .constdata          freertos.o
    0x08005d54   0x08005d54   0x00000010   Data   RO         3854    .constdata          system_stm32f1xx.o
    0x08005d64   0x08005d64   0x00000008   Data   RO         3855    .constdata          system_stm32f1xx.o
    0x08005d6c   0x08005d6c   0x00000004   PAD
    0x08005d70   0x08005d70   0x00000030   Data   RO         5211    .constdata          m_ws.l(cos_i.o)
    0x08005da0   0x08005da0   0x000000c8   Data   RO         5229    .constdata          m_ws.l(rred.o)
    0x08005e68   0x08005e68   0x00000028   Data   RO         5233    .constdata          m_ws.l(sin_i.o)
    0x08005e90   0x08005e90   0x00000038   Data   RO          951    .conststring        freertos.o
    0x08005ec8   0x08005ec8   0x00000020   Data   RO         5278    Region$$Table       anon$$obj.o


    Execution Region RW_IRAM1 (Exec base: 0x20000000, Load base: 0x08005ee8, Size: 0x00001ac0, Max: 0x00010000, ABSOLUTE)

    Exec Addr    Load Addr    Size         Type   Attr      Idx    E Section Name        Object

    0x20000000   0x08005ee8   0x00000014   Data   RW           14    .data               drive_task.o
    0x20000014   0x08005efc   0x00000001   Data   RW          254    .data               remote_receive_task.o
    0x20000015   0x08005efd   0x00000001   Data   RW          292    .data               orchard_rover_sys.o
    0x20000016   0x08005efe   0x00000003   Data   RW          325    .data               bsp_uart.o
    0x20000019   0x08005f01   0x00000001   PAD
    0x2000001a   0x08005f02   0x00000004   Data   RW          688    .data               gps.o
    0x2000001e   0x08005f06   0x00000004   Data   RW          802    .data               main.o
    0x20000022   0x08005f0a   0x00000002   PAD
    0x20000024   0x08005f0c   0x00000010   Data   RW          952    .data               freertos.o
    0x20000034   0x08005f1c   0x0000000c   Data   RW         2876    .data               stm32f1xx_hal.o
    0x20000040   0x08005f28   0x00000004   Data   RW         3856    .data               system_stm32f1xx.o
    0x20000044   0x08005f2c   0x0000003c   Data   RW         4375    .data               tasks.o
    0x20000080   0x08005f68   0x00000018   Data   RW         5009    .data               heap_4.o
    0x20000098   0x08005f80   0x0000000c   Data   RW         5072    .data               port.o
    0x200000a4   0x08005f8c   0x00000004   Data   RW         5259    .data               mc_w.l(errno.o)
    0x200000a8        -       0x00000010   Zero   RW          253    .bss                remote_receive_task.o
    0x200000b8        -       0x000000e0   Zero   RW          324    .bss                bsp_uart.o
    0x20000198        -       0x00000088   Zero   RW          449    .bss                motor_con.o
    0x20000220        -       0x0000003c   Zero   RW          625    .bss                protocol.o
    0x2000025c        -       0x000003c6   Zero   RW          686    .bss                gps.o
    0x20000622   0x08005f90   0x00000002   PAD
    0x20000624        -       0x00000014   Zero   RW          885    .bss                dac.o
    0x20000638        -       0x00000100   Zero   RW          993    .bss                tim.o
    0x20000738        -       0x00000258   Zero   RW         1058    .bss                usart.o
    0x20000990        -       0x00000040   Zero   RW         1281    .bss                stm32f1xx_hal_timebase_tim.o
    0x200009d0        -       0x000000f0   Zero   RW         4374    .bss                tasks.o
    0x20000ac0        -       0x00000c00   Zero   RW         5008    .bss                heap_4.o
    0x200016c0        -       0x00000400   Zero   RW            1    STACK               startup_stm32f103xe.o


==============================================================================

Image component sizes


      Code (inc. data)   RO Data    RW Data    ZI Data      Debug   Object Name

      1034        110          0          3        224       5558   bsp_uart.o
        84          0          0          0          0      12243   cmsis_os.o
        68          6       1536          0          0       2446   crc_transmit.o
       164         20          0          0         20       1507   dac.o
       124          4          0          0          0        734   dma.o
       212         20          0         20          0     504922   drive_task.o
        12          0          0          0          0        435   encoder_task.o
         0          0          0          0          0       9488   event_groups.o
       116          8        136         16          0       5552   freertos.o
       272         22          0          0          0        943   gpio.o
      1544         86         36          4        966      10026   gps.o
       464         22          0         24       3072       7223   heap_4.o
       138          0          0          0          0       3294   list.o
       352         38          0          4          0       3252   main.o
       608         58          0          0        136       5297   motor_con.o
         0          0          0          1          0        211   orchard_rover_sys.o
       578         60          0         12          0      10104   port.o
       350         10          0          0         60       3375   protocol.o
       228         18          0          1         16       1745   remote_receive_task.o
        36          8        304          0       1024        784   startup_stm32f103xe.o
       100         18          0         12          0       5706   stm32f1xx_hal.o
       158         14          0          0          0      28166   stm32f1xx_hal_cortex.o
       246          0          0          0          0       3286   stm32f1xx_hal_dac.o
      1366         52          0          0          0       5286   stm32f1xx_hal_dma.o
       560         40          0          0          0       3407   stm32f1xx_hal_gpio.o
        72         10          0          0          0        826   stm32f1xx_hal_msp.o
      1528        114          0          0          0       7113   stm32f1xx_hal_rcc.o
      2264         76          0          0          0      20139   stm32f1xx_hal_tim.o
        70          0          0          0          0       2321   stm32f1xx_hal_tim_ex.o
       116         16          0          0         64       1371   stm32f1xx_hal_timebase_tim.o
      1588         36          0          0          0      14349   stm32f1xx_hal_uart.o
       216         84          0          0          0       8323   stm32f1xx_it.o
        72         16         24          4          0       1103   system_stm32f1xx.o
      1434        118          0         60        240      15173   tasks.o
       888         78          0          0        256       4355   tim.o
       816         76          0          0        600       3853   usart.o

    ----------------------------------------------------------------------
     17906       1238       2072        164       6680     713916   Object Totals
         0          0         32          0          0          0   (incl. Generated)
        28          0          4          3          2          0   (incl. Padding)

    ----------------------------------------------------------------------

      Code (inc. data)   RO Data    RW Data    ZI Data      Debug   Library Member Name

       156          8          0          0          0        104   cos.o
       252         22         48          0          0        124   cos_i.o
        34          6          0          0          0        204   dunder.o
        40          0          0          0          0         68   fpclassify.o
       170          0          0          0          0         96   poly.o
       904         76        200          0          0        140   rred.o
       160         10          0          0          0        108   sin.o
       236         12         40          0          0        128   sin_i.o
         0          0          0          0          0          0   entry.o
         0          0          0          0          0          0   entry10a.o
         0          0          0          0          0          0   entry11a.o
         8          4          0          0          0          0   entry2.o
         4          0          0          0          0          0   entry5.o
         0          0          0          0          0          0   entry7b.o
         0          0          0          0          0          0   entry8b.o
         8          4          0          0          0          0   entry9a.o
        12          6          0          4          0         68   errno.o
        30          0          0          0          0          0   handlers.o
        36          8          0          0          0         68   init.o
         0          0          0          0          0          0   iusefp.o
        30          0          0          0          0         68   llshl.o
        36          0          0          0          0         68   llsshr.o
        32          0          0          0          0         68   llushr.o
        36          0          0          0          0         68   memcpya.o
        36          0          0          0          0        108   memseta.o
        36          0          0          0          0         80   strstr.o
       334          0          0          0          0        148   dadd.o
       222          0          0          0          0        100   ddiv.o
       186          0          0          0          0        176   depilogue.o
        62          0          0          0          0         80   dfixi.o
        34          0          0          0          0         76   dflti.o
        26          0          0          0          0         76   dfltui.o
       228          0          0          0          0         96   dmul.o
        46          0          0          0          0         80   dscalb.o
       176          0          0          0          0        140   fadd.o
       124          0          0          0          0         88   fdiv.o
       110          0          0          0          0        168   fepilogue.o
        50          0          0          0          0         68   ffixi.o
        40          0          0          0          0         68   ffixui.o
        18          0          0          0          0         68   fflti.o
        10          0          0          0          0         68   ffltui.o
       100          0          0          0          0         76   fmul.o

    ----------------------------------------------------------------------
      4030        156        288          4          0       3144   Library Totals
         8          0          0          0          0          0   (incl. Padding)

    ----------------------------------------------------------------------

      Code (inc. data)   RO Data    RW Data    ZI Data      Debug   Library Name

      1952        134        288          0          0        972   m_ws.l
       304         22          0          4          0        596   mc_w.l
      1766          0          0          0          0       1576   mf_w.l

    ----------------------------------------------------------------------
      4030        156        288          4          0       3144   Library Totals

    ----------------------------------------------------------------------

==============================================================================


      Code (inc. data)   RO Data    RW Data    ZI Data      Debug   

     21936       1394       2360        168       6680     705200   Grand Totals
     21936       1394       2360        168       6680     705200   ELF Image Totals
     21936       1394       2360        168          0          0   ROM Totals

==============================================================================

    Total RO  Size (Code + RO Data)                24296 (  23.73kB)
    Total RW  Size (RW Data + ZI Data)              6848 (   6.69kB)
    Total ROM Size (Code + RO Data + RW Data)      24464 (  23.89kB)

==============================================================================

