Component: ARM Compiler 5.06 update 6 (build 750) Tool: armlink [4d35ed]

==============================================================================

Section Cross References

    startup_stm32f103xe.o(RESET) refers to startup_stm32f103xe.o(STACK) for __initial_sp
    startup_stm32f103xe.o(RESET) refers to startup_stm32f103xe.o(.text) for Reset_Handler
    startup_stm32f103xe.o(RESET) refers to stm32f1xx_it.o(i.NMI_Handler) for NMI_Handler
    startup_stm32f103xe.o(RESET) refers to stm32f1xx_it.o(i.HardFault_Handler) for HardFault_Handler
    startup_stm32f103xe.o(RESET) refers to stm32f1xx_it.o(i.MemManage_Handler) for MemManage_Handler
    startup_stm32f103xe.o(RESET) refers to stm32f1xx_it.o(i.BusFault_Handler) for BusFault_Handler
    startup_stm32f103xe.o(RESET) refers to stm32f1xx_it.o(i.UsageFault_Handler) for UsageFault_Handler
    startup_stm32f103xe.o(RESET) refers to port.o(.emb_text) for SVC_Handler
    startup_stm32f103xe.o(RESET) refers to stm32f1xx_it.o(i.DebugMon_Handler) for DebugMon_Handler
    startup_stm32f103xe.o(RESET) refers to port.o(i.SysTick_Handler) for SysTick_Handler
    startup_stm32f103xe.o(RESET) refers to stm32f1xx_it.o(i.DMA1_Channel2_IRQHandler) for DMA1_Channel2_IRQHandler
    startup_stm32f103xe.o(RESET) refers to stm32f1xx_it.o(i.DMA1_Channel3_IRQHandler) for DMA1_Channel3_IRQHandler
    startup_stm32f103xe.o(RESET) refers to stm32f1xx_it.o(i.DMA1_Channel4_IRQHandler) for DMA1_Channel4_IRQHandler
    startup_stm32f103xe.o(RESET) refers to stm32f1xx_it.o(i.DMA1_Channel5_IRQHandler) for DMA1_Channel5_IRQHandler
    startup_stm32f103xe.o(RESET) refers to stm32f1xx_it.o(i.DMA1_Channel6_IRQHandler) for DMA1_Channel6_IRQHandler
    startup_stm32f103xe.o(RESET) refers to stm32f1xx_it.o(i.DMA1_Channel7_IRQHandler) for DMA1_Channel7_IRQHandler
    startup_stm32f103xe.o(RESET) refers to stm32f1xx_it.o(i.TIM1_CC_IRQHandler) for TIM1_CC_IRQHandler
    startup_stm32f103xe.o(RESET) refers to stm32f1xx_it.o(i.TIM2_IRQHandler) for TIM2_IRQHandler
    startup_stm32f103xe.o(RESET) refers to stm32f1xx_it.o(i.TIM3_IRQHandler) for TIM3_IRQHandler
    startup_stm32f103xe.o(RESET) refers to stm32f1xx_it.o(i.TIM4_IRQHandler) for TIM4_IRQHandler
    startup_stm32f103xe.o(RESET) refers to stm32f1xx_it.o(i.USART1_IRQHandler) for USART1_IRQHandler
    startup_stm32f103xe.o(RESET) refers to stm32f1xx_it.o(i.USART2_IRQHandler) for USART2_IRQHandler
    startup_stm32f103xe.o(RESET) refers to stm32f1xx_it.o(i.USART3_IRQHandler) for USART3_IRQHandler
    startup_stm32f103xe.o(RESET) refers to stm32f1xx_it.o(i.TIM8_CC_IRQHandler) for TIM8_CC_IRQHandler
    startup_stm32f103xe.o(RESET) refers to stm32f1xx_it.o(i.TIM5_IRQHandler) for TIM5_IRQHandler
    startup_stm32f103xe.o(RESET) refers to stm32f1xx_it.o(i.TIM6_IRQHandler) for TIM6_IRQHandler
    startup_stm32f103xe.o(.text) refers to system_stm32f1xx.o(i.SystemInit) for SystemInit
    startup_stm32f103xe.o(.text) refers to entry.o(.ARM.Collect$$$$00000000) for __main
    drive_task.o(i.Drive_Task) refers to cmsis_os.o(i.osDelay) for osDelay
    drive_task.o(i.Drive_Task) refers to remote_receive_task.o(i.GetRemoteCmd) for GetRemoteCmd
    drive_task.o(i.Drive_Task) refers to ffltui.o(.text) for __aeabi_ui2f
    drive_task.o(i.Drive_Task) refers to fmul.o(.text) for __aeabi_fmul
    drive_task.o(i.Drive_Task) refers to ffixi.o(.text) for __aeabi_f2iz
    drive_task.o(i.Drive_Task) refers to motor_con.o(i.MotorSetOut) for MotorSetOut
    drive_task.o(i.Drive_Task) refers to drive_task.o(.data) for .data
    drive_task.o(i.Drive_Task) refers to motor_con.o(.bss) for motorCon
    encoder_task.o(i.Encoder_Task) refers to motor_con.o(i.EncoderDateCalc) for EncoderDateCalc
    encoder_task.o(i.Encoder_Task) refers to cmsis_os.o(i.osDelay) for osDelay
    remote_receive_task.o(i.GetRemoteCmd) refers to remote_receive_task.o(.data) for .data
    remote_receive_task.o(i.Remote_Receive_Task) refers to cmsis_os.o(i.osDelay) for osDelay
    remote_receive_task.o(i.Remote_Receive_Task) refers to stm32f1xx_hal_gpio.o(i.HAL_GPIO_ReadPin) for HAL_GPIO_ReadPin
    remote_receive_task.o(i.Remote_Receive_Task) refers to remote_receive_task.o(.bss) for .bss
    remote_receive_task.o(i.Remote_Receive_Task) refers to remote_receive_task.o(.data) for .data
    read_range_task.o(i.Read_Range_Task) refers to ultrasonic.o(i.KS109_Init) for KS109_Init
    read_range_task.o(i.Read_Range_Task) refers to stepper_motor_con.o(i.StepperMotorInit) for StepperMotorInit
    read_range_task.o(i.Read_Range_Task) refers to stepper_motor_con.o(i.StepperMotorZero) for StepperMotorZero
    read_range_task.o(i.Read_Range_Task) refers to cmsis_os.o(i.osDelay) for osDelay
    read_range_task.o(i.Read_Range_Task) refers to dflti.o(.text) for __aeabi_i2d
    read_range_task.o(i.Read_Range_Task) refers to cdcmple.o(.text) for __aeabi_cdcmple
    read_range_task.o(i.Read_Range_Task) refers to stepper_motor_con.o(i.StepperMotorXRotate) for StepperMotorXRotate
[...]
    UART_Receive_IT                          0x080046d1   Thumb Code   156  stm32f1xx_hal_uart.o(i.UART_Receive_IT)
    i.UART_SetConfig                         0x0800476c   Section        0  stm32f1xx_hal_uart.o(i.UART_SetConfig)
    UART_SetConfig                           0x0800476d   Thumb Code   272  stm32f1xx_hal_uart.o(i.UART_SetConfig)
    i.UART_Transmit_IT                       0x08004880   Section        0  stm32f1xx_hal_uart.o(i.UART_Transmit_IT)
    UART_Transmit_IT                         0x08004881   Thumb Code   102  stm32f1xx_hal_uart.o(i.UART_Transmit_IT)
    i.UART_WaitOnFlagUntilTimeout            0x080048e6   Section        0  stm32f1xx_hal_uart.o(i.UART_WaitOnFlagUntilTimeout)
    UART_WaitOnFlagUntilTimeout              0x080048e7   Thumb Code   100  stm32f1xx_hal_uart.o(i.UART_WaitOnFlagUntilTimeout)
    i.USART1_IRQHandler                      0x0800494c   Section        0  stm32f1xx_it.o(i.USART1_IRQHandler)
    i.USART2_IRQHandler                      0x08004964   Section        0  stm32f1xx_it.o(i.USART2_IRQHandler)
    i.USART3_IRQHandler                      0x0800497c   Section        0  stm32f1xx_it.o(i.USART3_IRQHandler)
    i.Uart_Rx_Idle_Callback                  0x08004994   Section        0  bsp_uart.o(i.Uart_Rx_Idle_Callback)
    i.Upper_Sys_Uart_Callback_Handle         0x08004aac   Section        0  bsp_uart.o(i.Upper_Sys_Uart_Callback_Handle)
    i.UsageFault_Handler                     0x08004ab2   Section        0  stm32f1xx_it.o(i.UsageFault_Handler)
    i.__ARM_fpclassify                       0x08004ab4   Section        0  fpclassify.o(i.__ARM_fpclassify)
    i.__NVIC_SetPriority                     0x08004adc   Section        0  stm32f1xx_hal_cortex.o(i.__NVIC_SetPriority)
    __NVIC_SetPriority                       0x08004add   Thumb Code    32  stm32f1xx_hal_cortex.o(i.__NVIC_SetPriority)
    i.__ieee754_rem_pio2                     0x08004afc   Section        0  rred.o(i.__ieee754_rem_pio2)
    i.__kernel_cos                           0x08004e84   Section        0  cos_i.o(i.__kernel_cos)
    i.__kernel_poly                          0x08004f80   Section        0  poly.o(i.__kernel_poly)
    i.__kernel_sin                           0x0800502c   Section        0  sin_i.o(i.__kernel_sin)
    i.__mathlib_dbl_infnan                   0x08005118   Section        0  dunder.o(i.__mathlib_dbl_infnan)
    i.__mathlib_dbl_invalid                  0x0800511e   Section        0  dunder.o(i.__mathlib_dbl_invalid)
    i.__mathlib_dbl_underflow                0x0800512c   Section        0  dunder.o(i.__mathlib_dbl_underflow)
    i.__scatterload_copy                     0x0800513c   Section       14  handlers.o(i.__scatterload_copy)
    i.__scatterload_null                     0x0800514a   Section        2  handlers.o(i.__scatterload_null)
    i.__scatterload_zeroinit                 0x0800514c   Section       14  handlers.o(i.__scatterload_zeroinit)
    i.__set_errno                            0x0800515c   Section        0  errno.o(i.__set_errno)
    i.cos                                    0x08005168   Section        0  cos.o(i.cos)
    i.main                                   0x08005204   Section        0  main.o(i.main)
    i.makeFreeRtosPriority                   0x080052e4   Section        0  cmsis_os.o(i.makeFreeRtosPriority)
    makeFreeRtosPriority                     0x080052e5   Thumb Code    12  cmsis_os.o(i.makeFreeRtosPriority)
    i.osDelay                                0x080052f0   Section        0  cmsis_os.o(i.osDelay)
    i.osKernelStart                          0x08005300   Section        0  cmsis_os.o(i.osKernelStart)
    i.osThreadCreate                         0x0800530a   Section        0  cmsis_os.o(i.osThreadCreate)
    i.prvAddCurrentTaskToDelayedList         0x08005338   Section        0  tasks.o(i.prvAddCurrentTaskToDelayedList)
    prvAddCurrentTaskToDelayedList           0x08005339   Thumb Code   104  tasks.o(i.prvAddCurrentTaskToDelayedList)
    i.prvAddNewTaskToReadyList               0x080053a8   Section        0  tasks.o(i.prvAddNewTaskToReadyList)
    prvAddNewTaskToReadyList                 0x080053a9   Thumb Code   124  tasks.o(i.prvAddNewTaskToReadyList)
    i.prvCheckTasksWaitingTermination        0x08005430   Section        0  tasks.o(i.prvCheckTasksWaitingTermination)
    prvCheckTasksWaitingTermination          0x08005431   Thumb Code    52  tasks.o(i.prvCheckTasksWaitingTermination)
    i.prvDeleteTCB                           0x0800546c   Section        0  tasks.o(i.prvDeleteTCB)
    prvDeleteTCB                             0x0800546d   Thumb Code    20  tasks.o(i.prvDeleteTCB)
    i.prvHeapInit                            0x08005480   Section        0  heap_4.o(i.prvHeapInit)
    prvHeapInit                              0x08005481   Thumb Code    68  heap_4.o(i.prvHeapInit)
    i.prvIdleTask                            0x080054cc   Section        0  tasks.o(i.prvIdleTask)
    prvIdleTask                              0x080054cd   Thumb Code    30  tasks.o(i.prvIdleTask)
    i.prvInitialiseNewTask                   0x080054f4   Section        0  tasks.o(i.prvInitialiseNewTask)
    prvInitialiseNewTask                     0x080054f5   Thumb Code   142  tasks.o(i.prvInitialiseNewTask)
    i.prvInitialiseTaskLists                 0x08005584   Section        0  tasks.o(i.prvInitialiseTaskLists)
    prvInitialiseTaskLists                   0x08005585   Thumb Code    78  tasks.o(i.prvInitialiseTaskLists)
    i.prvInsertBlockIntoFreeList             0x080055dc   Section        0  heap_4.o(i.prvInsertBlockIntoFreeList)
    prvInsertBlockIntoFreeList               0x080055dd   Thumb Code    78  heap_4.o(i.prvInsertBlockIntoFreeList)
    i.prvResetNextTaskUnblockTime            0x08005630   Section        0  tasks.o(i.prvResetNextTaskUnblockTime)
    prvResetNextTaskUnblockTime              0x08005631   Thumb Code    30  tasks.o(i.prvResetNextTaskUnblockTime)
    i.prvTaskExitError                       0x08005654   Section        0  port.o(i.prvTaskExitError)
    prvTaskExitError                         0x08005655   Thumb Code    40  port.o(i.prvTaskExitError)
    i.pvPortMalloc                           0x08005680   Section        0  heap_4.o(i.pvPortMalloc)
    i.pxPortInitialiseStack                  0x08005754   Section        0  port.o(i.pxPortInitialiseStack)
    i.sin                                    0x08005770   Section        0  sin.o(i.sin)
    i.uxListRemove                           0x08005810   Section        0  list.o(i.uxListRemove)
    i.vListInitialise                        0x08005836   Section        0  list.o(i.vListInitialise)
    i.vListInitialiseItem                    0x0800584c   Section        0  list.o(i.vListInitialiseItem)
    i.vListInsert                            0x08005852   Section        0  list.o(i.vListInsert)
    i.vListInsertEnd                         0x08005882   Section        0  list.o(i.vListInsertEnd)
    i.vPortEnterCritical                     0x0800589c   Section        0  port.o(i.vPortEnterCritical)
    i.vPortExitCritical                      0x080058dc   Section        0  port.o(i.vPortExitCritical)
    i.vPortFree                              0x08005908   Section        0  heap_4.o(i.vPortFree)
    i.vPortSetupTimerInterrupt               0x08005964   Section        0  port.o(i.vPortSetupTimerInterrupt)
    i.vTaskDelay                             0x08005988   Section        0  tasks.o(i.vTaskDelay)
    i.vTaskStartScheduler                    0x080059d8   Section        0  tasks.o(i.vTaskStartScheduler)
    i.vTaskSuspendAll                        0x08005a40   Section        0  tasks.o(i.vTaskSuspendAll)
    i.vTaskSwitchContext                     0x08005a50   Section        0  tasks.o(i.vTaskSwitchContext)
    i.xPortStartScheduler                    0x08005ab0   Section        0  port.o(i.xPortStartScheduler)
    i.xTaskCreate                            0x08005b58   Section        0  tasks.o(i.xTaskCreate)
    i.xTaskIncrementTick                     0x08005bb8   Section        0  tasks.o(i.xTaskIncrementTick)
    i.xTaskResumeAll                         0x08005c84   Section        0  tasks.o(i.xTaskResumeAll)
    .constdata                               0x08005d50   Section     1536  crc_transmit.o(.constdata)
    .constdata                               0x08006350   Section      100  freertos.o(.constdata)
    .constdata                               0x080063b4   Section       16  system_stm32f1xx.o(.constdata)
    .constdata                               0x080063c4   Section        8  system_stm32f1xx.o(.constdata)
    .constdata                               0x080063d0   Section       48  cos_i.o(.constdata)
    C                                        0x080063d0   Data          48  cos_i.o(.constdata)
    .constdata                               0x08006400   Section      200  rred.o(.constdata)
    pio2s                                    0x08006400   Data          48  rred.o(.constdata)
    twooverpi                                0x08006430   Data         152  rred.o(.constdata)
    .constdata                               0x080064c8   Section       40  sin_i.o(.constdata)
    S                                        0x080064c8   Data          40  sin_i.o(.constdata)
    .conststring                             0x080064f0   Section       72  freertos.o(.conststring)
    .data                                    0x20000000   Section       12  drive_task.o(.data)
    .data                                    0x2000000c   Section        1  remote_receive_task.o(.data)
    .data                                    0x2000000d   Section        2  read_range_task.o(.data)
    last_work_sta                            0x2000000d   Data           2  read_range_task.o(.data)
    .data                                    0x2000000f   Section        1  orchard_rover_sys.o(.data)
    .data                                    0x20000010   Section        3  bsp_uart.o(.data)
    .data                                    0x20000014   Section        8  leonard_delay.o(.data)
    fac_ms                                   0x20000014   Data           2  leonard_delay.o(.data)
    fac_us                                   0x20000018   Data           4  leonard_delay.o(.data)
    .data                                    0x2000001c   Section        7  protocol.o(.data)
    .data                                    0x20000023   Section        4  main.o(.data)
    .data                                    0x20000028   Section       20  freertos.o(.data)
    .data                                    0x2000003c   Section       12  stm32f1xx_hal.o(.data)
    .data                                    0x20000048   Section        4  system_stm32f1xx.o(.data)
    .data                                    0x2000004c   Section       60  tasks.o(.data)
    pxDelayedTaskList                        0x20000050   Data           4  tasks.o(.data)
    pxOverflowDelayedTaskList                0x20000054   Data           4  tasks.o(.data)
    uxDeletedTasksWaitingCleanUp             0x20000058   Data           4  tasks.o(.data)
    uxCurrentNumberOfTasks                   0x2000005c   Data           4  tasks.o(.data)
    xTickCount                               0x20000060   Data           4  tasks.o(.data)
    uxTopReadyPriority                       0x20000064   Data           4  tasks.o(.data)
    xSchedulerRunning                        0x20000068   Data           4  tasks.o(.data)
    uxPendedTicks                            0x2000006c   Data           4  tasks.o(.data)
    xYieldPending                            0x20000070   Data           4  tasks.o(.data)
    xNumOfOverflows                          0x20000074   Data           4  tasks.o(.data)
    uxTaskNumber                             0x20000078   Data           4  tasks.o(.data)
    xNextTaskUnblockTime                     0x2000007c   Data           4  tasks.o(.data)
    xIdleTaskHandle                          0x20000080   Data           4  tasks.o(.data)
    uxSchedulerSuspended                     0x20000084   Data           4  tasks.o(.data)
    .data                                    0x20000088   Section       24  heap_4.o(.data)
    pxEnd                                    0x20000088   Data           4  heap_4.o(.data)
    xFreeBytesRemaining                      0x2000008c   Data           4  heap_4.o(.data)
    xMinimumEverFreeBytesRemaining           0x20000090   Data           4  heap_4.o(.data)
    xBlockAllocatedBit                       0x20000094   Data           4  heap_4.o(.data)
    xStart                                   0x20000098   Data           8  heap_4.o(.data)
    .data                                    0x200000a0   Section       12  port.o(.data)
    ucMaxSysCallPriority                     0x200000a0   Data           1  port.o(.data)
    uxCriticalNesting                        0x200000a4   Data           4  port.o(.data)
    ulMaxPRIGROUPValue                       0x200000a8   Data           4  port.o(.data)
    .data                                    0x200000ac   Section        4  errno.o(.data)
    _errno                                   0x200000ac   Data           4  errno.o(.data)
    .bss                                     0x200000b0   Section       16  remote_receive_task.o(.bss)
    .bss                                     0x200000c0   Section       34  read_range_task.o(.bss)
    .bss                                     0x200000e8   Section      344  bsp_uart.o(.bss)
    .bss                                     0x20000240   Section      136  motor_con.o(.bss)
    .bss                                     0x200002c8   Section       12  ultrasonic.o(.bss)
    .bss                                     0x200002d8   Section      144  stepper_motor_con.o(.bss)
    .bss                                     0x20000368   Section       60  protocol.o(.bss)
    .bss                                     0x200003a4   Section       20  dac.o(.bss)
    .bss                                     0x200003b8   Section      384  tim.o(.bss)
    .bss                                     0x20000538   Section      600  usart.o(.bss)
    .bss                                     0x20000790   Section       64  stm32f1xx_hal_timebase_tim.o(.bss)
    .bss                                     0x200007d0   Section      240  tasks.o(.bss)
    pxReadyTasksLists                        0x200007d0   Data         140  tasks.o(.bss)
    xDelayedTaskList1                        0x2000085c   Data          20  tasks.o(.bss)
    xDelayedTaskList2                        0x20000870   Data          20  tasks.o(.bss)
    xPendingReadyList                        0x20000884   Data          20  tasks.o(.bss)
    xTasksWaitingTermination                 0x20000898   Data          20  tasks.o(.bss)
    xSuspendedTaskList                       0x200008ac   Data          20  tasks.o(.bss)
    .bss                                     0x200008c0   Section     3072  heap_4.o(.bss)
    ucHeap                                   0x200008c0   Data        3072  heap_4.o(.bss)
    STACK                                    0x200014c0   Section     1024  startup_stm32f103xe.o(STACK)

    Global Symbols

    Symbol Name                              Value     Ov Type        Size  Object(Section)

    BuildAttributes$$THM_ISAv4$P$D$K$B$S$PE$A:L22UL41UL21$X:L11$S22US41US21$IEEE1$IW$USESV6$~STKCKD$USESV7$~SHL$OTIME$ROPI$IEEEX$EBA8$MICROLIB$REQ8$PRES8$EABIv2 0x00000000   Number         0  anon$$obj.o ABSOLUTE
    __ARM_use_no_argv                        0x00000000   Number         0  main.o ABSOLUTE
    __cpp_initialize__aeabi_                  - Undefined Weak Reference
    __cxa_finalize                            - Undefined Weak Reference
    __decompress                              - Undefined Weak Reference
    _clock_init                               - Undefined Weak Reference
    _microlib_exit                            - Undefined Weak Reference
    __Vectors_Size                           0x00000130   Number         0  startup_stm32f103xe.o ABSOLUTE
    __Vectors                                0x08000000   Data           4  startup_stm32f103xe.o(RESET)
    __Vectors_End                            0x08000130   Data           0  startup_stm32f103xe.o(RESET)
    __main                                   0x08000131   Thumb Code     0  entry.o(.ARM.Collect$$$$00000000)
    _main_stk                                0x08000131   Thumb Code     0  entry2.o(.ARM.Collect$$$$00000001)
    _main_scatterload                        0x08000135   Thumb Code     0  entry5.o(.ARM.Collect$$$$00000004)
    __main_after_scatterload                 0x08000139   Thumb Code     0  entry5.o(.ARM.Collect$$$$00000004)
    _main_clock                              0x08000139   Thumb Code     0  entry7b.o(.ARM.Collect$$$$00000008)
    _main_cpp_init                           0x08000139   Thumb Code     0  entry8b.o(.ARM.Collect$$$$0000000A)
    _main_init                               0x08000139   Thumb Code     0  entry9a.o(.ARM.Collect$$$$0000000B)
    __rt_final_cpp                           0x08000141   Thumb Code     0  entry10a.o(.ARM.Collect$$$$0000000D)
    __rt_final_exit                          0x08000141   Thumb Code     0  entry11a.o(.ARM.Collect$$$$0000000F)
    SVC_Handler                              0x08000145   Thumb Code    32  port.o(.emb_text)
    __asm___6_port_c_39a90d8d__prvStartFirstTask 0x08000169   Thumb Code    28  port.o(.emb_text)
    PendSV_Handler                           0x08000189   Thumb Code    72  port.o(.emb_text)
    vPortGetIPSR                             0x080001d5   Thumb Code     6  port.o(.emb_text)
    Reset_Handler                            0x080001dd   Thumb Code     8  startup_stm32f103xe.o(.text)
    ADC1_2_IRQHandler                        0x080001f7   Thumb Code     0  startup_stm32f103xe.o(.text)
    ADC3_IRQHandler                          0x080001f7   Thumb Code     0  startup_stm32f103xe.o(.text)
    CAN1_RX1_IRQHandler                      0x080001f7   Thumb Code     0  startup_stm32f103xe.o(.text)
    CAN1_SCE_IRQHandler                      0x080001f7   Thumb Code     0  startup_stm32f103xe.o(.text)
    DMA1_Channel1_IRQHandler                 0x080001f7   Thumb Code     0  startup_stm32f103xe.o(.text)
    DMA2_Channel1_IRQHandler                 0x080001f7   Thumb Code     0  startup_stm32f103xe.o(.text)
    DMA2_Channel2_IRQHandler                 0x080001f7   Thumb Code     0  startup_stm32f103xe.o(.text)
    DMA2_Channel3_IRQHandler                 0x080001f7   Thumb Code     0  startup_stm32f103xe.o(.text)
    DMA2_Channel4_5_IRQHandler               0x080001f7   Thumb Code     0  startup_stm32f103xe.o(.text)
    EXTI0_IRQHandler                         0x080001f7   Thumb Code     0  startup_stm32f103xe.o(.text)
    EXTI15_10_IRQHandler                     0x080001f7   Thumb Code     0  startup_stm32f103xe.o(.text)
    EXTI1_IRQHandler                         0x080001f7   Thumb Code     0  startup_stm32f103xe.o(.text)
    EXTI2_IRQHandler                         0x080001f7   Thumb Code     0  startup_stm32f103xe.o(.text)
    EXTI3_IRQHandler                         0x080001f7   Thumb Code     0  startup_stm32f103xe.o(.text)
    EXTI4_IRQHandler                         0x080001f7   Thumb Code     0  startup_stm32f103xe.o(.text)
    EXTI9_5_IRQHandler                       0x080001f7   Thumb Code     0  startup_stm32f103xe.o(.text)
    FLASH_IRQHandler                         0x080001f7   Thumb Code     0  startup_stm32f103xe.o(.text)
    FSMC_IRQHandler                          0x080001f7   Thumb Code     0  startup_stm32f103xe.o(.text)
    I2C1_ER_IRQHandler                       0x080001f7   Thumb Code     0  startup_stm32f103xe.o(.text)
    I2C1_EV_IRQHandler                       0x080001f7   Thumb Code     0  startup_stm32f103xe.o(.text)
    I2C2_ER_IRQHandler                       0x080001f7   Thumb Code     0  startup_stm32f103xe.o(.text)
    I2C2_EV_IRQHandler                       0x080001f7   Thumb Code     0  startup_stm32f103xe.o(.text)
    PVD_IRQHandler                           0x080001f7   Thumb Code     0  startup_stm32f103xe.o(.text)
    RCC_IRQHandler                           0x080001f7   Thumb Code     0  startup_stm32f103xe.o(.text)
    RTC_Alarm_IRQHandler                     0x080001f7   Thumb Code     0  startup_stm32f103xe.o(.text)
    RTC_IRQHandler                           0x080001f7   Thumb Code     0  startup_stm32f103xe.o(.text)
    SDIO_IRQHandler                          0x080001f7   Thumb Code     0  startup_stm32f103xe.o(.text)
    SPI1_IRQHandler                          0x080001f7   Thumb Code     0  startup_stm32f103xe.o(.text)
    SPI2_IRQHandler                          0x080001f7   Thumb Code     0  startup_stm32f103xe.o(.text)
    SPI3_IRQHandler                          0x080001f7   Thumb Code     0  startup_stm32f103xe.o(.text)
    TAMPER_IRQHandler                        0x080001f7   Thumb Code     0  startup_stm32f103xe.o(.text)
    TIM1_BRK_IRQHandler                      0x080001f7   Thumb Code     0  startup_stm32f103xe.o(.text)
    TIM1_TRG_COM_IRQHandler                  0x080001f7   Thumb Code     0  startup_stm32f103xe.o(.text)
    TIM1_UP_IRQHandler                       0x080001f7   Thumb Code     0  startup_stm32f103xe.o(.text)
    TIM7_IRQHandler                          0x080001f7   Thumb Code     0  startup_stm32f103xe.o(.text)
    TIM8_BRK_IRQHandler                      0x080001f7   Thumb Code     0  startup_stm32f103xe.o(.text)
    TIM8_TRG_COM_IRQHandler                  0x080001f7   Thumb Code     0  startup_stm32f103xe.o(.text)
    TIM8_UP_IRQHandler                       0x080001f7   Thumb Code     0  startup_stm32f103xe.o(.text)
    UART4_IRQHandler                         0x080001f7   Thumb Code     0  startup_stm32f103xe.o(.text)
    UART5_IRQHandler                         0x080001f7   Thumb Code     0  startup_stm32f103xe.o(.text)
    USBWakeUp_IRQHandler                     0x080001f7   Thumb Code     0  startup_stm32f103xe.o(.text)
    USB_HP_CAN1_TX_IRQHandler                0x080001f7   Thumb Code     0  startup_stm32f103xe.o(.text)
    USB_LP_CAN1_RX0_IRQHandler               0x080001f7   Thumb Code     0  startup_stm32f103xe.o(.text)
    WWDG_IRQHandler                          0x080001f7   Thumb Code     0  startup_stm32f103xe.o(.text)
    __aeabi_llsr                             0x08000201   Thumb Code    32  llushr.o(.text)
    _ll_ushift_r                             0x08000201   Thumb Code     0  llushr.o(.text)
    __aeabi_memcpy                           0x08000221   Thumb Code    36  memcpya.o(.text)
    __aeabi_memcpy4                          0x08000221   Thumb Code     0  memcpya.o(.text)
    __aeabi_memcpy8                          0x08000221   Thumb Code     0  memcpya.o(.text)
    __aeabi_memset                           0x08000245   Thumb Code    14  memseta.o(.text)
    __aeabi_memset4                          0x08000245   Thumb Code     0  memseta.o(.text)
    __aeabi_memset8                          0x08000245   Thumb Code     0  memseta.o(.text)
    __aeabi_memclr                           0x08000253   Thumb Code     4  memseta.o(.text)
    __aeabi_memclr4                          0x08000253   Thumb Code     0  memseta.o(.text)
    __aeabi_memclr8                          0x08000253   Thumb Code     0  memseta.o(.text)
    memset                                   0x08000257   Thumb Code    18  memseta.o(.text)
    __aeabi_fmul                             0x08000269   Thumb Code   100  fmul.o(.text)
    __aeabi_dadd                             0x080002cd   Thumb Code   322  dadd.o(.text)
    __aeabi_dsub                             0x0800040f   Thumb Code     6  dadd.o(.text)
    __aeabi_drsub                            0x08000415   Thumb Code     6  dadd.o(.text)
    __aeabi_dmul                             0x0800041b   Thumb Code   228  dmul.o(.text)
    __aeabi_ddiv                             0x080004ff   Thumb Code   222  ddiv.o(.text)
    __ARM_scalbn                             0x080005dd   Thumb Code    46  dscalb.o(.text)
    scalbn                                   0x080005dd   Thumb Code     0  dscalb.o(.text)
    __aeabi_ui2f                             0x0800060b   Thumb Code    10  ffltui.o(.text)
    __aeabi_i2d                              0x08000615   Thumb Code    34  dflti.o(.text)
    __aeabi_f2iz                             0x08000637   Thumb Code    50  ffixi.o(.text)
    __aeabi_d2iz                             0x08000669   Thumb Code    62  dfixi.o(.text)
    __aeabi_cdcmpeq                          0x080006a9   Thumb Code     0  cdcmple.o(.text)
    __aeabi_cdcmple                          0x080006a9   Thumb Code    48  cdcmple.o(.text)
    __aeabi_llsl                             0x080006d9   Thumb Code    30  llshl.o(.text)
    _ll_shift_l                              0x080006d9   Thumb Code     0  llshl.o(.text)
    __aeabi_lasr                             0x080006f7   Thumb Code    36  llsshr.o(.text)
    _ll_sshift_r                             0x080006f7   Thumb Code     0  llsshr.o(.text)
    __I$use$fp                               0x0800071b   Thumb Code     0  iusefp.o(.text)
    _float_round                             0x0800071b   Thumb Code    18  fepilogue.o(.text)
    _float_epilogue                          0x0800072d   Thumb Code    92  fepilogue.o(.text)
    _double_round                            0x08000789   Thumb Code    30  depilogue.o(.text)
    _double_epilogue                         0x080007a7   Thumb Code   156  depilogue.o(.text)
    __scatterload                            0x08000845   Thumb Code    28  init.o(.text)
    __scatterload_rt2                        0x08000845   Thumb Code     0  init.o(.text)
    __aeabi_ui2d                             0x08000869   Thumb Code    26  dfltui.o(.text)
    BusFault_Handler                         0x08000883   Thumb Code     2  stm32f1xx_it.o(i.BusFault_Handler)
    CRC32Calc                                0x08000885   Thumb Code    28  crc_transmit.o(i.CRC32Calc)
    CRC32Update                              0x080008a1   Thumb Code    18  crc_transmit.o(i.CRC32Update)
    CRCTailCheck                             0x080008b9   Thumb Code    16  crc_transmit.o(i.CRCTailCheck)
    DMA1_Channel2_IRQHandler                 0x080008c9   Thumb Code     6  stm32f1xx_it.o(i.DMA1_Channel2_IRQHandler)
    DMA1_Channel3_IRQHandler                 0x080008d5   Thumb Code     6  stm32f1xx_it.o(i.DMA1_Channel3_IRQHandler)
    DMA1_Channel4_IRQHandler                 0x080008e1   Thumb Code     6  stm32f1xx_it.o(i.DMA1_Channel4_IRQHandler)
    DMA1_Channel5_IRQHandler                 0x080008ed   Thumb Code     6  stm32f1xx_it.o(i.DMA1_Channel5_IRQHandler)
    DMA1_Channel6_IRQHandler                 0x080008f9   Thumb Code     6  stm32f1xx_it.o(i.DMA1_Channel6_IRQHandler)
    DMA1_Channel7_IRQHandler                 0x08000905   Thumb Code     6  stm32f1xx_it.o(i.DMA1_Channel7_IRQHandler)
    DataHandle                               0x0800093d   Thumb Code    80  protocol.o(i.DataHandle)
    DebugMon_Handler                         0x08000999   Thumb Code     2  stm32f1xx_it.o(i.DebugMon_Handler)
    Drive_Task                               0x0800099d   Thumb Code   148  drive_task.o(i.Drive_Task)
    EncoderDateCalc                          0x08000a49   Thumb Code   180  motor_con.o(i.EncoderDateCalc)
    Encoder_Task                             0x08000b0d   Thumb Code    12  encoder_task.o(i.Encoder_Task)
    Error_Handler                            0x08000b19   Thumb Code     2  main.o(i.Error_Handler)
    Forward_Upper_Msg_To_Observe             0x08000b1d   Thumb Code    28  bsp_uart.o(i.Forward_Upper_Msg_To_Observe)
    GetRemoteCmd                             0x08000b41   Thumb Code    10  remote_receive_task.o(i.GetRemoteCmd)
    Get_Yaw_Angle                            0x08000b51   Thumb Code     8  bsp_uart.o(i.Get_Yaw_Angle)
    HAL_DAC_ConfigChannel                    0x08000b5d   Thumb Code    78  stm32f1xx_hal_dac.o(i.HAL_DAC_ConfigChannel)
    HAL_DAC_Init                             0x08000bab   Thumb Code    42  stm32f1xx_hal_dac.o(i.HAL_DAC_Init)
    HAL_DAC_MspInit                          0x08000bd5   Thumb Code    76  dac.o(i.HAL_DAC_MspInit)
    HAL_DAC_SetValue                         0x08000c2d   Thumb Code    32  stm32f1xx_hal_dac.o(i.HAL_DAC_SetValue)
    HAL_DAC_Start                            0x08000c4d   Thumb Code    94  stm32f1xx_hal_dac.o(i.HAL_DAC_Start)
    HAL_DMA_Abort                            0x08000cab   Thumb Code    70  stm32f1xx_hal_dma.o(i.HAL_DMA_Abort)
    HAL_DMA_Abort_IT                         0x08000cf1   Thumb Code   328  stm32f1xx_hal_dma.o(i.HAL_DMA_Abort_IT)
    HAL_DMA_IRQHandler                       0x08000e41   Thumb Code   640  stm32f1xx_hal_dma.o(i.HAL_DMA_IRQHandler)
    HAL_DMA_Init                             0x080010e1   Thumb Code   116  stm32f1xx_hal_dma.o(i.HAL_DMA_Init)
    HAL_DMA_Start_IT                         0x08001161   Thumb Code   116  stm32f1xx_hal_dma.o(i.HAL_DMA_Start_IT)
    HAL_Delay                                0x080011d5   Thumb Code    32  stm32f1xx_hal.o(i.HAL_Delay)
    HAL_GPIO_Init                            0x080011f9   Thumb Code   492  stm32f1xx_hal_gpio.o(i.HAL_GPIO_Init)
    HAL_GPIO_ReadPin                         0x0800140d   Thumb Code    14  stm32f1xx_hal_gpio.o(i.HAL_GPIO_ReadPin)
    HAL_GPIO_WritePin                        0x0800141b   Thumb Code    14  stm32f1xx_hal_gpio.o(i.HAL_GPIO_WritePin)
    HAL_GetTick                              0x08001429   Thumb Code     6  stm32f1xx_hal.o(i.HAL_GetTick)
    HAL_IncTick                              0x08001435   Thumb Code    12  stm32f1xx_hal.o(i.HAL_IncTick)
    HAL_Init                                 0x08001445   Thumb Code    32  stm32f1xx_hal.o(i.HAL_Init)
    HAL_InitTick                             0x08001469   Thumb Code   100  stm32f1xx_hal_timebase_tim.o(i.HAL_InitTick)
    HAL_MspInit                              0x080014dd   Thumb Code    62  stm32f1xx_hal_msp.o(i.HAL_MspInit)
    HAL_NVIC_EnableIRQ                       0x08001525   Thumb Code    26  stm32f1xx_hal_cortex.o(i.HAL_NVIC_EnableIRQ)
    HAL_NVIC_SetPriority                     0x08001541   Thumb Code    60  stm32f1xx_hal_cortex.o(i.HAL_NVIC_SetPriority)
    HAL_NVIC_SetPriorityGrouping             0x08001581   Thumb Code    26  stm32f1xx_hal_cortex.o(i.HAL_NVIC_SetPriorityGrouping)
    HAL_RCC_ClockConfig                      0x080015a5   Thumb Code   318  stm32f1xx_hal_rcc.o(i.HAL_RCC_ClockConfig)
    HAL_RCC_GetClockConfig                   0x080016f9   Thumb Code    52  stm32f1xx_hal_rcc.o(i.HAL_RCC_GetClockConfig)
    HAL_RCC_GetHCLKFreq                      0x08001735   Thumb Code     6  stm32f1xx_hal_rcc.o(i.HAL_RCC_GetHCLKFreq)
    HAL_RCC_GetPCLK1Freq                     0x08001741   Thumb Code    22  stm32f1xx_hal_rcc.o(i.HAL_RCC_GetPCLK1Freq)
    HAL_RCC_GetPCLK2Freq                     0x08001761   Thumb Code    22  stm32f1xx_hal_rcc.o(i.HAL_RCC_GetPCLK2Freq)
    HAL_RCC_GetSysClockFreq                  0x08001781   Thumb Code    82  stm32f1xx_hal_rcc.o(i.HAL_RCC_GetSysClockFreq)
    HAL_RCC_OscConfig                        0x080017f5   Thumb Code   882  stm32f1xx_hal_rcc.o(i.HAL_RCC_OscConfig)
    HAL_TIMEx_BreakCallback                  0x08001b79   Thumb Code     2  stm32f1xx_hal_tim_ex.o(i.HAL_TIMEx_BreakCallback)
    HAL_TIMEx_CommutCallback                 0x08001b7b   Thumb Code     2  stm32f1xx_hal_tim_ex.o(i.HAL_TIMEx_CommutCallback)
    HAL_TIMEx_MasterConfigSynchronization    0x08001b7d   Thumb Code    66  stm32f1xx_hal_tim_ex.o(i.HAL_TIMEx_MasterConfigSynchronization)
    HAL_TIM_Base_Init                        0x08001bbf   Thumb Code    56  stm32f1xx_hal_tim.o(i.HAL_TIM_Base_Init)
    HAL_TIM_Base_MspInit                     0x08001bf9   Thumb Code   368  tim.o(i.HAL_TIM_Base_MspInit)
    HAL_TIM_Base_Start_IT                    0x08001d91   Thumb Code    34  stm32f1xx_hal_tim.o(i.HAL_TIM_Base_Start_IT)
    HAL_TIM_ConfigClockSource                0x08001db3   Thumb Code   226  stm32f1xx_hal_tim.o(i.HAL_TIM_ConfigClockSource)
    HAL_TIM_IC_CaptureCallback               0x08001e95   Thumb Code    16  main.o(i.HAL_TIM_IC_CaptureCallback)
    HAL_TIM_IC_ConfigChannel                 0x08001ea9   Thumb Code   188  stm32f1xx_hal_tim.o(i.HAL_TIM_IC_ConfigChannel)
    HAL_TIM_IC_Init                          0x08001f65   Thumb Code    56  stm32f1xx_hal_tim.o(i.HAL_TIM_IC_Init)
    HAL_TIM_IC_MspInit                       0x08001f9d   Thumb Code     2  stm32f1xx_hal_tim.o(i.HAL_TIM_IC_MspInit)
    HAL_TIM_IC_Start_IT                      0x08001f9f   Thumb Code    94  stm32f1xx_hal_tim.o(i.HAL_TIM_IC_Start_IT)
    HAL_TIM_IRQHandler                       0x08001ffd   Thumb Code   366  stm32f1xx_hal_tim.o(i.HAL_TIM_IRQHandler)
    HAL_TIM_MspPostInit                      0x0800216d   Thumb Code   100  tim.o(i.HAL_TIM_MspPostInit)
    HAL_TIM_OC_DelayElapsedCallback          0x080021e1   Thumb Code     2  stm32f1xx_hal_tim.o(i.HAL_TIM_OC_DelayElapsedCallback)
    HAL_TIM_PWM_ConfigChannel                0x080021e3   Thumb Code   218  stm32f1xx_hal_tim.o(i.HAL_TIM_PWM_ConfigChannel)
    HAL_TIM_PWM_Init                         0x080022bd   Thumb Code    56  stm32f1xx_hal_tim.o(i.HAL_TIM_PWM_Init)
    HAL_TIM_PWM_MspInit                      0x080022f5   Thumb Code     2  stm32f1xx_hal_tim.o(i.HAL_TIM_PWM_MspInit)
    HAL_TIM_PWM_PulseFinishedCallback        0x080022f9   Thumb Code    46  stepper_motor_con.o(i.HAL_TIM_PWM_PulseFinishedCallback)
    HAL_TIM_PWM_Start_IT                     0x0800232d   Thumb Code   116  stm32f1xx_hal_tim.o(i.HAL_TIM_PWM_Start_IT)
    HAL_TIM_PWM_Stop_IT                      0x080023a9   Thumb Code   136  stm32f1xx_hal_tim.o(i.HAL_TIM_PWM_Stop_IT)
    HAL_TIM_PeriodElapsedCallback            0x08002439   Thumb Code    58  main.o(i.HAL_TIM_PeriodElapsedCallback)
    HAL_TIM_TriggerCallback                  0x08002485   Thumb Code     2  stm32f1xx_hal_tim.o(i.HAL_TIM_TriggerCallback)
    HAL_UART_DMAStop                         0x08002487   Thumb Code    88  stm32f1xx_hal_uart.o(i.HAL_UART_DMAStop)
    HAL_UART_ErrorCallback                   0x080024df   Thumb Code     2  stm32f1xx_hal_uart.o(i.HAL_UART_ErrorCallback)
    HAL_UART_IRQHandler                      0x080024e1   Thumb Code   268  stm32f1xx_hal_uart.o(i.HAL_UART_IRQHandler)
    HAL_UART_Init                            0x080025f1   Thumb Code   100  stm32f1xx_hal_uart.o(i.HAL_UART_Init)
    HAL_UART_MspInit                         0x08002655   Thumb Code   570  usart.o(i.HAL_UART_MspInit)
    HAL_UART_Receive_DMA                     0x080028b9   Thumb Code   142  stm32f1xx_hal_uart.o(i.HAL_UART_Receive_DMA)
    HAL_UART_RxCpltCallback                  0x08002955   Thumb Code     2  stm32f1xx_hal_uart.o(i.HAL_UART_RxCpltCallback)
    HAL_UART_RxHalfCpltCallback              0x08002957   Thumb Code     2  stm32f1xx_hal_uart.o(i.HAL_UART_RxHalfCpltCallback)
    HAL_UART_Transmit                        0x08002959   Thumb Code   204  stm32f1xx_hal_uart.o(i.HAL_UART_Transmit)
    HAL_UART_Transmit_DMA                    0x08002a25   Thumb Code   126  stm32f1xx_hal_uart.o(i.HAL_UART_Transmit_DMA)
    HAL_UART_TxCpltCallback                  0x08002ab1   Thumb Code     2  stm32f1xx_hal_uart.o(i.HAL_UART_TxCpltCallback)
    HAL_UART_TxHalfCpltCallback              0x08002ab3   Thumb Code     2  stm32f1xx_hal_uart.o(i.HAL_UART_TxHalfCpltCallback)
    HardFault_Handler                        0x08002ab5   Thumb Code     2  stm32f1xx_it.o(i.HardFault_Handler)
    JY61_Set_Yaw_Zero                        0x08002ab9   Thumb Code    10  bsp_uart.o(i.JY61_Set_Yaw_Zero)
    JY61_Uart_Callback_Handle                0x08002acd   Thumb Code   450  bsp_uart.o(i.JY61_Uart_Callback_Handle)
    KS109_Init                               0x08002ca5   Thumb Code   306  ultrasonic.o(i.KS109_Init)
    KS109_Uart_Callback_Handle               0x08002dd9   Thumb Code    40  ultrasonic.o(i.KS109_Uart_Callback_Handle)
    LEONARD_USART2_UART_Init                 0x08002e05   Thumb Code    48  usart.o(i.LEONARD_USART2_UART_Init)
    LEONARD_USART3_UART_Init                 0x08002e3d   Thumb Code    48  usart.o(i.LEONARD_USART3_UART_Init)
    LeonardDelayInit                         0x08002e75   Thumb Code    10  leonard_delay.o(i.LeonardDelayInit)
    LeonardDelayUs                           0x08002e85   Thumb Code    62  leonard_delay.o(i.LeonardDelayUs)
    MX_DAC_Init                              0x08002ec9   Thumb Code    68  dac.o(i.MX_DAC_Init)
    MX_DMA_Init                              0x08002f15   Thumb Code   120  dma.o(i.MX_DMA_Init)
    MX_FREERTOS_Init                         0x08002f91   Thumb Code   128  freertos.o(i.MX_FREERTOS_Init)
    MX_GPIO_Init                             0x0800301d   Thumb Code   266  gpio.o(i.MX_GPIO_Init)
    MX_TIM1_Init                             0x0800313d   Thumb Code   144  tim.o(i.MX_TIM1_Init)
    MX_TIM2_Init                             0x080031d5   Thumb Code   178  tim.o(i.MX_TIM2_Init)
    MX_TIM3_Init                             0x0800328d   Thumb Code   144  tim.o(i.MX_TIM3_Init)
    MX_TIM5_Init                             0x08003325   Thumb Code   144  tim.o(i.MX_TIM5_Init)
    MX_TIM6_Init                             0x080033bd   Thumb Code    62  tim.o(i.MX_TIM6_Init)
    MX_TIM8_Init                             0x08003405   Thumb Code   144  tim.o(i.MX_TIM8_Init)
    MX_USART1_UART_Init                      0x0800349d   Thumb Code    48  usart.o(i.MX_USART1_UART_Init)
    MX_USART2_UART_Init                      0x080034d5   Thumb Code    48  usart.o(i.MX_USART2_UART_Init)
    MX_USART3_UART_Init                      0x0800350d   Thumb Code    48  usart.o(i.MX_USART3_UART_Init)
    MemManage_Handler                        0x08003545   Thumb Code     2  stm32f1xx_it.o(i.MemManage_Handler)
    MotorGoAhead                             0x08003547   Thumb Code    14  motor_con.o(i.MotorGoAhead)
    MotorGoBack                              0x08003555   Thumb Code    14  motor_con.o(i.MotorGoBack)
    MotorInit                                0x08003565   Thumb Code   132  motor_con.o(i.MotorInit)
    MotorSetOut                              0x080035fd   Thumb Code   106  motor_con.o(i.MotorSetOut)
    MotorStart                               0x08003671   Thumb Code    10  motor_con.o(i.MotorStart)
    MotorStop                                0x0800367b   Thumb Code    10  motor_con.o(i.MotorStop)
    MotorTIMHandler                          0x08003685   Thumb Code    84  motor_con.o(i.MotorTIMHandler)
    NMI_Handler                              0x080036e5   Thumb Code     2  stm32f1xx_it.o(i.NMI_Handler)
    ProtocolFillPack                         0x080036e7   Thumb Code    52  protocol.o(i.ProtocolFillPack)
    ProtocolPack                             0x0800371b   Thumb Code    54  protocol.o(i.ProtocolPack)
    Read_KS109_Cmd                           0x08003775   Thumb Code    56  ultrasonic.o(i.Read_KS109_Cmd)
    Read_KS109_Range                         0x080037b1   Thumb Code    28  ultrasonic.o(i.Read_KS109_Range)
    Read_Range_Task                          0x080037d1   Thumb Code   538  read_range_task.o(i.Read_Range_Task)
    ReceiveHandle                            0x08003a01   Thumb Code   202  protocol.o(i.ReceiveHandle)
    Remote_Receive_Task                      0x08003ad1   Thumb Code   200  remote_receive_task.o(i.Remote_Receive_Task)
    StartDefaultTask                         0x08003ba5   Thumb Code    12  freertos.o(i.StartDefaultTask)
    StepperMotorICTIMHandler                 0x08003bb1   Thumb Code    78  stepper_motor_con.o(i.StepperMotorICTIMHandler)
    StepperMotorInit                         0x08003c05   Thumb Code   162  stepper_motor_con.o(i.StepperMotorInit)
    StepperMotorRotate                       0x08003cd1   Thumb Code   138  stepper_motor_con.o(i.StepperMotorRotate)
    StepperMotorRotateHandle                 0x08003d61   Thumb Code    86  stepper_motor_con.o(i.StepperMotorRotateHandle)
    StepperMotorXRotate                      0x08003db9   Thumb Code   140  stepper_motor_con.o(i.StepperMotorXRotate)
    StepperMotorZero                         0x08003e51   Thumb Code   232  stepper_motor_con.o(i.StepperMotorZero)
    SysTick_Handler                          0x08003f3d   Thumb Code    38  port.o(i.SysTick_Handler)
    Sys_Uart_Init                            0x08003f69   Thumb Code   154  bsp_uart.o(i.Sys_Uart_Init)
    SystemClock_Config                       0x08004019   Thumb Code    94  main.o(i.SystemClock_Config)
    SystemInit                               0x08004079   Thumb Code    56  system_stm32f1xx.o(i.SystemInit)
    TIM1_CC_IRQHandler                       0x080040c1   Thumb Code     6  stm32f1xx_it.o(i.TIM1_CC_IRQHandler)
    TIM2_IRQHandler                          0x080040cd   Thumb Code     6  stm32f1xx_it.o(i.TIM2_IRQHandler)
    TIM3_IRQHandler                          0x080040d9   Thumb Code     6  stm32f1xx_it.o(i.TIM3_IRQHandler)
    TIM4_IRQHandler                          0x080040e5   Thumb Code     6  stm32f1xx_it.o(i.TIM4_IRQHandler)
    TIM5_IRQHandler                          0x080040f1   Thumb Code     6  stm32f1xx_it.o(i.TIM5_IRQHandler)
    TIM6_IRQHandler                          0x080040fd   Thumb Code     6  stm32f1xx_it.o(i.TIM6_IRQHandler)
    TIM8_CC_IRQHandler                       0x08004109   Thumb Code     6  stm32f1xx_it.o(i.TIM8_CC_IRQHandler)
    TIM_Base_SetConfig                       0x08004115   Thumb Code   124  stm32f1xx_hal_tim.o(i.TIM_Base_SetConfig)
    TIM_CCxChannelCmd                        0x080041a5   Thumb Code    26  stm32f1xx_hal_tim.o(i.TIM_CCxChannelCmd)
    TIM_ETR_SetConfig                        0x080041bf   Thumb Code    20  stm32f1xx_hal_tim.o(i.TIM_ETR_SetConfig)
    TIM_OC2_SetConfig                        0x0800424d   Thumb Code   106  stm32f1xx_hal_tim.o(i.TIM_OC2_SetConfig)
    TIM_TI1_SetConfig                        0x080043a9   Thumb Code    88  stm32f1xx_hal_tim.o(i.TIM_TI1_SetConfig)
    Transmit_Chassis_Msg                     0x080044d9   Thumb Code    76  bsp_uart.o(i.Transmit_Chassis_Msg)
    Transmit_Cmd_All_KS109                   0x08004531   Thumb Code    24  ultrasonic.o(i.Transmit_Cmd_All_KS109)
    Transmit_KS109_Cmd                       0x08004549   Thumb Code    50  bsp_uart.o(i.Transmit_KS109_Cmd)
    Transmit_Observe_Msg                     0x08004589   Thumb Code    32  bsp_uart.o(i.Transmit_Observe_Msg)
    USART1_IRQHandler                        0x0800494d   Thumb Code    18  stm32f1xx_it.o(i.USART1_IRQHandler)
    USART2_IRQHandler                        0x08004965   Thumb Code    18  stm32f1xx_it.o(i.USART2_IRQHandler)
    USART3_IRQHandler                        0x0800497d   Thumb Code    18  stm32f1xx_it.o(i.USART3_IRQHandler)
    Uart_Rx_Idle_Callback                    0x08004995   Thumb Code   260  bsp_uart.o(i.Uart_Rx_Idle_Callback)
    Upper_Sys_Uart_Callback_Handle           0x08004aad   Thumb Code     6  bsp_uart.o(i.Upper_Sys_Uart_Callback_Handle)
    UsageFault_Handler                       0x08004ab3   Thumb Code     2  stm32f1xx_it.o(i.UsageFault_Handler)
    __ARM_fpclassify                         0x08004ab5   Thumb Code    40  fpclassify.o(i.__ARM_fpclassify)
    __ieee754_rem_pio2                       0x08004afd   Thumb Code   828  rred.o(i.__ieee754_rem_pio2)
    __kernel_cos                             0x08004e85   Thumb Code   230  cos_i.o(i.__kernel_cos)
    __kernel_poly                            0x08004f81   Thumb Code   170  poly.o(i.__kernel_poly)
    __kernel_sin                             0x0800502d   Thumb Code   224  sin_i.o(i.__kernel_sin)
    __mathlib_dbl_infnan                     0x08005119   Thumb Code     6  dunder.o(i.__mathlib_dbl_infnan)
    __mathlib_dbl_invalid                    0x0800511f   Thumb Code    12  dunder.o(i.__mathlib_dbl_invalid)
    __mathlib_dbl_underflow                  0x0800512d   Thumb Code    10  dunder.o(i.__mathlib_dbl_underflow)
    __scatterload_copy                       0x0800513d   Thumb Code    14  handlers.o(i.__scatterload_copy)
    __scatterload_null                       0x0800514b   Thumb Code     2  handlers.o(i.__scatterload_null)
    __scatterload_zeroinit                   0x0800514d   Thumb Code    14  handlers.o(i.__scatterload_zeroinit)
    __set_errno                              0x0800515d   Thumb Code     6  errno.o(i.__set_errno)
    cos                                      0x08005169   Thumb Code   148  cos.o(i.cos)
    main                                     0x08005205   Thumb Code   202  main.o(i.main)
    osDelay                                  0x080052f1   Thumb Code    16  cmsis_os.o(i.osDelay)
    osKernelStart                            0x08005301   Thumb Code    10  cmsis_os.o(i.osKernelStart)
    osThreadCreate                           0x0800530b   Thumb Code    46  cmsis_os.o(i.osThreadCreate)
    pvPortMalloc                             0x08005681   Thumb Code   208  heap_4.o(i.pvPortMalloc)
    pxPortInitialiseStack                    0x08005755   Thumb Code    24  port.o(i.pxPortInitialiseStack)
    sin                                      0x08005771   Thumb Code   150  sin.o(i.sin)
    uxListRemove                             0x08005811   Thumb Code    38  list.o(i.uxListRemove)
    vListInitialise                          0x08005837   Thumb Code    22  list.o(i.vListInitialise)
    vListInitialiseItem                      0x0800584d   Thumb Code     6  list.o(i.vListInitialiseItem)
    vListInsert                              0x08005853   Thumb Code    48  list.o(i.vListInsert)
    vListInsertEnd                           0x08005883   Thumb Code    24  list.o(i.vListInsertEnd)
    vPortEnterCritical                       0x0800589d   Thumb Code    54  port.o(i.vPortEnterCritical)
    vPortExitCritical                        0x080058dd   Thumb Code    38  port.o(i.vPortExitCritical)
    vPortFree                                0x08005909   Thumb Code    88  heap_4.o(i.vPortFree)
    vPortSetupTimerInterrupt                 0x08005965   Thumb Code    32  port.o(i.vPortSetupTimerInterrupt)
    vTaskDelay                               0x08005989   Thumb Code    70  tasks.o(i.vTaskDelay)
    vTaskStartScheduler                      0x080059d9   Thumb Code    86  tasks.o(i.vTaskStartScheduler)
    vTaskSuspendAll                          0x08005a41   Thumb Code    10  tasks.o(i.vTaskSuspendAll)
    vTaskSwitchContext                       0x08005a51   Thumb Code    86  tasks.o(i.vTaskSwitchContext)
    xPortStartScheduler                      0x08005ab1   Thumb Code   154  port.o(i.xPortStartScheduler)
    xTaskCreate                              0x08005b59   Thumb Code    96  tasks.o(i.xTaskCreate)
    xTaskIncrementTick                       0x08005bb9   Thumb Code   196  tasks.o(i.xTaskIncrementTick)
    xTaskResumeAll                           0x08005c85   Thumb Code   192  tasks.o(i.xTaskResumeAll)
    crc_tab16                                0x08005d50   Data         512  crc_transmit.o(.constdata)
    crc_tab32                                0x08005f50   Data        1024  crc_transmit.o(.constdata)
    AHBPrescTable                            0x080063b4   Data          16  system_stm32f1xx.o(.constdata)
    APBPrescTable                            0x080063c4   Data           8  system_stm32f1xx.o(.constdata)
    Region$$Table$$Base                      0x08006538   Number         0  anon$$obj.o(Region$$Table)
    Region$$Table$$Limit                     0x08006558   Number         0  anon$$obj.o(Region$$Table)
    vl                                       0x20000000   Data           4  drive_task.o(.data)
    vr                                       0x20000004   Data           4  drive_task.o(.data)
    scale_factor                             0x20000008   Data           4  drive_task.o(.data)
    remote_cmd                               0x2000000c   Data           1  remote_receive_task.o(.data)
    chassis_mode                             0x2000000f   Data           1  orchard_rover_sys.o(.data)
    set_yaw_zero_cmd                         0x20000010   Data           3  bsp_uart.o(.data)
    cam_angle                                0x2000001c   Data           7  protocol.o(.data)
    tempStr                                  0x20000023   Data           4  main.o(.data)
    DriveTaskHandle                          0x20000028   Data           4  freertos.o(.data)
    EncoderTaskHandle                        0x2000002c   Data           4  freertos.o(.data)
    RemoteReceiveTaskHandle                  0x20000030   Data           4  freertos.o(.data)
    ReadRangeTaskHandle                      0x20000034   Data           4  freertos.o(.data)
    defaultTaskHandle                        0x20000038   Data           4  freertos.o(.data)
    uwTickFreq                               0x2000003c   Data           1  stm32f1xx_hal.o(.data)
    uwTickPrio                               0x20000040   Data           4  stm32f1xx_hal.o(.data)
    uwTick                                   0x20000044   Data           4  stm32f1xx_hal.o(.data)
    SystemCoreClock                          0x20000048   Data           4  system_stm32f1xx.o(.data)
    pxCurrentTCB                             0x2000004c   Data           4  tasks.o(.data)
    last_p                                   0x200000b0   Data          16  remote_receive_task.o(.bss)
    motorTask                                0x200000c0   Data          24  read_range_task.o(.bss)
    observe_info                             0x200000d8   Data          10  read_range_task.o(.bss)
    upper_sys_uart_rx_buff                   0x200000e8   Data          50  bsp_uart.o(.bss)
    upper_sys_uart_tx_buff                   0x2000011a   Data          50  bsp_uart.o(.bss)
    JY61_uart_buff                           0x2000014c   Data          50  bsp_uart.o(.bss)
    observe_sys_uart_rx_buff                 0x2000017e   Data          50  bsp_uart.o(.bss)
    observe_sys_uart_tx_buff                 0x200001b0   Data          50  bsp_uart.o(.bss)
    KS109_uart_rx_buffs                      0x200001e2   Data          10  bsp_uart.o(.bss)
    KS109_uart_tx_buffs                      0x200001ec   Data          10  bsp_uart.o(.bss)
    JY61_data                                0x200001f8   Data          72  bsp_uart.o(.bss)
    pose                                     0x20000240   Data          24  motor_con.o(.bss)
    motorCon                                 0x20000258   Data         112  motor_con.o(.bss)
    rangeSensors                             0x200002c8   Data          12  ultrasonic.o(.bss)
    stepMotCon                               0x200002d8   Data         144  stepper_motor_con.o(.bss)
    test_info                                0x20000368   Data          10  protocol.o(.bss)
    protocol_packet                          0x20000372   Data          50  protocol.o(.bss)
    hdac                                     0x200003a4   Data          20  dac.o(.bss)
    htim1                                    0x200003b8   Data          64  tim.o(.bss)
    htim2                                    0x200003f8   Data          64  tim.o(.bss)
    htim3                                    0x20000438   Data          64  tim.o(.bss)
    htim5                                    0x20000478   Data          64  tim.o(.bss)
    htim6                                    0x200004b8   Data          64  tim.o(.bss)
    htim8                                    0x200004f8   Data          64  tim.o(.bss)
    huart1                                   0x20000538   Data          64  usart.o(.bss)
    huart2                                   0x20000578   Data          64  usart.o(.bss)
    huart3                                   0x200005b8   Data          64  usart.o(.bss)
    hdma_usart1_rx                           0x200005f8   Data          68  usart.o(.bss)
    hdma_usart1_tx                           0x2000063c   Data          68  usart.o(.bss)
    hdma_usart2_rx                           0x20000680   Data          68  usart.o(.bss)
    hdma_usart2_tx                           0x200006c4   Data          68  usart.o(.bss)
    hdma_usart3_rx                           0x20000708   Data          68  usart.o(.bss)
    hdma_usart3_tx                           0x2000074c   Data          68  usart.o(.bss)
    htim4                                    0x20000790   Data          64  stm32f1xx_hal_timebase_tim.o(.bss)
    __initial_sp                             0x200018c0   Data           0  startup_stm32f103xe.o(STACK)



==============================================================================

Memory Map of the image

  Image Entry point : 0x08000131

  Load Region LR_IROM1 (Base: 0x08000000, Size: 0x00006608, Max: 0x00080000, ABSOLUTE)

    Execution Region ER_IROM1 (Exec base: 0x08000000, Load base: 0x08000000, Size: 0x00006558, Max: 0x00080000, ABSOLUTE)

    Exec Addr    Load Addr    Size         Type   Attr      Idx    E Section Name        Object

    0x08000000   0x08000000   0x00000130   Data   RO            3    RESET               startup_stm32f103xe.o
    0x08000130   0x08000130   0x00000000   Code   RO         5240  * .ARM.Collect$$$$00000000  mc_w.l(entry.o)
    0x08000130   0x08000130   0x00000004   Code   RO         5309    .ARM.Collect$$$$00000001  mc_w.l(entry2.o)
    0x08000134   0x08000134   0x00000004   Code   RO         5312    .ARM.Collect$$$$00000004  mc_w.l(entry5.o)
    0x08000138   0x08000138   0x00000000   Code   RO         5314    .ARM.Collect$$$$00000008  mc_w.l(entry7b.o)
    0x08000138   0x08000138   0x00000000   Code   RO         5316    .ARM.Collect$$$$0000000A  mc_w.l(entry8b.o)
    0x08000138   0x08000138   0x00000008   Code   RO         5317    .ARM.Collect$$$$0000000B  mc_w.l(entry9a.o)
    0x08000140   0x08000140   0x00000000   Code   RO         5319    .ARM.Collect$$$$0000000D  mc_w.l(entry10a.o)
    0x08000140   0x08000140   0x00000000   Code   RO         5321    .ARM.Collect$$$$0000000F  mc_w.l(entry11a.o)
    0x08000140   0x08000140   0x00000004   Code   RO         5310    .ARM.Collect$$$$00002712  mc_w.l(entry2.o)
    0x08000144   0x08000144   0x00000096   Code   RO         5139    .emb_text           port.o
    0x080001da   0x080001da   0x00000002   PAD
    0x080001dc   0x080001dc   0x00000024   Code   RO            4    .text               startup_stm32f103xe.o
    0x08000200   0x08000200   0x00000020   Code   RO         5243    .text               mc_w.l(llushr.o)
    0x08000220   0x08000220   0x00000024   Code   RO         5245    .text               mc_w.l(memcpya.o)
    0x08000244   0x08000244   0x00000024   Code   RO         5249    .text               mc_w.l(memseta.o)
    0x08000268   0x08000268   0x00000064   Code   RO         5255    .text               mf_w.l(fmul.o)
    0x080002cc   0x080002cc   0x0000014e   Code   RO         5259    .text               mf_w.l(dadd.o)
    0x0800041a   0x0800041a   0x000000e4   Code   RO         5261    .text               mf_w.l(dmul.o)
    0x080004fe   0x080004fe   0x000000de   Code   RO         5263    .text               mf_w.l(ddiv.o)
    0x080005dc   0x080005dc   0x0000002e   Code   RO         5265    .text               mf_w.l(dscalb.o)
    0x0800060a   0x0800060a   0x0000000a   Code   RO         5267    .text               mf_w.l(ffltui.o)
    0x08000614   0x08000614   0x00000022   Code   RO         5269    .text               mf_w.l(dflti.o)
    0x08000636   0x08000636   0x00000032   Code   RO         5271    .text               mf_w.l(ffixi.o)
    0x08000668   0x08000668   0x0000003e   Code   RO         5273    .text               mf_w.l(dfixi.o)
    0x080006a6   0x080006a6   0x00000002   PAD
    0x080006a8   0x080006a8   0x00000030   Code   RO         5275    .text               mf_w.l(cdcmple.o)
    0x080006d8   0x080006d8   0x0000001e   Code   RO         5323    .text               mc_w.l(llshl.o)
    0x080006f6   0x080006f6   0x00000024   Code   RO         5325    .text               mc_w.l(llsshr.o)
    0x0800071a   0x0800071a   0x00000000   Code   RO         5334    .text               mc_w.l(iusefp.o)
    0x0800071a   0x0800071a   0x0000006e   Code   RO         5335    .text               mf_w.l(fepilogue.o)
    0x08000788   0x08000788   0x000000ba   Code   RO         5337    .text               mf_w.l(depilogue.o)
    0x08000842   0x08000842   0x00000002   PAD
    0x08000844   0x08000844   0x00000024   Code   RO         5345    .text               mc_w.l(init.o)
    0x08000868   0x08000868   0x0000001a   Code   RO         5347    .text               mf_w.l(dfltui.o)
    0x08000882   0x08000882   0x00000002   Code   RO         1180    i.BusFault_Handler  stm32f1xx_it.o
    0x08000884   0x08000884   0x0000001c   Code   RO          445    i.CRC32Calc         crc_transmit.o
    0x080008a0   0x080008a0   0x00000018   Code   RO          446    i.CRC32Update       crc_transmit.o
    0x080008b8   0x080008b8   0x00000010   Code   RO          448    i.CRCTailCheck      crc_transmit.o
    0x080008c8   0x080008c8   0x0000000c   Code   RO         1181    i.DMA1_Channel2_IRQHandler  stm32f1xx_it.o
    0x080008d4   0x080008d4   0x0000000c   Code   RO         1182    i.DMA1_Channel3_IRQHandler  stm32f1xx_it.o
    0x080008e0   0x080008e0   0x0000000c   Code   RO         1183    i.DMA1_Channel4_IRQHandler  stm32f1xx_it.o
    0x080008ec   0x080008ec   0x0000000c   Code   RO         1184    i.DMA1_Channel5_IRQHandler  stm32f1xx_it.o
    0x080008f8   0x080008f8   0x0000000c   Code   RO         1185    i.DMA1_Channel6_IRQHandler  stm32f1xx_it.o
    0x08000904   0x08000904   0x0000000c   Code   RO         1186    i.DMA1_Channel7_IRQHandler  stm32f1xx_it.o
    0x08000910   0x08000910   0x0000002c   Code   RO         3314    i.DMA_SetConfig     stm32f1xx_hal_dma.o
    0x0800093c   0x0800093c   0x0000005c   Code   RO          791    i.DataHandle        protocol.o
    0x08000998   0x08000998   0x00000002   Code   RO         1187    i.DebugMon_Handler  stm32f1xx_it.o
    0x0800099a   0x0800099a   0x00000002   PAD
    0x0800099c   0x0800099c   0x000000ac   Code   RO           13    i.Drive_Task        drive_task.o
    0x08000a48   0x08000a48   0x000000c4   Code   RO          498    i.EncoderDateCalc   motor_con.o
    0x08000b0c   0x08000b0c   0x0000000c   Code   RO          225    i.Encoder_Task      encoder_task.o
    0x08000b18   0x08000b18   0x00000002   Code   RO          849    i.Error_Handler     main.o
    0x08000b1a   0x08000b1a   0x00000002   PAD
    0x08000b1c   0x08000b1c   0x00000024   Code   RO          361    i.Forward_Upper_Msg_To_Observe  bsp_uart.o
    0x08000b40   0x08000b40   0x00000010   Code   RO          255    i.GetRemoteCmd      remote_receive_task.o
    0x08000b50   0x08000b50   0x0000000c   Code   RO          362    i.Get_Yaw_Angle     bsp_uart.o
    0x08000b5c   0x08000b5c   0x0000004e   Code   RO         1436    i.HAL_DAC_ConfigChannel  stm32f1xx_hal_dac.o
    0x08000baa   0x08000baa   0x0000002a   Code   RO         1446    i.HAL_DAC_Init      stm32f1xx_hal_dac.o
    0x08000bd4   0x08000bd4   0x00000058   Code   RO          933    i.HAL_DAC_MspInit   dac.o
    0x08000c2c   0x08000c2c   0x00000020   Code   RO         1449    i.HAL_DAC_SetValue  stm32f1xx_hal_dac.o
    0x08000c4c   0x08000c4c   0x0000005e   Code   RO         1450    i.HAL_DAC_Start     stm32f1xx_hal_dac.o
    0x08000caa   0x08000caa   0x00000046   Code   RO         3315    i.HAL_DMA_Abort     stm32f1xx_hal_dma.o
    0x08000cf0   0x08000cf0   0x00000150   Code   RO         3316    i.HAL_DMA_Abort_IT  stm32f1xx_hal_dma.o
    0x08000e40   0x08000e40   0x000002a0   Code   RO         3320    i.HAL_DMA_IRQHandler  stm32f1xx_hal_dma.o
    0x080010e0   0x080010e0   0x00000080   Code   RO         3321    i.HAL_DMA_Init      stm32f1xx_hal_dma.o
    0x08001160   0x08001160   0x00000074   Code   RO         3325    i.HAL_DMA_Start_IT  stm32f1xx_hal_dma.o
    0x080011d4   0x080011d4   0x00000024   Code   RO         2938    i.HAL_Delay         stm32f1xx_hal.o
    0x080011f8   0x080011f8   0x00000214   Code   RO         3251    i.HAL_GPIO_Init     stm32f1xx_hal_gpio.o
    0x0800140c   0x0800140c   0x0000000e   Code   RO         3253    i.HAL_GPIO_ReadPin  stm32f1xx_hal_gpio.o
    0x0800141a   0x0800141a   0x0000000e   Code   RO         3255    i.HAL_GPIO_WritePin  stm32f1xx_hal_gpio.o
    0x08001428   0x08001428   0x0000000c   Code   RO         2942    i.HAL_GetTick       stm32f1xx_hal.o
    0x08001434   0x08001434   0x00000010   Code   RO         2948    i.HAL_IncTick       stm32f1xx_hal.o
    0x08001444   0x08001444   0x00000024   Code   RO         2949    i.HAL_Init          stm32f1xx_hal.o
    0x08001468   0x08001468   0x00000074   Code   RO         1358    i.HAL_InitTick      stm32f1xx_hal_timebase_tim.o
    0x080014dc   0x080014dc   0x00000048   Code   RO         1334    i.HAL_MspInit       stm32f1xx_hal_msp.o
    0x08001524   0x08001524   0x0000001a   Code   RO         3411    i.HAL_NVIC_EnableIRQ  stm32f1xx_hal_cortex.o
    0x0800153e   0x0800153e   0x00000002   PAD
    0x08001540   0x08001540   0x00000040   Code   RO         3417    i.HAL_NVIC_SetPriority  stm32f1xx_hal_cortex.o
    0x08001580   0x08001580   0x00000024   Code   RO         3418    i.HAL_NVIC_SetPriorityGrouping  stm32f1xx_hal_cortex.o
    0x080015a4   0x080015a4   0x00000154   Code   RO         3106    i.HAL_RCC_ClockConfig  stm32f1xx_hal_rcc.o
    0x080016f8   0x080016f8   0x0000003c   Code   RO         3110    i.HAL_RCC_GetClockConfig  stm32f1xx_hal_rcc.o
    0x08001734   0x08001734   0x0000000c   Code   RO         3111    i.HAL_RCC_GetHCLKFreq  stm32f1xx_hal_rcc.o
    0x08001740   0x08001740   0x00000020   Code   RO         3113    i.HAL_RCC_GetPCLK1Freq  stm32f1xx_hal_rcc.o
    0x08001760   0x08001760   0x00000020   Code   RO         3114    i.HAL_RCC_GetPCLK2Freq  stm32f1xx_hal_rcc.o
    0x08001780   0x08001780   0x00000074   Code   RO         3115    i.HAL_RCC_GetSysClockFreq  stm32f1xx_hal_rcc.o
    0x080017f4   0x080017f4   0x00000384   Code   RO         3118    i.HAL_RCC_OscConfig  stm32f1xx_hal_rcc.o
    0x08001b78   0x08001b78   0x00000002   Code   RO         2349    i.HAL_TIMEx_BreakCallback  stm32f1xx_hal_tim_ex.o
    0x08001b7a   0x08001b7a   0x00000002   Code   RO         2350    i.HAL_TIMEx_CommutCallback  stm32f1xx_hal_tim_ex.o
    0x08001b7c   0x08001b7c   0x00000042   Code   RO         2367    i.HAL_TIMEx_MasterConfigSynchronization  stm32f1xx_hal_tim_ex.o
    0x08001bbe   0x08001bbe   0x00000038   Code   RO         1663    i.HAL_TIM_Base_Init  stm32f1xx_hal_tim.o
    0x08001bf6   0x08001bf6   0x00000002   PAD
    0x08001bf8   0x08001bf8   0x00000198   Code   RO         1037    i.HAL_TIM_Base_MspInit  tim.o
    0x08001d90   0x08001d90   0x00000022   Code   RO         1668    i.HAL_TIM_Base_Start_IT  stm32f1xx_hal_tim.o
    0x08001db2   0x08001db2   0x000000e2   Code   RO         1672    i.HAL_TIM_ConfigClockSource  stm32f1xx_hal_tim.o
    0x08001e94   0x08001e94   0x00000014   Code   RO          850    i.HAL_TIM_IC_CaptureCallback  main.o
    0x08001ea8   0x08001ea8   0x000000bc   Code   RO         1694    i.HAL_TIM_IC_ConfigChannel  stm32f1xx_hal_tim.o
    0x08001f64   0x08001f64   0x00000038   Code   RO         1697    i.HAL_TIM_IC_Init   stm32f1xx_hal_tim.o
    0x08001f9c   0x08001f9c   0x00000002   Code   RO         1699    i.HAL_TIM_IC_MspInit  stm32f1xx_hal_tim.o
    0x08001f9e   0x08001f9e   0x0000005e   Code   RO         1702    i.HAL_TIM_IC_Start_IT  stm32f1xx_hal_tim.o
    0x08001ffc   0x08001ffc   0x0000016e   Code   RO         1706    i.HAL_TIM_IRQHandler  stm32f1xx_hal_tim.o
    0x0800216a   0x0800216a   0x00000002   PAD
    0x0800216c   0x0800216c   0x00000074   Code   RO         1038    i.HAL_TIM_MspPostInit  tim.o
    0x080021e0   0x080021e0   0x00000002   Code   RO         1709    i.HAL_TIM_OC_DelayElapsedCallback  stm32f1xx_hal_tim.o
    0x080021e2   0x080021e2   0x000000da   Code   RO         1730    i.HAL_TIM_PWM_ConfigChannel  stm32f1xx_hal_tim.o
    0x080022bc   0x080022bc   0x00000038   Code   RO         1733    i.HAL_TIM_PWM_Init  stm32f1xx_hal_tim.o
    0x080022f4   0x080022f4   0x00000002   Code   RO         1735    i.HAL_TIM_PWM_MspInit  stm32f1xx_hal_tim.o
    0x080022f6   0x080022f6   0x00000002   PAD
    0x080022f8   0x080022f8   0x00000034   Code   RO          725    i.HAL_TIM_PWM_PulseFinishedCallback  stepper_motor_con.o
    0x0800232c   0x0800232c   0x0000007c   Code   RO         1740    i.HAL_TIM_PWM_Start_IT  stm32f1xx_hal_tim.o
    0x080023a8   0x080023a8   0x00000090   Code   RO         1743    i.HAL_TIM_PWM_Stop_IT  stm32f1xx_hal_tim.o
    0x08002438   0x08002438   0x0000004c   Code   RO          851    i.HAL_TIM_PeriodElapsedCallback  main.o
    0x08002484   0x08002484   0x00000002   Code   RO         1749    i.HAL_TIM_TriggerCallback  stm32f1xx_hal_tim.o
    0x08002486   0x08002486   0x00000058   Code   RO         2619    i.HAL_UART_DMAStop  stm32f1xx_hal_uart.o
    0x080024de   0x080024de   0x00000002   Code   RO         2621    i.HAL_UART_ErrorCallback  stm32f1xx_hal_uart.o
    0x080024e0   0x080024e0   0x00000110   Code   RO         2624    i.HAL_UART_IRQHandler  stm32f1xx_hal_uart.o
    0x080025f0   0x080025f0   0x00000064   Code   RO         2625    i.HAL_UART_Init     stm32f1xx_hal_uart.o
    0x08002654   0x08002654   0x00000264   Code   RO         1115    i.HAL_UART_MspInit  usart.o
    0x080028b8   0x080028b8   0x0000009c   Code   RO         2629    i.HAL_UART_Receive_DMA  stm32f1xx_hal_uart.o
    0x08002954   0x08002954   0x00000002   Code   RO         2631    i.HAL_UART_RxCpltCallback  stm32f1xx_hal_uart.o
    0x08002956   0x08002956   0x00000002   Code   RO         2632    i.HAL_UART_RxHalfCpltCallback  stm32f1xx_hal_uart.o
    0x08002958   0x08002958   0x000000cc   Code   RO         2633    i.HAL_UART_Transmit  stm32f1xx_hal_uart.o
    0x08002a24   0x08002a24   0x0000008c   Code   RO         2634    i.HAL_UART_Transmit_DMA  stm32f1xx_hal_uart.o
    0x08002ab0   0x08002ab0   0x00000002   Code   RO         2636    i.HAL_UART_TxCpltCallback  stm32f1xx_hal_uart.o
    0x08002ab2   0x08002ab2   0x00000002   Code   RO         2637    i.HAL_UART_TxHalfCpltCallback  stm32f1xx_hal_uart.o
    0x08002ab4   0x08002ab4   0x00000002   Code   RO         1188    i.HardFault_Handler  stm32f1xx_it.o
    0x08002ab6   0x08002ab6   0x00000002   PAD
    0x08002ab8   0x08002ab8   0x00000014   Code   RO          363    i.JY61_Set_Yaw_Zero  bsp_uart.o
    0x08002acc   0x08002acc   0x000001d8   Code   RO          364    i.JY61_Uart_Callback_Handle  bsp_uart.o
    0x08002ca4   0x08002ca4   0x00000132   Code   RO          674    i.KS109_Init        ultrasonic.o
    0x08002dd6   0x08002dd6   0x00000002   PAD
    0x08002dd8   0x08002dd8   0x0000002c   Code   RO          675    i.KS109_Uart_Callback_Handle  ultrasonic.o
    0x08002e04   0x08002e04   0x00000038   Code   RO         1116    i.LEONARD_USART2_UART_Init  usart.o
    0x08002e3c   0x08002e3c   0x00000038   Code   RO         1117    i.LEONARD_USART3_UART_Init  usart.o
    0x08002e74   0x08002e74   0x00000010   Code   RO          630    i.LeonardDelayInit  leonard_delay.o
    0x08002e84   0x08002e84   0x00000044   Code   RO          632    i.LeonardDelayUs    leonard_delay.o
    0x08002ec8   0x08002ec8   0x0000004c   Code   RO          934    i.MX_DAC_Init       dac.o
    0x08002f14   0x08002f14   0x0000007c   Code   RO          974    i.MX_DMA_Init       dma.o
    0x08002f90   0x08002f90   0x0000008c   Code   RO          998    i.MX_FREERTOS_Init  freertos.o
    0x0800301c   0x0800301c   0x00000120   Code   RO          908    i.MX_GPIO_Init      gpio.o
    0x0800313c   0x0800313c   0x00000098   Code   RO         1039    i.MX_TIM1_Init      tim.o
    0x080031d4   0x080031d4   0x000000b8   Code   RO         1040    i.MX_TIM2_Init      tim.o
    0x0800328c   0x0800328c   0x00000098   Code   RO         1041    i.MX_TIM3_Init      tim.o
    0x08003324   0x08003324   0x00000098   Code   RO         1042    i.MX_TIM5_Init      tim.o
    0x080033bc   0x080033bc   0x00000048   Code   RO         1043    i.MX_TIM6_Init      tim.o
    0x08003404   0x08003404   0x00000098   Code   RO         1044    i.MX_TIM8_Init      tim.o
    0x0800349c   0x0800349c   0x00000038   Code   RO         1118    i.MX_USART1_UART_Init  usart.o
    0x080034d4   0x080034d4   0x00000038   Code   RO         1119    i.MX_USART2_UART_Init  usart.o
    0x0800350c   0x0800350c   0x00000038   Code   RO         1120    i.MX_USART3_UART_Init  usart.o
    0x08003544   0x08003544   0x00000002   Code   RO         1189    i.MemManage_Handler  stm32f1xx_it.o
    0x08003546   0x08003546   0x0000000e   Code   RO          499    i.MotorGoAhead      motor_con.o
    0x08003554   0x08003554   0x0000000e   Code   RO          500    i.MotorGoBack       motor_con.o
    0x08003562   0x08003562   0x00000002   PAD
    0x08003564   0x08003564   0x00000098   Code   RO          501    i.MotorInit         motor_con.o
    0x080035fc   0x080035fc   0x00000074   Code   RO          502    i.MotorSetOut       motor_con.o
    0x08003670   0x08003670   0x0000000a   Code   RO          503    i.MotorStart        motor_con.o
    0x0800367a   0x0800367a   0x0000000a   Code   RO          504    i.MotorStop         motor_con.o
    0x08003684   0x08003684   0x00000060   Code   RO          505    i.MotorTIMHandler   motor_con.o
    0x080036e4   0x080036e4   0x00000002   Code   RO         1190    i.NMI_Handler       stm32f1xx_it.o
    0x080036e6   0x080036e6   0x00000034   Code   RO          792    i.ProtocolFillPack  protocol.o
    0x0800371a   0x0800371a   0x00000036   Code   RO          793    i.ProtocolPack      protocol.o
    0x08003750   0x08003750   0x00000024   Code   RO         3119    i.RCC_Delay         stm32f1xx_hal_rcc.o
    0x08003774   0x08003774   0x0000003c   Code   RO          676    i.Read_KS109_Cmd    ultrasonic.o
    0x080037b0   0x080037b0   0x00000020   Code   RO          677    i.Read_KS109_Range  ultrasonic.o
    0x080037d0   0x080037d0   0x00000230   Code   RO          296    i.Read_Range_Task   read_range_task.o
    0x08003a00   0x08003a00   0x000000d0   Code   RO          794    i.ReceiveHandle     protocol.o
    0x08003ad0   0x08003ad0   0x000000d4   Code   RO          256    i.Remote_Receive_Task  remote_receive_task.o
    0x08003ba4   0x08003ba4   0x0000000c   Code   RO          999    i.StartDefaultTask  freertos.o
    0x08003bb0   0x08003bb0   0x00000054   Code   RO          726    i.StepperMotorICTIMHandler  stepper_motor_con.o
    0x08003c04   0x08003c04   0x000000cc   Code   RO          727    i.StepperMotorInit  stepper_motor_con.o
    0x08003cd0   0x08003cd0   0x00000090   Code   RO          728    i.StepperMotorRotate  stepper_motor_con.o
    0x08003d60   0x08003d60   0x00000056   Code   RO          729    i.StepperMotorRotateHandle  stepper_motor_con.o
    0x08003db6   0x08003db6   0x00000002   PAD
    0x08003db8   0x08003db8   0x00000098   Code   RO          730    i.StepperMotorXRotate  stepper_motor_con.o
    0x08003e50   0x08003e50   0x000000ec   Code   RO          731    i.StepperMotorZero  stepper_motor_con.o
    0x08003f3c   0x08003f3c   0x0000002c   Code   RO         5140    i.SysTick_Handler   port.o
    0x08003f68   0x08003f68   0x000000b0   Code   RO          365    i.Sys_Uart_Init     bsp_uart.o
    0x08004018   0x08004018   0x0000005e   Code   RO          852    i.SystemClock_Config  main.o
    0x08004076   0x08004076   0x00000002   PAD
    0x08004078   0x08004078   0x00000048   Code   RO         3933    i.SystemInit        system_stm32f1xx.o
    0x080040c0   0x080040c0   0x0000000c   Code   RO         1191    i.TIM1_CC_IRQHandler  stm32f1xx_it.o
    0x080040cc   0x080040cc   0x0000000c   Code   RO         1192    i.TIM2_IRQHandler   stm32f1xx_it.o
    0x080040d8   0x080040d8   0x0000000c   Code   RO         1193    i.TIM3_IRQHandler   stm32f1xx_it.o
    0x080040e4   0x080040e4   0x0000000c   Code   RO         1194    i.TIM4_IRQHandler   stm32f1xx_it.o
    0x080040f0   0x080040f0   0x0000000c   Code   RO         1195    i.TIM5_IRQHandler   stm32f1xx_it.o
    0x080040fc   0x080040fc   0x0000000c   Code   RO         1196    i.TIM6_IRQHandler   stm32f1xx_it.o
    0x08004108   0x08004108   0x0000000c   Code   RO         1197    i.TIM8_CC_IRQHandler  stm32f1xx_it.o
    0x08004114   0x08004114   0x00000090   Code   RO         1751    i.TIM_Base_SetConfig  stm32f1xx_hal_tim.o
    0x080041a4   0x080041a4   0x0000001a   Code   RO         1752    i.TIM_CCxChannelCmd  stm32f1xx_hal_tim.o
    0x080041be   0x080041be   0x00000014   Code   RO         1762    i.TIM_ETR_SetConfig  stm32f1xx_hal_tim.o
    0x080041d2   0x080041d2   0x00000010   Code   RO         1763    i.TIM_ITRx_SetConfig  stm32f1xx_hal_tim.o
    0x080041e2   0x080041e2   0x00000002   PAD
    0x080041e4   0x080041e4   0x00000068   Code   RO         1764    i.TIM_OC1_SetConfig  stm32f1xx_hal_tim.o
    0x0800424c   0x0800424c   0x00000074   Code   RO         1765    i.TIM_OC2_SetConfig  stm32f1xx_hal_tim.o
    0x080042c0   0x080042c0   0x00000070   Code   RO         1766    i.TIM_OC3_SetConfig  stm32f1xx_hal_tim.o
    0x08004330   0x08004330   0x00000054   Code   RO         1767    i.TIM_OC4_SetConfig  stm32f1xx_hal_tim.o
    0x08004384   0x08004384   0x00000022   Code   RO         1769    i.TIM_TI1_ConfigInputStage  stm32f1xx_hal_tim.o
    0x080043a6   0x080043a6   0x00000002   PAD
    0x080043a8   0x080043a8   0x0000006c   Code   RO         1770    i.TIM_TI1_SetConfig  stm32f1xx_hal_tim.o
    0x08004414   0x08004414   0x00000024   Code   RO         1771    i.TIM_TI2_ConfigInputStage  stm32f1xx_hal_tim.o
    0x08004438   0x08004438   0x00000036   Code   RO         1772    i.TIM_TI2_SetConfig  stm32f1xx_hal_tim.o
    0x0800446e   0x0800446e   0x00000032   Code   RO         1773    i.TIM_TI3_SetConfig  stm32f1xx_hal_tim.o
    0x080044a0   0x080044a0   0x00000038   Code   RO         1774    i.TIM_TI4_SetConfig  stm32f1xx_hal_tim.o
    0x080044d8   0x080044d8   0x00000058   Code   RO          366    i.Transmit_Chassis_Msg  bsp_uart.o
    0x08004530   0x08004530   0x00000018   Code   RO          678    i.Transmit_Cmd_All_KS109  ultrasonic.o
    0x08004548   0x08004548   0x00000040   Code   RO          367    i.Transmit_KS109_Cmd  bsp_uart.o
    0x08004588   0x08004588   0x00000028   Code   RO          368    i.Transmit_Observe_Msg  bsp_uart.o
    0x080045b0   0x080045b0   0x00000010   Code   RO         2638    i.UART_DMAAbortOnError  stm32f1xx_hal_uart.o
    0x080045c0   0x080045c0   0x0000004a   Code   RO         2639    i.UART_DMAError     stm32f1xx_hal_uart.o
    0x0800460a   0x0800460a   0x0000003c   Code   RO         2640    i.UART_DMAReceiveCplt  stm32f1xx_hal_uart.o
    0x08004646   0x08004646   0x0000000a   Code   RO         2642    i.UART_DMARxHalfCplt  stm32f1xx_hal_uart.o
    0x08004650   0x08004650   0x0000002e   Code   RO         2644    i.UART_DMATransmitCplt  stm32f1xx_hal_uart.o
    0x0800467e   0x0800467e   0x0000000a   Code   RO         2646    i.UART_DMATxHalfCplt  stm32f1xx_hal_uart.o
    0x08004688   0x08004688   0x0000001c   Code   RO         2648    i.UART_EndRxTransfer  stm32f1xx_hal_uart.o
    0x080046a4   0x080046a4   0x0000001a   Code   RO         2649    i.UART_EndTransmit_IT  stm32f1xx_hal_uart.o
    0x080046be   0x080046be   0x00000012   Code   RO         2650    i.UART_EndTxTransfer  stm32f1xx_hal_uart.o
    0x080046d0   0x080046d0   0x0000009c   Code   RO         2651    i.UART_Receive_IT   stm32f1xx_hal_uart.o
    0x0800476c   0x0800476c   0x00000114   Code   RO         2652    i.UART_SetConfig    stm32f1xx_hal_uart.o
    0x08004880   0x08004880   0x00000066   Code   RO         2653    i.UART_Transmit_IT  stm32f1xx_hal_uart.o
    0x080048e6   0x080048e6   0x00000064   Code   RO         2654    i.UART_WaitOnFlagUntilTimeout  stm32f1xx_hal_uart.o
    0x0800494a   0x0800494a   0x00000002   PAD
    0x0800494c   0x0800494c   0x00000018   Code   RO         1198    i.USART1_IRQHandler  stm32f1xx_it.o
    0x08004964   0x08004964   0x00000018   Code   RO         1199    i.USART2_IRQHandler  stm32f1xx_it.o
    0x0800497c   0x0800497c   0x00000018   Code   RO         1200    i.USART3_IRQHandler  stm32f1xx_it.o
    0x08004994   0x08004994   0x00000118   Code   RO          369    i.Uart_Rx_Idle_Callback  bsp_uart.o
    0x08004aac   0x08004aac   0x00000006   Code   RO          370    i.Upper_Sys_Uart_Callback_Handle  bsp_uart.o
    0x08004ab2   0x08004ab2   0x00000002   Code   RO         1201    i.UsageFault_Handler  stm32f1xx_it.o
    0x08004ab4   0x08004ab4   0x00000028   Code   RO         5341    i.__ARM_fpclassify  m_ws.l(fpclassify.o)
    0x08004adc   0x08004adc   0x00000020   Code   RO         3424    i.__NVIC_SetPriority  stm32f1xx_hal_cortex.o
    0x08004afc   0x08004afc   0x00000388   Code   RO         5298    i.__ieee754_rem_pio2  m_ws.l(rred.o)
    0x08004e84   0x08004e84   0x000000fc   Code   RO         5281    i.__kernel_cos      m_ws.l(cos_i.o)
    0x08004f80   0x08004f80   0x000000aa   Code   RO         5343    i.__kernel_poly     m_ws.l(poly.o)
    0x0800502a   0x0800502a   0x00000002   PAD
    0x0800502c   0x0800502c   0x000000ec   Code   RO         5303    i.__kernel_sin      m_ws.l(sin_i.o)
    0x08005118   0x08005118   0x00000006   Code   RO         5285    i.__mathlib_dbl_infnan  m_ws.l(dunder.o)
    0x0800511e   0x0800511e   0x0000000c   Code   RO         5287    i.__mathlib_dbl_invalid  m_ws.l(dunder.o)
    0x0800512a   0x0800512a   0x00000002   PAD
    0x0800512c   0x0800512c   0x00000010   Code   RO         5290    i.__mathlib_dbl_underflow  m_ws.l(dunder.o)
    0x0800513c   0x0800513c   0x0000000e   Code   RO         5351    i.__scatterload_copy  mc_w.l(handlers.o)
    0x0800514a   0x0800514a   0x00000002   Code   RO         5352    i.__scatterload_null  mc_w.l(handlers.o)
    0x0800514c   0x0800514c   0x0000000e   Code   RO         5353    i.__scatterload_zeroinit  mc_w.l(handlers.o)
    0x0800515a   0x0800515a   0x00000002   PAD
    0x0800515c   0x0800515c   0x0000000c   Code   RO         5329    i.__set_errno       mc_w.l(errno.o)
    0x08005168   0x08005168   0x0000009c   Code   RO         5217    i.cos               m_ws.l(cos.o)
    0x08005204   0x08005204   0x000000e0   Code   RO          853    i.main              main.o
    0x080052e4   0x080052e4   0x0000000c   Code   RO         4711    i.makeFreeRtosPriority  cmsis_os.o
    0x080052f0   0x080052f0   0x00000010   Code   RO         4713    i.osDelay           cmsis_os.o
    0x08005300   0x08005300   0x0000000a   Code   RO         4716    i.osKernelStart     cmsis_os.o
    0x0800530a   0x0800530a   0x0000002e   Code   RO         4750    i.osThreadCreate    cmsis_os.o
    0x08005338   0x08005338   0x00000070   Code   RO         4403    i.prvAddCurrentTaskToDelayedList  tasks.o
    0x080053a8   0x080053a8   0x00000088   Code   RO         4404    i.prvAddNewTaskToReadyList  tasks.o
    0x08005430   0x08005430   0x0000003c   Code   RO         4405    i.prvCheckTasksWaitingTermination  tasks.o
    0x0800546c   0x0800546c   0x00000014   Code   RO         4406    i.prvDeleteTCB      tasks.o
    0x08005480   0x08005480   0x0000004c   Code   RO         5078    i.prvHeapInit       heap_4.o
    0x080054cc   0x080054cc   0x00000028   Code   RO         4407    i.prvIdleTask       tasks.o
    0x080054f4   0x080054f4   0x0000008e   Code   RO         4408    i.prvInitialiseNewTask  tasks.o
    0x08005582   0x08005582   0x00000002   PAD
    0x08005584   0x08005584   0x00000058   Code   RO         4409    i.prvInitialiseTaskLists  tasks.o
    0x080055dc   0x080055dc   0x00000054   Code   RO         5079    i.prvInsertBlockIntoFreeList  heap_4.o
    0x08005630   0x08005630   0x00000024   Code   RO         4410    i.prvResetNextTaskUnblockTime  tasks.o
    0x08005654   0x08005654   0x0000002c   Code   RO         5141    i.prvTaskExitError  port.o
    0x08005680   0x08005680   0x000000d4   Code   RO         5080    i.pvPortMalloc      heap_4.o
    0x08005754   0x08005754   0x0000001c   Code   RO         5142    i.pxPortInitialiseStack  port.o
    0x08005770   0x08005770   0x000000a0   Code   RO         5233    i.sin               m_ws.l(sin.o)
    0x08005810   0x08005810   0x00000026   Code   RO         4065    i.uxListRemove      list.o
    0x08005836   0x08005836   0x00000016   Code   RO         4066    i.vListInitialise   list.o
    0x0800584c   0x0800584c   0x00000006   Code   RO         4067    i.vListInitialiseItem  list.o
    0x08005852   0x08005852   0x00000030   Code   RO         4068    i.vListInsert       list.o
    0x08005882   0x08005882   0x00000018   Code   RO         4069    i.vListInsertEnd    list.o
    0x0800589a   0x0800589a   0x00000002   PAD
    0x0800589c   0x0800589c   0x00000040   Code   RO         5144    i.vPortEnterCritical  port.o
    0x080058dc   0x080058dc   0x0000002c   Code   RO         5145    i.vPortExitCritical  port.o
    0x08005908   0x08005908   0x0000005c   Code   RO         5081    i.vPortFree         heap_4.o
    0x08005964   0x08005964   0x00000024   Code   RO         5146    i.vPortSetupTimerInterrupt  port.o
    0x08005988   0x08005988   0x00000050   Code   RO         4418    i.vTaskDelay        tasks.o
    0x080059d8   0x080059d8   0x00000068   Code   RO         4431    i.vTaskStartScheduler  tasks.o
    0x08005a40   0x08005a40   0x00000010   Code   RO         4433    i.vTaskSuspendAll   tasks.o
    0x08005a50   0x08005a50   0x00000060   Code   RO         4434    i.vTaskSwitchContext  tasks.o
    0x08005ab0   0x08005ab0   0x000000a8   Code   RO         5148    i.xPortStartScheduler  port.o
    0x08005b58   0x08005b58   0x00000060   Code   RO         4436    i.xTaskCreate       tasks.o
    0x08005bb8   0x08005bb8   0x000000cc   Code   RO         4443    i.xTaskIncrementTick  tasks.o
    0x08005c84   0x08005c84   0x000000cc   Code   RO         4449    i.xTaskResumeAll    tasks.o
    0x08005d50   0x08005d50   0x00000600   Data   RO          449    .constdata          crc_transmit.o
    0x08006350   0x08006350   0x00000064   Data   RO         1000    .constdata          freertos.o
    0x080063b4   0x080063b4   0x00000010   Data   RO         3934    .constdata          system_stm32f1xx.o
    0x080063c4   0x080063c4   0x00000008   Data   RO         3935    .constdata          system_stm32f1xx.o
    0x080063cc   0x080063cc   0x00000004   PAD
    0x080063d0   0x080063d0   0x00000030   Data   RO         5282    .constdata          m_ws.l(cos_i.o)
    0x08006400   0x08006400   0x000000c8   Data   RO         5300    .constdata          m_ws.l(rred.o)
    0x080064c8   0x080064c8   0x00000028   Data   RO         5304    .constdata          m_ws.l(sin_i.o)
    0x080064f0   0x080064f0   0x00000048   Data   RO         1001    .conststring        freertos.o
    0x08006538   0x08006538   0x00000020   Data   RO         5349    Region$$Table       anon$$obj.o


    Execution Region RW_IRAM1 (Exec base: 0x20000000, Load base: 0x08006558, Size: 0x000018c0, Max: 0x00010000, ABSOLUTE)

    Exec Addr    Load Addr    Size         Type   Attr      Idx    E Section Name        Object

    0x20000000   0x08006558   0x0000000c   Data   RW           14    .data               drive_task.o
    0x2000000c   0x08006564   0x00000001   Data   RW          258    .data               remote_receive_task.o
    0x2000000d   0x08006565   0x00000002   Data   RW          298    .data               read_range_task.o
    0x2000000f   0x08006567   0x00000001   Data   RW          337    .data               orchard_rover_sys.o
    0x20000010   0x08006568   0x00000003   Data   RW          372    .data               bsp_uart.o
    0x20000013   0x0800656b   0x00000001   PAD
    0x20000014   0x0800656c   0x00000008   Data   RW          634    .data               leonard_delay.o
    0x2000001c   0x08006574   0x00000007   Data   RW          796    .data               protocol.o
    0x20000023   0x0800657b   0x00000004   Data   RW          856    .data               main.o
    0x20000027   0x0800657f   0x00000001   PAD
    0x20000028   0x08006580   0x00000014   Data   RW         1002    .data               freertos.o
    0x2000003c   0x08006594   0x0000000c   Data   RW         2956    .data               stm32f1xx_hal.o
    0x20000048   0x080065a0   0x00000004   Data   RW         3936    .data               system_stm32f1xx.o
    0x2000004c   0x080065a4   0x0000003c   Data   RW         4452    .data               tasks.o
    0x20000088   0x080065e0   0x00000018   Data   RW         5086    .data               heap_4.o
    0x200000a0   0x080065f8   0x0000000c   Data   RW         5149    .data               port.o
    0x200000ac   0x08006604   0x00000004   Data   RW         5330    .data               mc_w.l(errno.o)
    0x200000b0        -       0x00000010   Zero   RW          257    .bss                remote_receive_task.o
    0x200000c0        -       0x00000022   Zero   RW          297    .bss                read_range_task.o
    0x200000e2   0x08006608   0x00000006   PAD
    0x200000e8        -       0x00000158   Zero   RW          371    .bss                bsp_uart.o
    0x20000240        -       0x00000088   Zero   RW          508    .bss                motor_con.o
    0x200002c8        -       0x0000000c   Zero   RW          679    .bss                ultrasonic.o
    0x200002d4   0x08006608   0x00000004   PAD
    0x200002d8        -       0x00000090   Zero   RW          732    .bss                stepper_motor_con.o
    0x20000368        -       0x0000003c   Zero   RW          795    .bss                protocol.o
    0x200003a4        -       0x00000014   Zero   RW          935    .bss                dac.o
    0x200003b8        -       0x00000180   Zero   RW         1045    .bss                tim.o
    0x20000538        -       0x00000258   Zero   RW         1121    .bss                usart.o
    0x20000790        -       0x00000040   Zero   RW         1361    .bss                stm32f1xx_hal_timebase_tim.o
    0x200007d0        -       0x000000f0   Zero   RW         4451    .bss                tasks.o
    0x200008c0        -       0x00000c00   Zero   RW         5085    .bss                heap_4.o
    0x200014c0        -       0x00000400   Zero   RW            1    STACK               startup_stm32f103xe.o


==============================================================================

Image component sizes


      Code (inc. data)   RO Data    RW Data    ZI Data      Debug   Object Name

      1194        120          0          3        344       7011   bsp_uart.o
        84          0          0          0          0      12243   cmsis_os.o
        68          6       1536          0          0       2446   crc_transmit.o
       164         20          0          0         20       1507   dac.o
       124          4          0          0          0        734   dma.o
       172         32          0         12          0     503550   drive_task.o
        12          0          0          0          0        435   encoder_task.o
         0          0          0          0          0       9488   event_groups.o
       152         12        172         20          0       5780   freertos.o
       288         22          0          0          0        979   gpio.o
       464         22          0         24       3072       7223   heap_4.o
        84         12          0          8          0       1264   leonard_delay.o
       138          0          0          0          0       3294   list.o
       416         44          0          4          0       3336   main.o
       608         58          0          0        136       5297   motor_con.o
         0          0          0          1          0        219   orchard_rover_sys.o
       578         60          0         12          0      10104   port.o
       406         18          0          7         60       4549   protocol.o
       560         22          0          2         34       2247   read_range_task.o
       228         18          0          1         16       1745   remote_receive_task.o
        36          8        304          0       1024        784   startup_stm32f103xe.o
       958         76          0          0        144       5728   stepper_motor_con.o
       100         18          0         12          0       5706   stm32f1xx_hal.o
       158         14          0          0          0      28166   stm32f1xx_hal_cortex.o
       246          0          0          0          0       3286   stm32f1xx_hal_dac.o
      1366         52          0          0          0       5286   stm32f1xx_hal_dma.o
       560         40          0          0          0       3407   stm32f1xx_hal_gpio.o
        72         10          0          0          0        826   stm32f1xx_hal_msp.o
      1528        114          0          0          0       7113   stm32f1xx_hal_rcc.o
      2530         92          0          0          0      21060   stm32f1xx_hal_tim.o
        70          0          0          0          0       2321   stm32f1xx_hal_tim_ex.o
       116         16          0          0         64       1371   stm32f1xx_hal_timebase_tim.o
      1892         36          0          0          0      16285   stm32f1xx_hal_uart.o
       240         96          0          0          0       9127   stm32f1xx_it.o
        72         16         24          4          0       1103   system_stm32f1xx.o
      1434        118          0         60        240      15173   tasks.o
      1388        104          0          0        384       5965   tim.o
       466         12          0          0         12       3214   ultrasonic.o
       892         82          0          0        600       4376   usart.o

    ----------------------------------------------------------------------
     19898       1374       2072        172       6160     723748   Object Totals
         0          0         32          0          0          0   (incl. Generated)
        34          0          4          2         10          0   (incl. Padding)

    ----------------------------------------------------------------------

      Code (inc. data)   RO Data    RW Data    ZI Data      Debug   Library Member Name

       156          8          0          0          0        104   cos.o
       252         22         48          0          0        124   cos_i.o
        34          6          0          0          0        204   dunder.o
        40          0          0          0          0         68   fpclassify.o
       170          0          0          0          0         96   poly.o
       904         76        200          0          0        140   rred.o
       160         10          0          0          0        108   sin.o
       236         12         40          0          0        128   sin_i.o
         0          0          0          0          0          0   entry.o
         0          0          0          0          0          0   entry10a.o
         0          0          0          0          0          0   entry11a.o
         8          4          0          0          0          0   entry2.o
         4          0          0          0          0          0   entry5.o
         0          0          0          0          0          0   entry7b.o
         0          0          0          0          0          0   entry8b.o
         8          4          0          0          0          0   entry9a.o
        12          6          0          4          0         68   errno.o
        30          0          0          0          0          0   handlers.o
        36          8          0          0          0         68   init.o
         0          0          0          0          0          0   iusefp.o
        30          0          0          0          0         68   llshl.o
        36          0          0          0          0         68   llsshr.o
        32          0          0          0          0         68   llushr.o
        36          0          0          0          0         68   memcpya.o
        36          0          0          0          0        108   memseta.o
        48          0          0          0          0         68   cdcmple.o
       334          0          0          0          0        148   dadd.o
       222          0          0          0          0        100   ddiv.o
       186          0          0          0          0        176   depilogue.o
        62          0          0          0          0         80   dfixi.o
        34          0          0          0          0         76   dflti.o
        26          0          0          0          0         76   dfltui.o
       228          0          0          0          0         96   dmul.o
        46          0          0          0          0         80   dscalb.o
       110          0          0          0          0        168   fepilogue.o
        50          0          0          0          0         68   ffixi.o
        10          0          0          0          0         68   ffltui.o
       100          0          0          0          0         76   fmul.o

    ----------------------------------------------------------------------
      3686        156        288          4          0       2768   Library Totals
        10          0          0          0          0          0   (incl. Padding)

    ----------------------------------------------------------------------

      Code (inc. data)   RO Data    RW Data    ZI Data      Debug   Library Name

      1952        134        288          0          0        972   m_ws.l
       268         22          0          4          0        516   mc_w.l
      1456          0          0          0          0       1280   mf_w.l

    ----------------------------------------------------------------------
      3686        156        288          4          0       2768   Library Totals

    ----------------------------------------------------------------------

==============================================================================


      Code (inc. data)   RO Data    RW Data    ZI Data      Debug   

     23584       1530       2360        176       6160     714292   Grand Totals
     23584       1530       2360        176       6160     714292   ELF Image Totals
     23584       1530       2360        176          0          0   ROM Totals

==============================================================================

    Total RO  Size (Code + RO Data)                25944 (  25.34kB)
    Total RW  Size (RW Data + ZI Data)              6336 (   6.19kB)
    Total ROM Size (Code + RO Data + RW Data)      26120 (  25.51kB)

==============================================================================

